V3 6
FL C:/Users/CS152B/Desktop/cs152b/Lab3/Lab3/synthesis/parallel_run/hdl/system_lmb_bram_wrapper.vhd 2018/10/24.12:15:31 P.68d
EN work/system_lmb_bram_wrapper 1540408588 \
      FL C:/Users/CS152B/Desktop/cs152b/Lab3/Lab3/synthesis/parallel_run/hdl/system_lmb_bram_wrapper.vhd \
      PB ieee/std_logic_1164 1370735607 LB UNISIM PH unisim/VCOMPONENTS 1370735613 \
      LB lmb_bram_elaborate_v1_00_a
AR work/system_lmb_bram_wrapper/STRUCTURE 1540408589 \
      FL C:/Users/CS152B/Desktop/cs152b/Lab3/Lab3/synthesis/parallel_run/hdl/system_lmb_bram_wrapper.vhd \
      EN work/system_lmb_bram_wrapper 1540408588 CP lmb_bram_elaborate
