--------------------------------------------------------------------------------
Release 14.6 Trace  (nt64)
Copyright (c) 1995-2013 Xilinx, Inc.  All rights reserved.

C:\Xilinx\14.6\ISE_DS\ISE\bin\nt64\unwrapped\trce.exe -intstyle ise -v 3 -s 2
-n 3 -fastpaths -xml softmax.twx softmax.ncd -o softmax.twr softmax.pcf

Design file:              softmax.ncd
Physical constraint file: softmax.pcf
Device,package,speed:     xc5vlx50t,ff1136,-2 (PRODUCTION 1.73 2013-06-08, STEPPING level 0)
Report level:             verbose report

Environment Variable      Effect 
--------------------      ------ 
NONE                      No environment variables were set
--------------------------------------------------------------------------------

INFO:Timing:2698 - No timing constraints found, doing default enumeration.
INFO:Timing:3412 - To improve timing, see the Timing Closure User Guide (UG612).
INFO:Timing:2752 - To get complete path coverage, use the unconstrained paths 
   option. All paths that are not constrained will be reported in the 
   unconstrained paths section(s) of the report.
INFO:Timing:3339 - The clock-to-out numbers in this timing report are based on 
   a 50 Ohm transmission line loading model.  For the details of this model, 
   and for more information on accounting for different loading conditions, 
   please see the device datasheet.



Data Sheet report:
-----------------
All values displayed in nanoseconds (ns)

Setup/Hold to clock clk
---------------+------------+------------+------------------+--------+
               |Max Setup to|Max Hold to |                  | Clock  |
Source         | clk (edge) | clk (edge) |Internal Clock(s) | Phase  |
---------------+------------+------------+------------------+--------+
backprop_ctrl  |    4.842(R)|    1.695(R)|clk_BUFGP         |   0.000|
sf_input<0>    |    2.184(R)|    1.944(R)|clk_BUFGP         |   0.000|
sf_input<1>    |    1.052(R)|    2.155(R)|clk_BUFGP         |   0.000|
sf_input<2>    |    1.305(R)|    2.406(R)|clk_BUFGP         |   0.000|
sf_input<3>    |    1.160(R)|    2.262(R)|clk_BUFGP         |   0.000|
sf_input<4>    |    1.388(R)|    2.256(R)|clk_BUFGP         |   0.000|
sf_input<5>    |    1.678(R)|    1.940(R)|clk_BUFGP         |   0.000|
sf_input<6>    |    1.150(R)|    2.114(R)|clk_BUFGP         |   0.000|
sf_input<7>    |    1.503(R)|    2.072(R)|clk_BUFGP         |   0.000|
sf_input<8>    |    1.312(R)|    2.269(R)|clk_BUFGP         |   0.000|
sf_input<9>    |    1.612(R)|    2.251(R)|clk_BUFGP         |   0.000|
sf_input<10>   |    1.565(R)|    2.404(R)|clk_BUFGP         |   0.000|
sf_input<11>   |    1.743(R)|    2.182(R)|clk_BUFGP         |   0.000|
sf_input<12>   |    1.416(R)|    2.123(R)|clk_BUFGP         |   0.000|
sf_input<13>   |    1.352(R)|    2.257(R)|clk_BUFGP         |   0.000|
sf_input<14>   |    1.220(R)|    2.311(R)|clk_BUFGP         |   0.000|
sf_input<15>   |    0.993(R)|    2.349(R)|clk_BUFGP         |   0.000|
sf_input<16>   |    0.851(R)|    1.602(R)|clk_BUFGP         |   0.000|
sf_input<17>   |    1.350(R)|    1.166(R)|clk_BUFGP         |   0.000|
sf_input<18>   |    1.520(R)|    1.533(R)|clk_BUFGP         |   0.000|
sf_input<19>   |    1.051(R)|    1.494(R)|clk_BUFGP         |   0.000|
sf_input<20>   |    1.547(R)|    2.265(R)|clk_BUFGP         |   0.000|
sf_input<21>   |    1.058(R)|    1.935(R)|clk_BUFGP         |   0.000|
sf_input<22>   |    1.449(R)|    2.151(R)|clk_BUFGP         |   0.000|
sf_input<23>   |    1.005(R)|    2.085(R)|clk_BUFGP         |   0.000|
sf_input<24>   |    1.149(R)|    1.993(R)|clk_BUFGP         |   0.000|
sf_input<25>   |    1.002(R)|    1.973(R)|clk_BUFGP         |   0.000|
sf_input<26>   |    1.313(R)|    2.253(R)|clk_BUFGP         |   0.000|
sf_input<27>   |    1.388(R)|    2.239(R)|clk_BUFGP         |   0.000|
sf_input<28>   |    1.266(R)|    1.609(R)|clk_BUFGP         |   0.000|
sf_input<29>   |    1.701(R)|    1.638(R)|clk_BUFGP         |   0.000|
sf_input<30>   |    1.300(R)|    1.862(R)|clk_BUFGP         |   0.000|
sf_input_idx<0>|    3.374(R)|    1.353(R)|clk_BUFGP         |   0.000|
sf_input_idx<1>|    3.867(R)|    1.196(R)|clk_BUFGP         |   0.000|
sf_input_idx<2>|    4.421(R)|    1.015(R)|clk_BUFGP         |   0.000|
sf_input_idx<3>|    4.230(R)|    0.991(R)|clk_BUFGP         |   0.000|
start          |    5.376(R)|    1.475(R)|clk_BUFGP         |   0.000|
---------------+------------+------------+------------------+--------+

Clock clk to Pad
------------+------------+------------------+--------+
            | clk (edge) |                  | Clock  |
Destination |   to PAD   |Internal Clock(s) | Phase  |
------------+------------+------------------+--------+
dbg2<0>     |   11.638(R)|clk_BUFGP         |   0.000|
dbg2<1>     |   10.023(R)|clk_BUFGP         |   0.000|
dbg2<2>     |    9.896(R)|clk_BUFGP         |   0.000|
dbg2<3>     |   10.248(R)|clk_BUFGP         |   0.000|
dbg2<4>     |   10.496(R)|clk_BUFGP         |   0.000|
dbg2<5>     |    9.821(R)|clk_BUFGP         |   0.000|
dbg2<6>     |   10.876(R)|clk_BUFGP         |   0.000|
dbg2<7>     |    9.965(R)|clk_BUFGP         |   0.000|
dbg2<8>     |   11.137(R)|clk_BUFGP         |   0.000|
dbg2<9>     |   11.154(R)|clk_BUFGP         |   0.000|
dbg2<10>    |   10.315(R)|clk_BUFGP         |   0.000|
dbg2<11>    |   10.686(R)|clk_BUFGP         |   0.000|
dbg2<12>    |   11.537(R)|clk_BUFGP         |   0.000|
dbg2<13>    |   10.864(R)|clk_BUFGP         |   0.000|
dbg2<14>    |   11.771(R)|clk_BUFGP         |   0.000|
dbg2<15>    |   11.243(R)|clk_BUFGP         |   0.000|
dbg2<16>    |   11.474(R)|clk_BUFGP         |   0.000|
dbg2<17>    |   12.026(R)|clk_BUFGP         |   0.000|
dbg2<18>    |   11.430(R)|clk_BUFGP         |   0.000|
dbg2<19>    |   11.848(R)|clk_BUFGP         |   0.000|
dbg2<20>    |   12.450(R)|clk_BUFGP         |   0.000|
dbg2<21>    |   11.971(R)|clk_BUFGP         |   0.000|
dbg2<22>    |   12.337(R)|clk_BUFGP         |   0.000|
dbg2<23>    |   12.437(R)|clk_BUFGP         |   0.000|
dbg2<24>    |   10.751(R)|clk_BUFGP         |   0.000|
dbg2<25>    |   10.730(R)|clk_BUFGP         |   0.000|
dbg2<26>    |   10.686(R)|clk_BUFGP         |   0.000|
dbg2<27>    |   10.860(R)|clk_BUFGP         |   0.000|
dbg2<28>    |   10.961(R)|clk_BUFGP         |   0.000|
dbg2<29>    |   11.414(R)|clk_BUFGP         |   0.000|
dbg2<30>    |   11.303(R)|clk_BUFGP         |   0.000|
dbg2<31>    |   10.341(R)|clk_BUFGP         |   0.000|
dbg3<0>     |    8.455(R)|clk_BUFGP         |   0.000|
dbg3<1>     |    9.070(R)|clk_BUFGP         |   0.000|
dbg3<2>     |    8.632(R)|clk_BUFGP         |   0.000|
dbg3<3>     |    8.603(R)|clk_BUFGP         |   0.000|
dbg4<0>     |    8.442(R)|clk_BUFGP         |   0.000|
dbg4<1>     |    7.639(R)|clk_BUFGP         |   0.000|
dbg4<2>     |    8.610(R)|clk_BUFGP         |   0.000|
dbg4<3>     |    8.587(R)|clk_BUFGP         |   0.000|
dbg4<4>     |    8.665(R)|clk_BUFGP         |   0.000|
dbg4<5>     |    7.688(R)|clk_BUFGP         |   0.000|
dbg4<6>     |    7.694(R)|clk_BUFGP         |   0.000|
dbg4<7>     |    7.695(R)|clk_BUFGP         |   0.000|
dbg4<8>     |    8.618(R)|clk_BUFGP         |   0.000|
dbg4<9>     |    7.642(R)|clk_BUFGP         |   0.000|
dbg4<10>    |    8.600(R)|clk_BUFGP         |   0.000|
dbg4<11>    |    7.658(R)|clk_BUFGP         |   0.000|
dbg4<12>    |    7.472(R)|clk_BUFGP         |   0.000|
dbg4<13>    |    8.450(R)|clk_BUFGP         |   0.000|
dbg4<14>    |    8.336(R)|clk_BUFGP         |   0.000|
dbg4<15>    |    7.352(R)|clk_BUFGP         |   0.000|
dbg4<16>    |    8.423(R)|clk_BUFGP         |   0.000|
dbg4<17>    |    8.085(R)|clk_BUFGP         |   0.000|
dbg4<18>    |    8.433(R)|clk_BUFGP         |   0.000|
dbg4<19>    |    8.548(R)|clk_BUFGP         |   0.000|
dbg4<20>    |    8.191(R)|clk_BUFGP         |   0.000|
dbg4<21>    |    8.781(R)|clk_BUFGP         |   0.000|
dbg4<22>    |    8.355(R)|clk_BUFGP         |   0.000|
dbg4<23>    |    8.572(R)|clk_BUFGP         |   0.000|
dbg4<24>    |    8.327(R)|clk_BUFGP         |   0.000|
dbg4<25>    |    8.558(R)|clk_BUFGP         |   0.000|
dbg4<26>    |    8.356(R)|clk_BUFGP         |   0.000|
dbg4<27>    |    8.344(R)|clk_BUFGP         |   0.000|
dbg4<28>    |    8.463(R)|clk_BUFGP         |   0.000|
dbg4<29>    |    8.292(R)|clk_BUFGP         |   0.000|
dbg4<30>    |    7.328(R)|clk_BUFGP         |   0.000|
dbg4<31>    |    7.313(R)|clk_BUFGP         |   0.000|
dbg<0>      |    9.009(R)|clk_BUFGP         |   0.000|
dbg<1>      |    7.628(R)|clk_BUFGP         |   0.000|
dbg<2>      |    8.518(R)|clk_BUFGP         |   0.000|
in_ready    |    7.625(R)|clk_BUFGP         |   0.000|
max<0>      |    8.151(R)|clk_BUFGP         |   0.000|
max<1>      |    8.747(R)|clk_BUFGP         |   0.000|
max<2>      |    8.790(R)|clk_BUFGP         |   0.000|
max<3>      |    8.303(R)|clk_BUFGP         |   0.000|
max_ready   |    7.989(R)|clk_BUFGP         |   0.000|
out_data<0> |   11.769(R)|clk_BUFGP         |   0.000|
out_data<1> |   11.702(R)|clk_BUFGP         |   0.000|
out_data<2> |   11.812(R)|clk_BUFGP         |   0.000|
out_data<3> |   11.309(R)|clk_BUFGP         |   0.000|
out_data<4> |   12.468(R)|clk_BUFGP         |   0.000|
out_data<5> |   11.334(R)|clk_BUFGP         |   0.000|
out_data<6> |   11.885(R)|clk_BUFGP         |   0.000|
out_data<7> |   12.219(R)|clk_BUFGP         |   0.000|
out_data<8> |   11.919(R)|clk_BUFGP         |   0.000|
out_data<9> |   12.672(R)|clk_BUFGP         |   0.000|
out_data<10>|   11.888(R)|clk_BUFGP         |   0.000|
out_data<11>|   12.163(R)|clk_BUFGP         |   0.000|
out_data<12>|   12.395(R)|clk_BUFGP         |   0.000|
out_data<13>|   12.273(R)|clk_BUFGP         |   0.000|
out_data<14>|   13.279(R)|clk_BUFGP         |   0.000|
out_data<15>|   12.614(R)|clk_BUFGP         |   0.000|
out_data<16>|   12.819(R)|clk_BUFGP         |   0.000|
out_data<17>|   12.908(R)|clk_BUFGP         |   0.000|
out_data<18>|   13.529(R)|clk_BUFGP         |   0.000|
out_data<19>|   13.117(R)|clk_BUFGP         |   0.000|
out_data<20>|   13.632(R)|clk_BUFGP         |   0.000|
out_data<21>|   13.629(R)|clk_BUFGP         |   0.000|
out_data<22>|   14.167(R)|clk_BUFGP         |   0.000|
out_data<23>|   13.884(R)|clk_BUFGP         |   0.000|
out_data<24>|   13.352(R)|clk_BUFGP         |   0.000|
out_data<25>|   13.806(R)|clk_BUFGP         |   0.000|
out_data<26>|   13.977(R)|clk_BUFGP         |   0.000|
out_data<27>|   13.716(R)|clk_BUFGP         |   0.000|
out_data<28>|   14.527(R)|clk_BUFGP         |   0.000|
out_data<29>|   13.928(R)|clk_BUFGP         |   0.000|
out_data<30>|   13.866(R)|clk_BUFGP         |   0.000|
out_data<31>|   11.394(R)|clk_BUFGP         |   0.000|
out_idx<0>  |    9.193(R)|clk_BUFGP         |   0.000|
out_idx<1>  |    9.031(R)|clk_BUFGP         |   0.000|
out_idx<2>  |    8.912(R)|clk_BUFGP         |   0.000|
out_idx<3>  |    8.559(R)|clk_BUFGP         |   0.000|
out_ready   |    7.751(R)|clk_BUFGP         |   0.000|
------------+------------+------------------+--------+

Clock to Setup on destination clock clk
---------------+---------+---------+---------+---------+
               | Src:Rise| Src:Fall| Src:Rise| Src:Fall|
Source Clock   |Dest:Rise|Dest:Rise|Dest:Fall|Dest:Fall|
---------------+---------+---------+---------+---------+
clk            |   34.040|         |         |         |
---------------+---------+---------+---------+---------+

Pad to Pad
-----------------+---------------+---------+
Source Pad       |Destination Pad|  Delay  |
-----------------+---------------+---------+
expected_label<0>|out_data<0>    |    6.942|
expected_label<0>|out_data<1>    |    7.282|
expected_label<0>|out_data<2>    |    6.989|
expected_label<0>|out_data<3>    |    6.749|
expected_label<0>|out_data<4>    |    7.696|
expected_label<0>|out_data<5>    |    6.640|
expected_label<0>|out_data<6>    |    6.313|
expected_label<0>|out_data<7>    |    7.127|
expected_label<0>|out_data<8>    |    6.874|
expected_label<0>|out_data<9>    |    7.917|
expected_label<0>|out_data<10>   |    7.160|
expected_label<0>|out_data<11>   |    7.517|
expected_label<0>|out_data<12>   |    6.738|
expected_label<0>|out_data<13>   |    6.450|
expected_label<0>|out_data<14>   |    7.143|
expected_label<0>|out_data<15>   |    6.992|
expected_label<0>|out_data<16>   |    7.153|
expected_label<0>|out_data<17>   |    7.106|
expected_label<0>|out_data<18>   |    7.195|
expected_label<0>|out_data<19>   |    7.417|
expected_label<0>|out_data<20>   |    7.346|
expected_label<0>|out_data<21>   |    7.761|
expected_label<0>|out_data<22>   |    7.399|
expected_label<0>|out_data<23>   |    7.414|
expected_label<0>|out_data<24>   |    6.635|
expected_label<0>|out_data<25>   |    6.700|
expected_label<0>|out_data<26>   |    7.569|
expected_label<0>|out_data<27>   |    6.816|
expected_label<0>|out_data<28>   |    7.143|
expected_label<0>|out_data<29>   |    6.995|
expected_label<0>|out_data<30>   |    6.869|
expected_label<0>|out_data<31>   |    7.154|
expected_label<1>|out_data<0>    |    6.981|
expected_label<1>|out_data<1>    |    7.321|
expected_label<1>|out_data<2>    |    7.028|
expected_label<1>|out_data<3>    |    6.788|
expected_label<1>|out_data<4>    |    7.735|
expected_label<1>|out_data<5>    |    6.679|
expected_label<1>|out_data<6>    |    6.352|
expected_label<1>|out_data<7>    |    7.166|
expected_label<1>|out_data<8>    |    6.913|
expected_label<1>|out_data<9>    |    7.956|
expected_label<1>|out_data<10>   |    7.199|
expected_label<1>|out_data<11>   |    7.556|
expected_label<1>|out_data<12>   |    6.777|
expected_label<1>|out_data<13>   |    6.489|
expected_label<1>|out_data<14>   |    7.182|
expected_label<1>|out_data<15>   |    7.031|
expected_label<1>|out_data<16>   |    7.192|
expected_label<1>|out_data<17>   |    7.145|
expected_label<1>|out_data<18>   |    7.234|
expected_label<1>|out_data<19>   |    7.456|
expected_label<1>|out_data<20>   |    7.385|
expected_label<1>|out_data<21>   |    7.800|
expected_label<1>|out_data<22>   |    7.438|
expected_label<1>|out_data<23>   |    7.453|
expected_label<1>|out_data<24>   |    6.674|
expected_label<1>|out_data<25>   |    6.739|
expected_label<1>|out_data<26>   |    7.608|
expected_label<1>|out_data<27>   |    6.855|
expected_label<1>|out_data<28>   |    7.182|
expected_label<1>|out_data<29>   |    7.034|
expected_label<1>|out_data<30>   |    6.908|
expected_label<1>|out_data<31>   |    6.975|
expected_label<2>|out_data<0>    |    7.262|
expected_label<2>|out_data<1>    |    7.602|
expected_label<2>|out_data<2>    |    7.309|
expected_label<2>|out_data<3>    |    7.069|
expected_label<2>|out_data<4>    |    8.016|
expected_label<2>|out_data<5>    |    6.960|
expected_label<2>|out_data<6>    |    6.633|
expected_label<2>|out_data<7>    |    7.447|
expected_label<2>|out_data<8>    |    7.194|
expected_label<2>|out_data<9>    |    8.237|
expected_label<2>|out_data<10>   |    7.480|
expected_label<2>|out_data<11>   |    7.837|
expected_label<2>|out_data<12>   |    7.058|
expected_label<2>|out_data<13>   |    6.770|
expected_label<2>|out_data<14>   |    7.463|
expected_label<2>|out_data<15>   |    7.312|
expected_label<2>|out_data<16>   |    7.473|
expected_label<2>|out_data<17>   |    7.426|
expected_label<2>|out_data<18>   |    7.515|
expected_label<2>|out_data<19>   |    7.737|
expected_label<2>|out_data<20>   |    7.666|
expected_label<2>|out_data<21>   |    8.081|
expected_label<2>|out_data<22>   |    7.719|
expected_label<2>|out_data<23>   |    7.734|
expected_label<2>|out_data<24>   |    6.955|
expected_label<2>|out_data<25>   |    7.020|
expected_label<2>|out_data<26>   |    7.889|
expected_label<2>|out_data<27>   |    7.136|
expected_label<2>|out_data<28>   |    7.463|
expected_label<2>|out_data<29>   |    7.315|
expected_label<2>|out_data<30>   |    7.189|
expected_label<2>|out_data<31>   |    6.752|
expected_label<3>|out_data<0>    |    7.166|
expected_label<3>|out_data<1>    |    7.506|
expected_label<3>|out_data<2>    |    7.213|
expected_label<3>|out_data<3>    |    6.973|
expected_label<3>|out_data<4>    |    7.920|
expected_label<3>|out_data<5>    |    6.864|
expected_label<3>|out_data<6>    |    6.537|
expected_label<3>|out_data<7>    |    7.351|
expected_label<3>|out_data<8>    |    7.098|
expected_label<3>|out_data<9>    |    8.141|
expected_label<3>|out_data<10>   |    7.384|
expected_label<3>|out_data<11>   |    7.741|
expected_label<3>|out_data<12>   |    6.962|
expected_label<3>|out_data<13>   |    6.674|
expected_label<3>|out_data<14>   |    7.367|
expected_label<3>|out_data<15>   |    7.216|
expected_label<3>|out_data<16>   |    7.377|
expected_label<3>|out_data<17>   |    7.330|
expected_label<3>|out_data<18>   |    7.419|
expected_label<3>|out_data<19>   |    7.641|
expected_label<3>|out_data<20>   |    7.570|
expected_label<3>|out_data<21>   |    7.985|
expected_label<3>|out_data<22>   |    7.623|
expected_label<3>|out_data<23>   |    7.638|
expected_label<3>|out_data<24>   |    6.859|
expected_label<3>|out_data<25>   |    6.924|
expected_label<3>|out_data<26>   |    7.793|
expected_label<3>|out_data<27>   |    7.040|
expected_label<3>|out_data<28>   |    7.367|
expected_label<3>|out_data<29>   |    7.219|
expected_label<3>|out_data<30>   |    7.093|
expected_label<3>|out_data<31>   |    7.378|
-----------------+---------------+---------+


Analysis completed Tue Dec 11 13:36:44 2018 
--------------------------------------------------------------------------------

Trace Settings:
-------------------------
Trace Settings 

Peak Memory Usage: 673 MB



