V3 6
FL C:/Users/CS152B/Desktop/cs152b/Lab3/Lab3/synthesis/parallel_run/hdl/system_ilmb_cntlr_wrapper.vhd 2018/10/24.12:15:31 P.68d
EN work/system_ilmb_cntlr_wrapper 1540408602 \
      FL C:/Users/CS152B/Desktop/cs152b/Lab3/Lab3/synthesis/parallel_run/hdl/system_ilmb_cntlr_wrapper.vhd \
      PB ieee/std_logic_1164 1370735607 LB UNISIM PH unisim/VCOMPONENTS 1370735613 \
      LB lmb_bram_if_cntlr_v3_10_c
AR work/system_ilmb_cntlr_wrapper/STRUCTURE 1540408603 \
      FL C:/Users/CS152B/Desktop/cs152b/Lab3/Lab3/synthesis/parallel_run/hdl/system_ilmb_cntlr_wrapper.vhd \
      EN work/system_ilmb_cntlr_wrapper 1540408602 CP lmb_bram_if_cntlr
