V3 6
FL C:/Users/CS152B/Desktop/cs152b/Lab3/Lab3/synthesis/parallel_run/hdl/system_mdm_0_wrapper.vhd 2018/10/24.12:15:31 P.68d
EN work/system_mdm_0_wrapper 1540408939 \
      FL C:/Users/CS152B/Desktop/cs152b/Lab3/Lab3/synthesis/parallel_run/hdl/system_mdm_0_wrapper.vhd \
      PB ieee/std_logic_1164 1370735607 LB UNISIM PH unisim/VCOMPONENTS 1370735613 \
      LB mdm_v2_10_a
AR work/system_mdm_0_wrapper/STRUCTURE 1540408940 \
      FL C:/Users/CS152B/Desktop/cs152b/Lab3/Lab3/synthesis/parallel_run/hdl/system_mdm_0_wrapper.vhd \
      EN work/system_mdm_0_wrapper 1540408939 CP mdm
