V3 269
FL $XILINX/hw/XilinxProcessorIPLib/pcores/mpmc_v6_06_a/hdl/vhdl/MemXLib_arch.vhd 2013/06/03.20:49:40 P.68d
EN mpmc_v6_06_a/dp_ram 1540408786 \
      FL $XILINX/hw/XilinxProcessorIPLib/pcores/mpmc_v6_06_a/hdl/vhdl/MemXLib_arch.vhd \
      PB ieee/std_logic_1164 1370735607 PB ieee/STD_LOGIC_UNSIGNED 1370735609 \
      PB ieee/std_logic_arith 1370735608 PB mpmc_v6_06_a/memxlib_utils 1540408707
AR mpmc_v6_06_a/dp_ram/rtl 1540408787 \
      FL $XILINX/hw/XilinxProcessorIPLib/pcores/mpmc_v6_06_a/hdl/vhdl/MemXLib_arch.vhd \
      EN mpmc_v6_06_a/dp_ram 1540408786
EN mpmc_v6_06_a/sp_ram 1540408788 \
      FL $XILINX/hw/XilinxProcessorIPLib/pcores/mpmc_v6_06_a/hdl/vhdl/MemXLib_arch.vhd \
      PB ieee/std_logic_1164 1370735607 PB ieee/STD_LOGIC_UNSIGNED 1370735609 \
      PB mpmc_v6_06_a/memxlib_utils 1540408707
AR mpmc_v6_06_a/sp_ram/rtl 1540408789 \
      FL $XILINX/hw/XilinxProcessorIPLib/pcores/mpmc_v6_06_a/hdl/vhdl/MemXLib_arch.vhd \
      EN mpmc_v6_06_a/sp_ram 1540408788
EN mpmc_v6_06_a/synch_fifo 1540408790 \
      FL $XILINX/hw/XilinxProcessorIPLib/pcores/mpmc_v6_06_a/hdl/vhdl/MemXLib_arch.vhd \
      PB ieee/std_logic_1164 1370735607 PB ieee/STD_LOGIC_UNSIGNED 1370735609 \
      PB ieee/std_logic_arith 1370735608 PB mpmc_v6_06_a/memxlib_utils 1540408707
AR mpmc_v6_06_a/synch_fifo/rtl 1540408791 \
      FL $XILINX/hw/XilinxProcessorIPLib/pcores/mpmc_v6_06_a/hdl/vhdl/MemXLib_arch.vhd \
      EN mpmc_v6_06_a/synch_fifo 1540408790 AR mpmc_v6_06_a/dp_ram/rtl 1540408787
EN mpmc_v6_06_a/ObjFifo_cons_ctl 1540408792 \
      FL $XILINX/hw/XilinxProcessorIPLib/pcores/mpmc_v6_06_a/hdl/vhdl/MemXLib_arch.vhd \
      PB ieee/std_logic_1164 1370735607 PB ieee/std_logic_arith 1370735608 \
      PB ieee/STD_LOGIC_UNSIGNED 1370735609 PB mpmc_v6_06_a/memxlib_utils 1540408707
AR mpmc_v6_06_a/ObjFifo_cons_ctl/structure 1540408793 \
      FL $XILINX/hw/XilinxProcessorIPLib/pcores/mpmc_v6_06_a/hdl/vhdl/MemXLib_arch.vhd \
      EN mpmc_v6_06_a/ObjFifo_cons_ctl 1540408792
EN mpmc_v6_06_a/ObjFifo_prod_ctl 1540408794 \
      FL $XILINX/hw/XilinxProcessorIPLib/pcores/mpmc_v6_06_a/hdl/vhdl/MemXLib_arch.vhd \
      PB ieee/std_logic_1164 1370735607 PB ieee/std_logic_arith 1370735608 \
      PB ieee/STD_LOGIC_UNSIGNED 1370735609 PB mpmc_v6_06_a/memxlib_utils 1540408707
AR mpmc_v6_06_a/ObjFifo_prod_ctl/structure 1540408795 \
      FL $XILINX/hw/XilinxProcessorIPLib/pcores/mpmc_v6_06_a/hdl/vhdl/MemXLib_arch.vhd \
      EN mpmc_v6_06_a/ObjFifo_prod_ctl 1540408794
EN mpmc_v6_06_a/ObjFifo 1540408796 \
      FL $XILINX/hw/XilinxProcessorIPLib/pcores/mpmc_v6_06_a/hdl/vhdl/MemXLib_arch.vhd \
      PB ieee/std_logic_1164 1370735607 PB ieee/std_logic_arith 1370735608 \
      PB mpmc_v6_06_a/memxlib_utils 1540408707
AR mpmc_v6_06_a/ObjFifo/structure 1540408797 \
      FL $XILINX/hw/XilinxProcessorIPLib/pcores/mpmc_v6_06_a/hdl/vhdl/MemXLib_arch.vhd \
      EN mpmc_v6_06_a/ObjFifo 1540408796 AR mpmc_v6_06_a/dp_ram/rtl 1540408787 \
      AR mpmc_v6_06_a/ObjFifo_prod_ctl/structure 1540408795 \
      AR mpmc_v6_06_a/ObjFifo_cons_ctl/structure 1540408793
EN mpmc_v6_06_a/dp_ram_async 1540408798 \
      FL $XILINX/hw/XilinxProcessorIPLib/pcores/mpmc_v6_06_a/hdl/vhdl/MemXLib_arch.vhd \
      PB ieee/std_logic_1164 1370735607 PB ieee/STD_LOGIC_UNSIGNED 1370735609 \
      PB ieee/std_logic_arith 1370735608 PB mpmc_v6_06_a/memxlib_utils 1540408707
AR mpmc_v6_06_a/dp_ram_async/rtl 1540408799 \
      FL $XILINX/hw/XilinxProcessorIPLib/pcores/mpmc_v6_06_a/hdl/vhdl/MemXLib_arch.vhd \
      EN mpmc_v6_06_a/dp_ram_async 1540408798
EN mpmc_v6_06_a/ObjFifoAsync 1540408800 \
      FL $XILINX/hw/XilinxProcessorIPLib/pcores/mpmc_v6_06_a/hdl/vhdl/MemXLib_arch.vhd \
      PB ieee/std_logic_1164 1370735607 PB ieee/std_logic_arith 1370735608 \
      PB mpmc_v6_06_a/memxlib_utils 1540408707
AR mpmc_v6_06_a/ObjFifoAsync/structure 1540408801 \
      FL $XILINX/hw/XilinxProcessorIPLib/pcores/mpmc_v6_06_a/hdl/vhdl/MemXLib_arch.vhd \
      EN mpmc_v6_06_a/ObjFifoAsync 1540408800 AR mpmc_v6_06_a/dp_ram_async/rtl 1540408799 \
      AR mpmc_v6_06_a/ObjFifo_prod_ctl/structure 1540408795 \
      AR mpmc_v6_06_a/ObjFifo_cons_ctl/structure 1540408793
EN mpmc_v6_06_a/async_fifo 1540408802 \
      FL $XILINX/hw/XilinxProcessorIPLib/pcores/mpmc_v6_06_a/hdl/vhdl/MemXLib_arch.vhd \
      PB ieee/std_logic_1164 1370735607 PB ieee/STD_LOGIC_UNSIGNED 1370735609 \
      PB ieee/std_logic_arith 1370735608 PB mpmc_v6_06_a/memxlib_utils 1540408707
AR mpmc_v6_06_a/async_fifo/rtl 1540408803 \
      FL $XILINX/hw/XilinxProcessorIPLib/pcores/mpmc_v6_06_a/hdl/vhdl/MemXLib_arch.vhd \
      EN mpmc_v6_06_a/async_fifo 1540408802 AR mpmc_v6_06_a/dp_ram_async/rtl 1540408799
FL $XILINX/hw/XilinxProcessorIPLib/pcores/mpmc_v6_06_a/hdl/vhdl/MemXLib_utils.vhd 2013/06/03.20:49:40 P.68d
PH mpmc_v6_06_a/memxlib_utils 1540408706 \
      FL $XILINX/hw/XilinxProcessorIPLib/pcores/mpmc_v6_06_a/hdl/vhdl/MemXLib_utils.vhd \
      PB ieee/std_logic_1164 1370735607 PB ieee/std_logic_arith 1370735608 \
      PB ieee/STD_LOGIC_SIGNED 1370735609
PB mpmc_v6_06_a/memxlib_utils 1540408707 \
      FL $XILINX/hw/XilinxProcessorIPLib/pcores/mpmc_v6_06_a/hdl/vhdl/MemXLib_utils.vhd \
      PH mpmc_v6_06_a/memxlib_utils 1540408706
FL $XILINX/hw/XilinxProcessorIPLib/pcores/mpmc_v6_06_a/hdl/vhdl/mpmc_ctrl_if.vhd 2013/06/03.20:49:40 P.68d
EN mpmc_v6_06_a/mpmc_ctrl_if 1540408912 \
      FL $XILINX/hw/XilinxProcessorIPLib/pcores/mpmc_v6_06_a/hdl/vhdl/mpmc_ctrl_if.vhd \
      PB ieee/std_logic_1164 1370735607 PB ieee/std_logic_arith 1370735608 \
      PB ieee/STD_LOGIC_UNSIGNED 1370735609 LB proc_common_v3_00_a \
      LB plbv46_slave_single_v1_01_a PB proc_common_v3_00_a/proc_common_pkg 1540408668 \
      PB proc_common_v3_00_a/ipif_pkg 1540408785 \
      EN plbv46_slave_single_v1_01_a/plbv46_slave_single 1540408896
AR mpmc_v6_06_a/mpmc_ctrl_if/IMP 1540408913 \
      FL $XILINX/hw/XilinxProcessorIPLib/pcores/mpmc_v6_06_a/hdl/vhdl/mpmc_ctrl_if.vhd \
      EN mpmc_v6_06_a/mpmc_ctrl_if 1540408912 \
      CP plbv46_slave_single_v1_01_a/plbv46_slave_single CP mpmc_ctrl_logic
FL $XILINX/hw/XilinxProcessorIPLib/pcores/mpmc_v6_06_a/hdl/vhdl/ObjFifoAsyncDiffW.vhd 2013/06/03.20:49:40 P.68d
EN mpmc_v6_06_a/ObjFifo_cons_ctl_async 1540408862 \
      FL $XILINX/hw/XilinxProcessorIPLib/pcores/mpmc_v6_06_a/hdl/vhdl/ObjFifoAsyncDiffW.vhd \
      PB ieee/std_logic_1164 1370735607 PB ieee/std_logic_arith 1370735608 \
      PB ieee/STD_LOGIC_UNSIGNED 1370735609 PB mpmc_v6_06_a/memxlib_utils 1540408707
AR mpmc_v6_06_a/ObjFifo_cons_ctl_async/structure 1540408863 \
      FL $XILINX/hw/XilinxProcessorIPLib/pcores/mpmc_v6_06_a/hdl/vhdl/ObjFifoAsyncDiffW.vhd \
      EN mpmc_v6_06_a/ObjFifo_cons_ctl_async 1540408862
EN mpmc_v6_06_a/ObjFifo_prod_ctl_async 1540408864 \
      FL $XILINX/hw/XilinxProcessorIPLib/pcores/mpmc_v6_06_a/hdl/vhdl/ObjFifoAsyncDiffW.vhd \
      PB ieee/std_logic_1164 1370735607 PB ieee/std_logic_arith 1370735608 \
      PB ieee/STD_LOGIC_UNSIGNED 1370735609 PB mpmc_v6_06_a/memxlib_utils 1540408707
AR mpmc_v6_06_a/ObjFifo_prod_ctl_async/structure 1540408865 \
      FL $XILINX/hw/XilinxProcessorIPLib/pcores/mpmc_v6_06_a/hdl/vhdl/ObjFifoAsyncDiffW.vhd \
      EN mpmc_v6_06_a/ObjFifo_prod_ctl_async 1540408864
EN mpmc_v6_06_a/ObjFifoAsyncDiffW 1540408866 \
      FL $XILINX/hw/XilinxProcessorIPLib/pcores/mpmc_v6_06_a/hdl/vhdl/ObjFifoAsyncDiffW.vhd \
      PB ieee/std_logic_1164 1370735607 PB ieee/std_logic_arith 1370735608 \
      PB ieee/STD_LOGIC_UNSIGNED 1370735609 PB mpmc_v6_06_a/memxlib_utils 1540408707
AR mpmc_v6_06_a/ObjFifoAsyncDiffW/rtl 1540408867 \
      FL $XILINX/hw/XilinxProcessorIPLib/pcores/mpmc_v6_06_a/hdl/vhdl/ObjFifoAsyncDiffW.vhd \
      EN mpmc_v6_06_a/ObjFifoAsyncDiffW 1540408866 \
      AR mpmc_v6_06_a/dp_ram_async_diffw/ramb 1540408815 \
      CP mpmc_v6_06_a/ObjFifo_prod_ctl_async \
      AR mpmc_v6_06_a/ObjFifo_cons_ctl_async/structure 1540408863
FL $XILINX/hw/XilinxProcessorIPLib/pcores/mpmc_v6_06_a/hdl/vhdl/plbv46_address_decoder.vhd 2013/06/03.20:49:40 P.68d
EN mpmc_v6_06_a/plbv46_address_decoder 1540408878 \
      FL $XILINX/hw/XilinxProcessorIPLib/pcores/mpmc_v6_06_a/hdl/vhdl/plbv46_address_decoder.vhd \
      PB ieee/std_logic_1164 1370735607 PB ieee/NUMERIC_STD 1370735611 LB unisim \
      PH unisim/VCOMPONENTS 1370735613 LB mpmc_v6_06_a
AR mpmc_v6_06_a/plbv46_address_decoder/RTL 1540408879 \
      FL $XILINX/hw/XilinxProcessorIPLib/pcores/mpmc_v6_06_a/hdl/vhdl/plbv46_address_decoder.vhd \
      EN mpmc_v6_06_a/plbv46_address_decoder 1540408878 \
      CP mpmc_v6_06_a/plbv46_sample_cycle CP std_logic_vector CP std_logic \
      CP unsigned CP integer
FL $XILINX/hw/XilinxProcessorIPLib/pcores/mpmc_v6_06_a/hdl/vhdl/plbv46_address_decoder_dsplb.vhd 2013/06/03.20:49:40 P.68d
EN mpmc_v6_06_a/plbv46_address_decoder_dsplb 1540408884 \
      FL $XILINX/hw/XilinxProcessorIPLib/pcores/mpmc_v6_06_a/hdl/vhdl/plbv46_address_decoder_dsplb.vhd \
      PB ieee/std_logic_1164 1370735607 PB ieee/NUMERIC_STD 1370735611 LB unisim \
      PH unisim/VCOMPONENTS 1370735613 LB mpmc_v6_06_a
AR mpmc_v6_06_a/plbv46_address_decoder_dsplb/RTL 1540408885 \
      FL $XILINX/hw/XilinxProcessorIPLib/pcores/mpmc_v6_06_a/hdl/vhdl/plbv46_address_decoder_dsplb.vhd \
      EN mpmc_v6_06_a/plbv46_address_decoder_dsplb 1540408884 \
      CP mpmc_v6_06_a/plbv46_sample_cycle CP std_logic_vector CP unsigned \
      CP integer
FL $XILINX/hw/XilinxProcessorIPLib/pcores/mpmc_v6_06_a/hdl/vhdl/plbv46_address_decoder_isplb.vhd 2013/06/03.20:49:40 P.68d
EN mpmc_v6_06_a/plbv46_address_decoder_isplb 1540408888 \
      FL $XILINX/hw/XilinxProcessorIPLib/pcores/mpmc_v6_06_a/hdl/vhdl/plbv46_address_decoder_isplb.vhd \
      PB ieee/std_logic_1164 1370735607 PB ieee/NUMERIC_STD 1370735611 LB unisim \
      PH unisim/VCOMPONENTS 1370735613 LB mpmc_v6_06_a
AR mpmc_v6_06_a/plbv46_address_decoder_isplb/RTL 1540408889 \
      FL $XILINX/hw/XilinxProcessorIPLib/pcores/mpmc_v6_06_a/hdl/vhdl/plbv46_address_decoder_isplb.vhd \
      EN mpmc_v6_06_a/plbv46_address_decoder_isplb 1540408888 \
      CP mpmc_v6_06_a/plbv46_sample_cycle CP std_logic_vector CP unsigned \
      CP integer
FL $XILINX/hw/XilinxProcessorIPLib/pcores/mpmc_v6_06_a/hdl/vhdl/plbv46_address_decoder_single.vhd 2013/06/03.20:49:40 P.68d
EN mpmc_v6_06_a/plbv46_address_decoder_single 1540408892 \
      FL $XILINX/hw/XilinxProcessorIPLib/pcores/mpmc_v6_06_a/hdl/vhdl/plbv46_address_decoder_single.vhd \
      PB ieee/std_logic_1164 1370735607 PB ieee/NUMERIC_STD 1370735611 LB unisim \
      PH unisim/VCOMPONENTS 1370735613 LB mpmc_v6_06_a
AR mpmc_v6_06_a/plbv46_address_decoder_single/RTL 1540408893 \
      FL $XILINX/hw/XilinxProcessorIPLib/pcores/mpmc_v6_06_a/hdl/vhdl/plbv46_address_decoder_single.vhd \
      EN mpmc_v6_06_a/plbv46_address_decoder_single 1540408892 \
      CP mpmc_v6_06_a/plbv46_sample_cycle CP std_logic_vector CP std_logic \
      CP unsigned
FL $XILINX/hw/XilinxProcessorIPLib/pcores/mpmc_v6_06_a/hdl/vhdl/plbv46_data_steer_mirror.vhd 2013/06/03.20:49:40 P.68d
EN mpmc_v6_06_a/plbv46_data_steer_mirror 1540408816 \
      FL $XILINX/hw/XilinxProcessorIPLib/pcores/mpmc_v6_06_a/hdl/vhdl/plbv46_data_steer_mirror.vhd \
      PB ieee/std_logic_1164 1370735607 PB ieee/NUMERIC_STD 1370735611 LB unisim
AR mpmc_v6_06_a/plbv46_data_steer_mirror/implementation 1540408817 \
      FL $XILINX/hw/XilinxProcessorIPLib/pcores/mpmc_v6_06_a/hdl/vhdl/plbv46_data_steer_mirror.vhd \
      EN mpmc_v6_06_a/plbv46_data_steer_mirror 1540408816 CP std_logic_vector
FL $XILINX/hw/XilinxProcessorIPLib/pcores/mpmc_v6_06_a/hdl/vhdl/plbv46_pim.vhd 2013/06/03.20:49:40 P.68d
EN mpmc_v6_06_a/plbv46_pim 1540408906 \
      FL $XILINX/hw/XilinxProcessorIPLib/pcores/mpmc_v6_06_a/hdl/vhdl/plbv46_pim.vhd \
      PB ieee/std_logic_1164 1370735607 PB ieee/std_logic_arith 1370735608 \
      LB unisim PH unisim/VCOMPONENTS 1370735613 LB mpmc_v6_06_a
AR mpmc_v6_06_a/plbv46_pim/rtl_pim 1540408907 \
      FL $XILINX/hw/XilinxProcessorIPLib/pcores/mpmc_v6_06_a/hdl/vhdl/plbv46_pim.vhd \
      EN mpmc_v6_06_a/plbv46_pim 1540408906 CP std_logic CP std_logic_vector \
      CP mpmc_v6_06_a/plbv46_address_decoder CP mpmc_v6_06_a/plbv46_write_module \
      CP mpmc_v6_06_a/plbv46_rd_support CP integer \
      CP mpmc_v6_06_a/plbv46_address_decoder_dsplb \
      CP mpmc_v6_06_a/plbv46_rd_support_dsplb \
      CP mpmc_v6_06_a/plbv46_address_decoder_isplb \
      CP mpmc_v6_06_a/plbv46_rd_support_isplb \
      CP mpmc_v6_06_a/plbv46_address_decoder_single \
      CP mpmc_v6_06_a/plbv46_rd_support_single
FL $XILINX/hw/XilinxProcessorIPLib/pcores/mpmc_v6_06_a/hdl/vhdl/plbv46_pim_wrapper.vhd 2013/06/03.20:49:40 P.68d
EN mpmc_v6_06_a/plbv46_pim_wrapper 1540408918 \
      FL $XILINX/hw/XilinxProcessorIPLib/pcores/mpmc_v6_06_a/hdl/vhdl/plbv46_pim_wrapper.vhd \
      PB ieee/std_logic_1164 1370735607 PB ieee/std_logic_arith 1370735608 \
      LB unisim PH unisim/VCOMPONENTS 1370735613 LB mpmc_v6_06_a
AR mpmc_v6_06_a/plbv46_pim_wrapper/rtl_pim 1540408919 \
      FL $XILINX/hw/XilinxProcessorIPLib/pcores/mpmc_v6_06_a/hdl/vhdl/plbv46_pim_wrapper.vhd \
      EN mpmc_v6_06_a/plbv46_pim_wrapper 1540408918 CP mpmc_v6_06_a/plbv46_pim
FL $XILINX/hw/XilinxProcessorIPLib/pcores/mpmc_v6_06_a/hdl/vhdl/plbv46_rd_support.vhd 2013/06/03.20:49:40 P.68d
EN mpmc_v6_06_a/plbv46_rd_support 1540408882 \
      FL $XILINX/hw/XilinxProcessorIPLib/pcores/mpmc_v6_06_a/hdl/vhdl/plbv46_rd_support.vhd \
      PB ieee/std_logic_1164 1370735607 PB ieee/NUMERIC_STD 1370735611 \
      PB ieee/STD_LOGIC_UNSIGNED 1370735609 PB ieee/std_logic_arith 1370735608 \
      LB proc_common_v3_00_a LB mpmc_v6_06_a LB unisim PH unisim/VCOMPONENTS 1370735613 \
      EN proc_common_v3_00_a/srl_fifo_f 1540408772 \
      EN mpmc_v6_06_a/plbv46_data_steer_mirror 1540408816
AR mpmc_v6_06_a/plbv46_rd_support/implementation 1540408883 \
      FL $XILINX/hw/XilinxProcessorIPLib/pcores/mpmc_v6_06_a/hdl/vhdl/plbv46_rd_support.vhd \
      EN mpmc_v6_06_a/plbv46_rd_support 1540408882 CP integer CP std_logic_vector \
      CP std_logic CP XFER_WIDTH_TYPE CP mpmc_v6_06_a/plbv46_data_steer_mirror \
      CP proc_common_v3_00_a/srl_fifo_f
FL $XILINX/hw/XilinxProcessorIPLib/pcores/mpmc_v6_06_a/hdl/vhdl/plbv46_rd_support_dsplb.vhd 2013/06/03.20:49:40 P.68d
EN mpmc_v6_06_a/plbv46_rd_support_dsplb 1540408886 \
      FL $XILINX/hw/XilinxProcessorIPLib/pcores/mpmc_v6_06_a/hdl/vhdl/plbv46_rd_support_dsplb.vhd \
      PB ieee/std_logic_1164 1370735607 PB ieee/NUMERIC_STD 1370735611 \
      PB ieee/STD_LOGIC_UNSIGNED 1370735609 PB ieee/std_logic_arith 1370735608 \
      LB proc_common_v3_00_a LB mpmc_v6_06_a LB unisim PH unisim/VCOMPONENTS 1370735613 \
      EN proc_common_v3_00_a/srl_fifo_f 1540408772 \
      EN mpmc_v6_06_a/plbv46_data_steer_mirror 1540408816
AR mpmc_v6_06_a/plbv46_rd_support_dsplb/implementation 1540408887 \
      FL $XILINX/hw/XilinxProcessorIPLib/pcores/mpmc_v6_06_a/hdl/vhdl/plbv46_rd_support_dsplb.vhd \
      EN mpmc_v6_06_a/plbv46_rd_support_dsplb 1540408886 CP std_logic \
      CP XFER_WIDTH_TYPE CP mpmc_v6_06_a/plbv46_data_steer_mirror \
      CP proc_common_v3_00_a/srl_fifo_f
FL $XILINX/hw/XilinxProcessorIPLib/pcores/mpmc_v6_06_a/hdl/vhdl/plbv46_rd_support_isplb.vhd 2013/06/03.20:49:40 P.68d
EN mpmc_v6_06_a/plbv46_rd_support_isplb 1540408890 \
      FL $XILINX/hw/XilinxProcessorIPLib/pcores/mpmc_v6_06_a/hdl/vhdl/plbv46_rd_support_isplb.vhd \
      PB ieee/std_logic_1164 1370735607 PB ieee/NUMERIC_STD 1370735611 \
      PB ieee/STD_LOGIC_UNSIGNED 1370735609 PB ieee/std_logic_arith 1370735608 \
      LB proc_common_v3_00_a LB mpmc_v6_06_a LB unisim PH unisim/VCOMPONENTS 1370735613 \
      EN proc_common_v3_00_a/srl_fifo_f 1540408772 \
      EN mpmc_v6_06_a/plbv46_data_steer_mirror 1540408816
AR mpmc_v6_06_a/plbv46_rd_support_isplb/implementation 1540408891 \
      FL $XILINX/hw/XilinxProcessorIPLib/pcores/mpmc_v6_06_a/hdl/vhdl/plbv46_rd_support_isplb.vhd \
      EN mpmc_v6_06_a/plbv46_rd_support_isplb 1540408890 CP std_logic \
      CP XFER_WIDTH_TYPE CP mpmc_v6_06_a/plbv46_data_steer_mirror \
      CP proc_common_v3_00_a/srl_fifo_f
FL $XILINX/hw/XilinxProcessorIPLib/pcores/mpmc_v6_06_a/hdl/vhdl/plbv46_rd_support_single.vhd 2013/06/03.20:49:40 P.68d
EN mpmc_v6_06_a/plbv46_rd_support_single 1540408894 \
      FL $XILINX/hw/XilinxProcessorIPLib/pcores/mpmc_v6_06_a/hdl/vhdl/plbv46_rd_support_single.vhd \
      PB ieee/std_logic_1164 1370735607 PB ieee/NUMERIC_STD 1370735611 \
      PB ieee/STD_LOGIC_UNSIGNED 1370735609 PB ieee/std_logic_arith 1370735608 \
      LB mpmc_v6_06_a LB unisim PH unisim/VCOMPONENTS 1370735613 \
      EN mpmc_v6_06_a/plbv46_data_steer_mirror 1540408816
AR mpmc_v6_06_a/plbv46_rd_support_single/implementation 1540408895 \
      FL $XILINX/hw/XilinxProcessorIPLib/pcores/mpmc_v6_06_a/hdl/vhdl/plbv46_rd_support_single.vhd \
      EN mpmc_v6_06_a/plbv46_rd_support_single 1540408894 CP std_logic_vector \
      CP std_logic CP integer CP XFER_WIDTH_TYPE \
      CP mpmc_v6_06_a/plbv46_data_steer_mirror
FL $XILINX/hw/XilinxProcessorIPLib/pcores/mpmc_v6_06_a/hdl/vhdl/plbv46_sample_cycle.vhd 2013/06/03.20:49:40 P.68d
EN mpmc_v6_06_a/plbv46_sample_cycle 1540408818 \
      FL $XILINX/hw/XilinxProcessorIPLib/pcores/mpmc_v6_06_a/hdl/vhdl/plbv46_sample_cycle.vhd \
      PB ieee/std_logic_1164 1370735607 PB ieee/NUMERIC_STD 1370735611 \
      PB ieee/std_logic_misc 1370735608 LB unisim PH unisim/VCOMPONENTS 1370735613
AR mpmc_v6_06_a/plbv46_sample_cycle/implementation 1540408819 \
      FL $XILINX/hw/XilinxProcessorIPLib/pcores/mpmc_v6_06_a/hdl/vhdl/plbv46_sample_cycle.vhd \
      EN mpmc_v6_06_a/plbv46_sample_cycle 1540408818
FL $XILINX/hw/XilinxProcessorIPLib/pcores/mpmc_v6_06_a/hdl/vhdl/plbv46_write_module.vhd 2013/06/03.20:49:40 P.68d
EN mpmc_v6_06_a/plbv46_write_module 1540408880 \
      FL $XILINX/hw/XilinxProcessorIPLib/pcores/mpmc_v6_06_a/hdl/vhdl/plbv46_write_module.vhd \
      PB ieee/std_logic_1164 1370735607 PB ieee/NUMERIC_STD 1370735611 \
      PB ieee/std_logic_misc 1370735608 LB proc_common_v3_00_a LB unisim \
      PH unisim/VCOMPONENTS 1370735613 PB proc_common_v3_00_a/proc_common_pkg 1540408668
AR mpmc_v6_06_a/plbv46_write_module/implementation 1540408881 \
      FL $XILINX/hw/XilinxProcessorIPLib/pcores/mpmc_v6_06_a/hdl/vhdl/plbv46_write_module.vhd \
      EN mpmc_v6_06_a/plbv46_write_module 1540408880 CP WRITE_STATE_TYPE \
      CP std_logic CP integer CP std_logic_vector
FL $XILINX/hw/XilinxProcessorIPLib/pcores/mpmc_v6_06_a/hdl/vhdl/PrimXLib_arch.vhd 2013/06/03.20:49:40 P.68d
EN mpmc_v6_06_a/dp_ram_async_diffw 1540408814 \
      FL $XILINX/hw/XilinxProcessorIPLib/pcores/mpmc_v6_06_a/hdl/vhdl/PrimXLib_arch.vhd \
      PB ieee/std_logic_1164 1370735607 PB ieee/STD_LOGIC_UNSIGNED 1370735609 \
      PB ieee/std_logic_arith 1370735608 LB unisim PH unisim/VCOMPONENTS 1370735613 \
      PB mpmc_v6_06_a/memxlib_utils 1540408707
AR mpmc_v6_06_a/dp_ram_async_diffw/ramb 1540408815 \
      FL $XILINX/hw/XilinxProcessorIPLib/pcores/mpmc_v6_06_a/hdl/vhdl/PrimXLib_arch.vhd \
      EN mpmc_v6_06_a/dp_ram_async_diffw 1540408814 CP ramb16 CP RAMB16_S36_S36 \
      CP RAMB16_S18_S18 CP RAMB16_S18_S36 CP RAMB16_S9_S9 CP RAMB16_S9_S18 \
      CP RAMB16_S9_S36 CP RAMB16_S4_S4 CP RAMB16_S4_S9 CP RAMB16_S4_S18 \
      CP RAMB16_S4_S36 CP RAMB16_S2_S2 CP RAMB16_S2_S4 CP RAMB16_S2_S9 \
      CP RAMB16_S2_S18 CP RAMB16_S2_S36 CP RAMB16_S1_S1 CP RAMB16_S1_S2 \
      CP RAMB16_S1_S4 CP RAMB16_S1_S9 CP RAMB16_S1_S18 CP RAMB16_S1_S36 \
      CP mpmc_v6_06_a/dp_ram_async
FL $XILINX/hw/XilinxProcessorIPLib/pcores/mpmc_v6_06_a/hdl/vhdl/p_vfbc.vhd 2013/06/03.20:49:40 P.68d
PH mpmc_v6_06_a/p_vfbc 1540408860 \
      FL $XILINX/hw/XilinxProcessorIPLib/pcores/mpmc_v6_06_a/hdl/vhdl/p_vfbc.vhd \
      PB ieee/std_logic_1164 1370735607 PB ieee/STD_LOGIC_UNSIGNED 1370735609 \
      PB ieee/std_logic_arith 1370735608 PB mpmc_v6_06_a/memxlib_utils 1540408707
PB mpmc_v6_06_a/p_vfbc 1540408861 \
      FL $XILINX/hw/XilinxProcessorIPLib/pcores/mpmc_v6_06_a/hdl/vhdl/p_vfbc.vhd \
      PH mpmc_v6_06_a/p_vfbc 1540408860
FL $XILINX/hw/XilinxProcessorIPLib/pcores/mpmc_v6_06_a/hdl/vhdl/sdma.vhd 2013/06/03.20:49:40 P.68d
EN mpmc_v6_06_a/sdma 1540408908 \
      FL $XILINX/hw/XilinxProcessorIPLib/pcores/mpmc_v6_06_a/hdl/vhdl/sdma.vhd \
      PB ieee/std_logic_1164 1370735607 PB ieee/NUMERIC_STD 1370735611 \
      PB ieee/std_logic_misc 1370735608 LB proc_common_v3_00_a LB unisim \
      PH unisim/VCOMPONENTS 1370735613 LB mpmc_v6_06_a \
      LB plbv46_slave_single_v1_01_a PB proc_common_v3_00_a/proc_common_pkg 1540408668 \
      PB proc_common_v3_00_a/family_support 1540408666 \
      PB proc_common_v3_00_a/ipif_pkg 1540408785 PB mpmc_v6_06_a/sdma_pkg 1540408805
AR mpmc_v6_06_a/sdma/implementation 1540408909 \
      FL $XILINX/hw/XilinxProcessorIPLib/pcores/mpmc_v6_06_a/hdl/vhdl/sdma.vhd \
      EN mpmc_v6_06_a/sdma 1540408908 CP mpmc_v6_06_a/sdma_cntl \
      CP mpmc_v6_06_a/sdma_datapath \
      CP plbv46_slave_single_v1_01_a/plbv46_slave_single
FL $XILINX/hw/XilinxProcessorIPLib/pcores/mpmc_v6_06_a/hdl/vhdl/sdma_address_counter.vhd 2013/06/03.20:49:40 P.68d
EN mpmc_v6_06_a/sdma_address_counter 1540408824 \
      FL $XILINX/hw/XilinxProcessorIPLib/pcores/mpmc_v6_06_a/hdl/vhdl/sdma_address_counter.vhd \
      PB ieee/std_logic_1164 1370735607 PB ieee/NUMERIC_STD 1370735611 \
      PB ieee/std_logic_misc 1370735608 LB proc_common_v3_00_a LB unisim \
      PH unisim/VCOMPONENTS 1370735613 LB mpmc_v6_06_a \
      PB proc_common_v3_00_a/proc_common_pkg 1540408668 \
      PB proc_common_v3_00_a/family_support 1540408666 \
      PB proc_common_v3_00_a/ipif_pkg 1540408785 PB mpmc_v6_06_a/sdma_pkg 1540408805
AR mpmc_v6_06_a/sdma_address_counter/implementation 1540408825 \
      FL $XILINX/hw/XilinxProcessorIPLib/pcores/mpmc_v6_06_a/hdl/vhdl/sdma_address_counter.vhd \
      EN mpmc_v6_06_a/sdma_address_counter 1540408824
FL $XILINX/hw/XilinxProcessorIPLib/pcores/mpmc_v6_06_a/hdl/vhdl/sdma_addr_arbiter.vhd 2013/06/03.20:49:40 P.68d
EN mpmc_v6_06_a/sdma_addr_arbiter 1540408840 \
      FL $XILINX/hw/XilinxProcessorIPLib/pcores/mpmc_v6_06_a/hdl/vhdl/sdma_addr_arbiter.vhd \
      PB ieee/std_logic_1164 1370735607 PB ieee/NUMERIC_STD 1370735611 \
      PB ieee/std_logic_misc 1370735608 LB proc_common_v3_00_a LB unisim \
      PH unisim/VCOMPONENTS 1370735613 LB mpmc_v6_06_a \
      PB proc_common_v3_00_a/proc_common_pkg 1540408668 \
      PB proc_common_v3_00_a/family_support 1540408666 \
      PB proc_common_v3_00_a/ipif_pkg 1540408785 PB mpmc_v6_06_a/sdma_pkg 1540408805
AR mpmc_v6_06_a/sdma_addr_arbiter/implementation 1540408841 \
      FL $XILINX/hw/XilinxProcessorIPLib/pcores/mpmc_v6_06_a/hdl/vhdl/sdma_addr_arbiter.vhd \
      EN mpmc_v6_06_a/sdma_addr_arbiter 1540408840
FL $XILINX/hw/XilinxProcessorIPLib/pcores/mpmc_v6_06_a/hdl/vhdl/sdma_channel_status_reg.vhd 2013/06/03.20:49:40 P.68d
EN mpmc_v6_06_a/sdma_channel_status_reg 1540408822 \
      FL $XILINX/hw/XilinxProcessorIPLib/pcores/mpmc_v6_06_a/hdl/vhdl/sdma_channel_status_reg.vhd \
      PB ieee/std_logic_1164 1370735607 PB ieee/NUMERIC_STD 1370735611 \
      PB ieee/std_logic_misc 1370735608 LB proc_common_v3_00_a LB unisim \
      PH unisim/VCOMPONENTS 1370735613 LB mpmc_v6_06_a \
      PB proc_common_v3_00_a/proc_common_pkg 1540408668 \
      PB proc_common_v3_00_a/family_support 1540408666 \
      PB proc_common_v3_00_a/ipif_pkg 1540408785 PB mpmc_v6_06_a/sdma_pkg 1540408805
AR mpmc_v6_06_a/sdma_channel_status_reg/implementation 1540408823 \
      FL $XILINX/hw/XilinxProcessorIPLib/pcores/mpmc_v6_06_a/hdl/vhdl/sdma_channel_status_reg.vhd \
      EN mpmc_v6_06_a/sdma_channel_status_reg 1540408822
FL $XILINX/hw/XilinxProcessorIPLib/pcores/mpmc_v6_06_a/hdl/vhdl/sdma_cntl.vhd 2013/06/03.20:49:40 P.68d
EN mpmc_v6_06_a/sdma_cntl 1540408898 \
      FL $XILINX/hw/XilinxProcessorIPLib/pcores/mpmc_v6_06_a/hdl/vhdl/sdma_cntl.vhd \
      PB ieee/std_logic_1164 1370735607 PB ieee/NUMERIC_STD 1370735611 \
      PB ieee/std_logic_misc 1370735608 LB proc_common_v3_00_a LB unisim \
      PH unisim/VCOMPONENTS 1370735613 LB mpmc_v6_06_a \
      PB proc_common_v3_00_a/proc_common_pkg 1540408668 \
      PB proc_common_v3_00_a/family_support 1540408666 \
      PB proc_common_v3_00_a/ipif_pkg 1540408785 PB mpmc_v6_06_a/sdma_pkg 1540408805
AR mpmc_v6_06_a/sdma_cntl/implementation 1540408899 \
      FL $XILINX/hw/XilinxProcessorIPLib/pcores/mpmc_v6_06_a/hdl/vhdl/sdma_cntl.vhd \
      EN mpmc_v6_06_a/sdma_cntl 1540408898 CP mpmc_v6_06_a/sdma_ipic_if \
      CP mpmc_v6_06_a/sdma_interrupt_register \
      CP mpmc_v6_06_a/sdma_dmac_regfile_arb CP mpmc_v6_06_a/sdma_read_data_delay \
      CP mpmc_v6_06_a/sdma_addr_arbiter CP mpmc_v6_06_a/sdma_port_arbiter \
      CP mpmc_v6_06_a/sdma_tx_write_handler CP mpmc_v6_06_a/sdma_tx_read_handler \
      CP mpmc_v6_06_a/sdma_tx_port_controller CP mpmc_v6_06_a/sdma_tx_rx_state \
      CP mpmc_v6_06_a/sdma_rx_write_handler CP mpmc_v6_06_a/sdma_rx_read_handler \
      CP mpmc_v6_06_a/sdma_rx_port_controller
FL $XILINX/hw/XilinxProcessorIPLib/pcores/mpmc_v6_06_a/hdl/vhdl/sdma_datapath.vhd 2013/06/03.20:49:40 P.68d
EN mpmc_v6_06_a/sdma_datapath 1540408900 \
      FL $XILINX/hw/XilinxProcessorIPLib/pcores/mpmc_v6_06_a/hdl/vhdl/sdma_datapath.vhd \
      PB ieee/std_logic_1164 1370735607 PB ieee/NUMERIC_STD 1370735611 \
      PB ieee/std_logic_misc 1370735608 LB proc_common_v3_00_a LB unisim \
      PH unisim/VCOMPONENTS 1370735613 LB mpmc_v6_06_a \
      PB proc_common_v3_00_a/proc_common_pkg 1540408668 \
      PB proc_common_v3_00_a/family_support 1540408666 \
      PB proc_common_v3_00_a/ipif_pkg 1540408785 PB mpmc_v6_06_a/sdma_pkg 1540408805
AR mpmc_v6_06_a/sdma_datapath/implementation 1540408901 \
      FL $XILINX/hw/XilinxProcessorIPLib/pcores/mpmc_v6_06_a/hdl/vhdl/sdma_datapath.vhd \
      EN mpmc_v6_06_a/sdma_datapath 1540408900 CP RAM16X1S \
      CP mpmc_v6_06_a/sdma_reset_module CP mpmc_v6_06_a/sdma_channel_status_reg \
      CP mpmc_v6_06_a/sdma_address_counter CP mpmc_v6_06_a/sdma_length_counter \
      CP mpmc_v6_06_a/sdma_tx_byte_shifter CP mpmc_v6_06_a/sdma_RX_Byte_Shifter
FL $XILINX/hw/XilinxProcessorIPLib/pcores/mpmc_v6_06_a/hdl/vhdl/sdma_dmac_regfile_arb.vhd 2013/06/03.20:49:40 P.68d
EN mpmc_v6_06_a/sdma_dmac_regfile_arb 1540408836 \
      FL $XILINX/hw/XilinxProcessorIPLib/pcores/mpmc_v6_06_a/hdl/vhdl/sdma_dmac_regfile_arb.vhd \
      PB ieee/std_logic_1164 1370735607 PB ieee/NUMERIC_STD 1370735611 \
      PB ieee/std_logic_misc 1370735608 LB proc_common_v3_00_a LB unisim \
      PH unisim/VCOMPONENTS 1370735613 LB mpmc_v6_06_a \
      PB proc_common_v3_00_a/proc_common_pkg 1540408668 \
      PB proc_common_v3_00_a/family_support 1540408666 \
      PB proc_common_v3_00_a/ipif_pkg 1540408785 PB mpmc_v6_06_a/sdma_pkg 1540408805
AR mpmc_v6_06_a/sdma_dmac_regfile_arb/implementation 1540408837 \
      FL $XILINX/hw/XilinxProcessorIPLib/pcores/mpmc_v6_06_a/hdl/vhdl/sdma_dmac_regfile_arb.vhd \
      EN mpmc_v6_06_a/sdma_dmac_regfile_arb 1540408836
FL $XILINX/hw/XilinxProcessorIPLib/pcores/mpmc_v6_06_a/hdl/vhdl/sdma_interrupt_register.vhd 2013/06/03.20:49:40 P.68d
EN mpmc_v6_06_a/sdma_interrupt_register 1540408834 \
      FL $XILINX/hw/XilinxProcessorIPLib/pcores/mpmc_v6_06_a/hdl/vhdl/sdma_interrupt_register.vhd \
      PB ieee/std_logic_1164 1370735607 PB ieee/NUMERIC_STD 1370735611 \
      PB ieee/std_logic_misc 1370735608 LB proc_common_v3_00_a LB unisim \
      PH unisim/VCOMPONENTS 1370735613 LB mpmc_v6_06_a \
      PB proc_common_v3_00_a/proc_common_pkg 1540408668 \
      PB proc_common_v3_00_a/family_support 1540408666 \
      PB proc_common_v3_00_a/ipif_pkg 1540408785 PB mpmc_v6_06_a/sdma_pkg 1540408805
AR mpmc_v6_06_a/sdma_interrupt_register/implementation 1540408835 \
      FL $XILINX/hw/XilinxProcessorIPLib/pcores/mpmc_v6_06_a/hdl/vhdl/sdma_interrupt_register.vhd \
      EN mpmc_v6_06_a/sdma_interrupt_register 1540408834
FL $XILINX/hw/XilinxProcessorIPLib/pcores/mpmc_v6_06_a/hdl/vhdl/sdma_ipic_if.vhd 2013/06/03.20:49:40 P.68d
EN mpmc_v6_06_a/sdma_ipic_if 1540408832 \
      FL $XILINX/hw/XilinxProcessorIPLib/pcores/mpmc_v6_06_a/hdl/vhdl/sdma_ipic_if.vhd \
      PB ieee/std_logic_1164 1370735607 PB ieee/NUMERIC_STD 1370735611 \
      PB ieee/std_logic_misc 1370735608 LB proc_common_v3_00_a LB unisim \
      PH unisim/VCOMPONENTS 1370735613 LB mpmc_v6_06_a \
      PB proc_common_v3_00_a/proc_common_pkg 1540408668 \
      PB proc_common_v3_00_a/family_support 1540408666 \
      PB proc_common_v3_00_a/ipif_pkg 1540408785 PB mpmc_v6_06_a/sdma_pkg 1540408805
AR mpmc_v6_06_a/sdma_ipic_if/implementation 1540408833 \
      FL $XILINX/hw/XilinxProcessorIPLib/pcores/mpmc_v6_06_a/hdl/vhdl/sdma_ipic_if.vhd \
      EN mpmc_v6_06_a/sdma_ipic_if 1540408832 CP mpmc_v6_06_a/sdma_sample_cycle
FL $XILINX/hw/XilinxProcessorIPLib/pcores/mpmc_v6_06_a/hdl/vhdl/sdma_length_counter.vhd 2013/06/03.20:49:40 P.68d
EN mpmc_v6_06_a/sdma_length_counter 1540408826 \
      FL $XILINX/hw/XilinxProcessorIPLib/pcores/mpmc_v6_06_a/hdl/vhdl/sdma_length_counter.vhd \
      PB ieee/std_logic_1164 1370735607 PB ieee/NUMERIC_STD 1370735611 \
      PB ieee/std_logic_misc 1370735608 LB proc_common_v3_00_a LB unisim \
      PH unisim/VCOMPONENTS 1370735613 LB mpmc_v6_06_a \
      PB proc_common_v3_00_a/proc_common_pkg 1540408668 \
      PB proc_common_v3_00_a/family_support 1540408666 \
      PB proc_common_v3_00_a/ipif_pkg 1540408785 PB mpmc_v6_06_a/sdma_pkg 1540408805
AR mpmc_v6_06_a/sdma_length_counter/implementation 1540408827 \
      FL $XILINX/hw/XilinxProcessorIPLib/pcores/mpmc_v6_06_a/hdl/vhdl/sdma_length_counter.vhd \
      EN mpmc_v6_06_a/sdma_length_counter 1540408826
FL $XILINX/hw/XilinxProcessorIPLib/pcores/mpmc_v6_06_a/hdl/vhdl/sdma_pkg.vhd 2013/06/03.20:49:40 P.68d
PH mpmc_v6_06_a/sdma_pkg 1540408804 \
      FL $XILINX/hw/XilinxProcessorIPLib/pcores/mpmc_v6_06_a/hdl/vhdl/sdma_pkg.vhd \
      PB ieee/std_logic_1164 1370735607 PB ieee/NUMERIC_STD 1370735611 \
      PB ieee/std_logic_misc 1370735608 LB proc_common_v3_00_a LB unisim \
      PH unisim/VCOMPONENTS 1370735613 LB mpmc_v6_06_a \
      PB proc_common_v3_00_a/proc_common_pkg 1540408668 \
      PB proc_common_v3_00_a/family_support 1540408666 \
      PB proc_common_v3_00_a/ipif_pkg 1540408785
PB mpmc_v6_06_a/sdma_pkg 1540408805 \
      FL $XILINX/hw/XilinxProcessorIPLib/pcores/mpmc_v6_06_a/hdl/vhdl/sdma_pkg.vhd \
      PH mpmc_v6_06_a/sdma_pkg 1540408804
FL $XILINX/hw/XilinxProcessorIPLib/pcores/mpmc_v6_06_a/hdl/vhdl/sdma_port_arbiter.vhd 2013/06/03.20:49:40 P.68d
EN mpmc_v6_06_a/sdma_port_arbiter 1540408842 \
      FL $XILINX/hw/XilinxProcessorIPLib/pcores/mpmc_v6_06_a/hdl/vhdl/sdma_port_arbiter.vhd \
      PB ieee/std_logic_1164 1370735607 PB ieee/NUMERIC_STD 1370735611 \
      PB ieee/std_logic_misc 1370735608 LB proc_common_v3_00_a LB unisim \
      PH unisim/VCOMPONENTS 1370735613 LB mpmc_v6_06_a \
      PB proc_common_v3_00_a/proc_common_pkg 1540408668 \
      PB proc_common_v3_00_a/family_support 1540408666 \
      PB proc_common_v3_00_a/ipif_pkg 1540408785 PB mpmc_v6_06_a/sdma_pkg 1540408805
AR mpmc_v6_06_a/sdma_port_arbiter/implementation 1540408843 \
      FL $XILINX/hw/XilinxProcessorIPLib/pcores/mpmc_v6_06_a/hdl/vhdl/sdma_port_arbiter.vhd \
      EN mpmc_v6_06_a/sdma_port_arbiter 1540408842
FL $XILINX/hw/XilinxProcessorIPLib/pcores/mpmc_v6_06_a/hdl/vhdl/sdma_read_data_delay.vhd 2013/06/03.20:49:40 P.68d
EN mpmc_v6_06_a/sdma_read_data_delay 1540408838 \
      FL $XILINX/hw/XilinxProcessorIPLib/pcores/mpmc_v6_06_a/hdl/vhdl/sdma_read_data_delay.vhd \
      PB ieee/std_logic_1164 1370735607 PB ieee/NUMERIC_STD 1370735611 \
      PB ieee/std_logic_misc 1370735608 LB proc_common_v3_00_a LB unisim \
      PH unisim/VCOMPONENTS 1370735613 LB mpmc_v6_06_a \
      PB proc_common_v3_00_a/proc_common_pkg 1540408668 \
      PB proc_common_v3_00_a/family_support 1540408666 \
      PB proc_common_v3_00_a/ipif_pkg 1540408785 PB mpmc_v6_06_a/sdma_pkg 1540408805
AR mpmc_v6_06_a/sdma_read_data_delay/implementation 1540408839 \
      FL $XILINX/hw/XilinxProcessorIPLib/pcores/mpmc_v6_06_a/hdl/vhdl/sdma_read_data_delay.vhd \
      EN mpmc_v6_06_a/sdma_read_data_delay 1540408838
FL $XILINX/hw/XilinxProcessorIPLib/pcores/mpmc_v6_06_a/hdl/vhdl/sdma_reset_module.vhd 2013/06/03.20:49:40 P.68d
EN mpmc_v6_06_a/sdma_reset_module 1540408820 \
      FL $XILINX/hw/XilinxProcessorIPLib/pcores/mpmc_v6_06_a/hdl/vhdl/sdma_reset_module.vhd \
      PB ieee/std_logic_1164 1370735607 PB ieee/NUMERIC_STD 1370735611 \
      PB ieee/std_logic_misc 1370735608 LB proc_common_v3_00_a LB unisim \
      PH unisim/VCOMPONENTS 1370735613 LB mpmc_v6_06_a \
      PB proc_common_v3_00_a/proc_common_pkg 1540408668 \
      PB proc_common_v3_00_a/family_support 1540408666 \
      PB proc_common_v3_00_a/ipif_pkg 1540408785 PB mpmc_v6_06_a/sdma_pkg 1540408805
AR mpmc_v6_06_a/sdma_reset_module/implementation 1540408821 \
      FL $XILINX/hw/XilinxProcessorIPLib/pcores/mpmc_v6_06_a/hdl/vhdl/sdma_reset_module.vhd \
      EN mpmc_v6_06_a/sdma_reset_module 1540408820
FL $XILINX/hw/XilinxProcessorIPLib/pcores/mpmc_v6_06_a/hdl/vhdl/sdma_rx_byte_shifter.vhd 2013/06/03.20:49:40 P.68d
EN mpmc_v6_06_a/sdma_rx_byte_shifter 1540408830 \
      FL $XILINX/hw/XilinxProcessorIPLib/pcores/mpmc_v6_06_a/hdl/vhdl/sdma_rx_byte_shifter.vhd \
      PB ieee/std_logic_1164 1370735607 PB ieee/NUMERIC_STD 1370735611 \
      PB ieee/std_logic_misc 1370735608 LB proc_common_v3_00_a LB unisim \
      PH unisim/VCOMPONENTS 1370735613 LB mpmc_v6_06_a \
      PB proc_common_v3_00_a/proc_common_pkg 1540408668 \
      PB proc_common_v3_00_a/family_support 1540408666 \
      PB proc_common_v3_00_a/ipif_pkg 1540408785 PB mpmc_v6_06_a/sdma_pkg 1540408805
AR mpmc_v6_06_a/sdma_rx_byte_shifter/implementation 1540408831 \
      FL $XILINX/hw/XilinxProcessorIPLib/pcores/mpmc_v6_06_a/hdl/vhdl/sdma_rx_byte_shifter.vhd \
      EN mpmc_v6_06_a/sdma_rx_byte_shifter 1540408830
FL $XILINX/hw/XilinxProcessorIPLib/pcores/mpmc_v6_06_a/hdl/vhdl/sdma_rx_port_controller.vhd 2013/06/03.20:49:40 P.68d
EN mpmc_v6_06_a/sdma_rx_port_controller 1540408856 \
      FL $XILINX/hw/XilinxProcessorIPLib/pcores/mpmc_v6_06_a/hdl/vhdl/sdma_rx_port_controller.vhd \
      PB ieee/std_logic_1164 1370735607 PB ieee/NUMERIC_STD 1370735611 \
      PB ieee/std_logic_misc 1370735608 LB proc_common_v3_00_a LB unisim \
      PH unisim/VCOMPONENTS 1370735613 LB mpmc_v6_06_a \
      PB proc_common_v3_00_a/proc_common_pkg 1540408668 \
      PB proc_common_v3_00_a/family_support 1540408666 \
      PB proc_common_v3_00_a/ipif_pkg 1540408785 PB mpmc_v6_06_a/sdma_pkg 1540408805
AR mpmc_v6_06_a/sdma_rx_port_controller/implementation 1540408857 \
      FL $XILINX/hw/XilinxProcessorIPLib/pcores/mpmc_v6_06_a/hdl/vhdl/sdma_rx_port_controller.vhd \
      EN mpmc_v6_06_a/sdma_rx_port_controller 1540408856
FL $XILINX/hw/XilinxProcessorIPLib/pcores/mpmc_v6_06_a/hdl/vhdl/sdma_rx_read_handler.vhd 2013/06/03.20:49:40 P.68d
EN mpmc_v6_06_a/sdma_rx_read_handler 1540408854 \
      FL $XILINX/hw/XilinxProcessorIPLib/pcores/mpmc_v6_06_a/hdl/vhdl/sdma_rx_read_handler.vhd \
      PB ieee/std_logic_1164 1370735607 PB ieee/NUMERIC_STD 1370735611 \
      PB ieee/std_logic_misc 1370735608 LB proc_common_v3_00_a LB unisim \
      PH unisim/VCOMPONENTS 1370735613 LB mpmc_v6_06_a \
      PB proc_common_v3_00_a/proc_common_pkg 1540408668 \
      PB proc_common_v3_00_a/family_support 1540408666 \
      PB proc_common_v3_00_a/ipif_pkg 1540408785 PB mpmc_v6_06_a/sdma_pkg 1540408805
AR mpmc_v6_06_a/sdma_rx_read_handler/implementation 1540408855 \
      FL $XILINX/hw/XilinxProcessorIPLib/pcores/mpmc_v6_06_a/hdl/vhdl/sdma_rx_read_handler.vhd \
      EN mpmc_v6_06_a/sdma_rx_read_handler 1540408854
FL $XILINX/hw/XilinxProcessorIPLib/pcores/mpmc_v6_06_a/hdl/vhdl/sdma_rx_write_handler.vhd 2013/06/03.20:49:40 P.68d
EN mpmc_v6_06_a/sdma_rx_write_handler 1540408852 \
      FL $XILINX/hw/XilinxProcessorIPLib/pcores/mpmc_v6_06_a/hdl/vhdl/sdma_rx_write_handler.vhd \
      PB ieee/std_logic_1164 1370735607 PB ieee/NUMERIC_STD 1370735611 \
      PB ieee/std_logic_misc 1370735608 LB proc_common_v3_00_a LB unisim \
      PH unisim/VCOMPONENTS 1370735613 LB mpmc_v6_06_a \
      PB proc_common_v3_00_a/proc_common_pkg 1540408668 \
      PB proc_common_v3_00_a/family_support 1540408666 \
      PB proc_common_v3_00_a/ipif_pkg 1540408785 PB mpmc_v6_06_a/sdma_pkg 1540408805
AR mpmc_v6_06_a/sdma_rx_write_handler/implementation 1540408853 \
      FL $XILINX/hw/XilinxProcessorIPLib/pcores/mpmc_v6_06_a/hdl/vhdl/sdma_rx_write_handler.vhd \
      EN mpmc_v6_06_a/sdma_rx_write_handler 1540408852
FL $XILINX/hw/XilinxProcessorIPLib/pcores/mpmc_v6_06_a/hdl/vhdl/sdma_sample_cycle.vhd 2013/06/03.20:49:40 P.68d
EN mpmc_v6_06_a/sdma_sample_cycle 1540408806 \
      FL $XILINX/hw/XilinxProcessorIPLib/pcores/mpmc_v6_06_a/hdl/vhdl/sdma_sample_cycle.vhd \
      PB ieee/std_logic_1164 1370735607 PB ieee/NUMERIC_STD 1370735611 \
      PB ieee/std_logic_misc 1370735608 LB unisim PH unisim/VCOMPONENTS 1370735613
AR mpmc_v6_06_a/sdma_sample_cycle/implementation 1540408807 \
      FL $XILINX/hw/XilinxProcessorIPLib/pcores/mpmc_v6_06_a/hdl/vhdl/sdma_sample_cycle.vhd \
      EN mpmc_v6_06_a/sdma_sample_cycle 1540408806
FL $XILINX/hw/XilinxProcessorIPLib/pcores/mpmc_v6_06_a/hdl/vhdl/sdma_tx_byte_shifter.vhd 2013/06/03.20:49:40 P.68d
EN mpmc_v6_06_a/sdma_tx_byte_shifter 1540408828 \
      FL $XILINX/hw/XilinxProcessorIPLib/pcores/mpmc_v6_06_a/hdl/vhdl/sdma_tx_byte_shifter.vhd \
      PB ieee/std_logic_1164 1370735607 PB ieee/NUMERIC_STD 1370735611 \
      PB ieee/std_logic_misc 1370735608 LB proc_common_v3_00_a LB unisim \
      PH unisim/VCOMPONENTS 1370735613 LB mpmc_v6_06_a \
      PB proc_common_v3_00_a/proc_common_pkg 1540408668 \
      PB proc_common_v3_00_a/family_support 1540408666 \
      PB proc_common_v3_00_a/ipif_pkg 1540408785 PB mpmc_v6_06_a/sdma_pkg 1540408805
AR mpmc_v6_06_a/sdma_tx_byte_shifter/implementation 1540408829 \
      FL $XILINX/hw/XilinxProcessorIPLib/pcores/mpmc_v6_06_a/hdl/vhdl/sdma_tx_byte_shifter.vhd \
      EN mpmc_v6_06_a/sdma_tx_byte_shifter 1540408828
FL $XILINX/hw/XilinxProcessorIPLib/pcores/mpmc_v6_06_a/hdl/vhdl/sdma_tx_port_controller.vhd 2013/06/03.20:49:40 P.68d
EN mpmc_v6_06_a/sdma_tx_port_controller 1540408848 \
      FL $XILINX/hw/XilinxProcessorIPLib/pcores/mpmc_v6_06_a/hdl/vhdl/sdma_tx_port_controller.vhd \
      PB ieee/std_logic_1164 1370735607 PB ieee/NUMERIC_STD 1370735611 \
      PB ieee/std_logic_misc 1370735608 LB proc_common_v3_00_a LB unisim \
      PH unisim/VCOMPONENTS 1370735613 LB mpmc_v6_06_a \
      PB proc_common_v3_00_a/proc_common_pkg 1540408668 \
      PB proc_common_v3_00_a/family_support 1540408666 \
      PB proc_common_v3_00_a/ipif_pkg 1540408785 PB mpmc_v6_06_a/sdma_pkg 1540408805
AR mpmc_v6_06_a/sdma_tx_port_controller/implementation 1540408849 \
      FL $XILINX/hw/XilinxProcessorIPLib/pcores/mpmc_v6_06_a/hdl/vhdl/sdma_tx_port_controller.vhd \
      EN mpmc_v6_06_a/sdma_tx_port_controller 1540408848
FL $XILINX/hw/XilinxProcessorIPLib/pcores/mpmc_v6_06_a/hdl/vhdl/sdma_tx_read_handler.vhd 2013/06/03.20:49:40 P.68d
EN mpmc_v6_06_a/sdma_tx_read_handler 1540408846 \
      FL $XILINX/hw/XilinxProcessorIPLib/pcores/mpmc_v6_06_a/hdl/vhdl/sdma_tx_read_handler.vhd \
      PB ieee/std_logic_1164 1370735607 PB ieee/NUMERIC_STD 1370735611 \
      PB ieee/std_logic_misc 1370735608 LB proc_common_v3_00_a LB unisim \
      PH unisim/VCOMPONENTS 1370735613 LB mpmc_v6_06_a \
      PB proc_common_v3_00_a/proc_common_pkg 1540408668 \
      PB proc_common_v3_00_a/family_support 1540408666 \
      PB proc_common_v3_00_a/ipif_pkg 1540408785 PB mpmc_v6_06_a/sdma_pkg 1540408805
AR mpmc_v6_06_a/sdma_tx_read_handler/implementation 1540408847 \
      FL $XILINX/hw/XilinxProcessorIPLib/pcores/mpmc_v6_06_a/hdl/vhdl/sdma_tx_read_handler.vhd \
      EN mpmc_v6_06_a/sdma_tx_read_handler 1540408846
FL $XILINX/hw/XilinxProcessorIPLib/pcores/mpmc_v6_06_a/hdl/vhdl/sdma_tx_rx_state.vhd 2013/06/03.20:49:40 P.68d
EN mpmc_v6_06_a/sdma_tx_rx_state 1540408850 \
      FL $XILINX/hw/XilinxProcessorIPLib/pcores/mpmc_v6_06_a/hdl/vhdl/sdma_tx_rx_state.vhd \
      PB ieee/std_logic_1164 1370735607 PB ieee/NUMERIC_STD 1370735611 \
      PB ieee/std_logic_misc 1370735608 LB proc_common_v3_00_a LB unisim \
      PH unisim/VCOMPONENTS 1370735613 LB mpmc_v6_06_a \
      PB proc_common_v3_00_a/proc_common_pkg 1540408668 \
      PB proc_common_v3_00_a/family_support 1540408666 \
      PB proc_common_v3_00_a/ipif_pkg 1540408785 PB mpmc_v6_06_a/sdma_pkg 1540408805
AR mpmc_v6_06_a/sdma_tx_rx_state/implementation 1540408851 \
      FL $XILINX/hw/XilinxProcessorIPLib/pcores/mpmc_v6_06_a/hdl/vhdl/sdma_tx_rx_state.vhd \
      EN mpmc_v6_06_a/sdma_tx_rx_state 1540408850
FL $XILINX/hw/XilinxProcessorIPLib/pcores/mpmc_v6_06_a/hdl/vhdl/sdma_tx_write_handler.vhd 2013/06/03.20:49:40 P.68d
EN mpmc_v6_06_a/sdma_tx_write_handler 1540408844 \
      FL $XILINX/hw/XilinxProcessorIPLib/pcores/mpmc_v6_06_a/hdl/vhdl/sdma_tx_write_handler.vhd \
      PB ieee/std_logic_1164 1370735607 PB ieee/NUMERIC_STD 1370735611 \
      PB ieee/std_logic_misc 1370735608 LB proc_common_v3_00_a LB unisim \
      PH unisim/VCOMPONENTS 1370735613 LB mpmc_v6_06_a \
      PB proc_common_v3_00_a/proc_common_pkg 1540408668 \
      PB proc_common_v3_00_a/family_support 1540408666 \
      PB proc_common_v3_00_a/ipif_pkg 1540408785 PB mpmc_v6_06_a/sdma_pkg 1540408805
AR mpmc_v6_06_a/sdma_tx_write_handler/implementation 1540408845 \
      FL $XILINX/hw/XilinxProcessorIPLib/pcores/mpmc_v6_06_a/hdl/vhdl/sdma_tx_write_handler.vhd \
      EN mpmc_v6_06_a/sdma_tx_write_handler 1540408844
FL $XILINX/hw/XilinxProcessorIPLib/pcores/mpmc_v6_06_a/hdl/vhdl/sdma_wrapper.vhd 2013/06/03.20:49:40 P.68d
EN mpmc_v6_06_a/sdma_wrapper 1540408916 \
      FL $XILINX/hw/XilinxProcessorIPLib/pcores/mpmc_v6_06_a/hdl/vhdl/sdma_wrapper.vhd \
      PB ieee/std_logic_1164 1370735607 PB ieee/std_logic_arith 1370735608 \
      PB ieee/NUMERIC_STD 1370735611 PB ieee/std_logic_misc 1370735608 LB unisim \
      PH unisim/VCOMPONENTS 1370735613 LB mpmc_v6_06_a PB mpmc_v6_06_a/sdma_pkg 1540408805
AR mpmc_v6_06_a/sdma_wrapper/implementation 1540408917 \
      FL $XILINX/hw/XilinxProcessorIPLib/pcores/mpmc_v6_06_a/hdl/vhdl/sdma_wrapper.vhd \
      EN mpmc_v6_06_a/sdma_wrapper 1540408916 CP mpmc_v6_06_a/sdma
FL $XILINX/hw/XilinxProcessorIPLib/pcores/mpmc_v6_06_a/hdl/vhdl/vfbc.vhd 2013/06/03.20:49:40 P.68d
EN mpmc_v6_06_a/vfbc 1540408902 \
      FL $XILINX/hw/XilinxProcessorIPLib/pcores/mpmc_v6_06_a/hdl/vhdl/vfbc.vhd \
      PB ieee/std_logic_1164 1370735607 PB ieee/STD_LOGIC_UNSIGNED 1370735609 \
      PB ieee/std_logic_arith 1370735608 PB mpmc_v6_06_a/memxlib_utils 1540408707 \
      PB mpmc_v6_06_a/p_vfbc 1540408861
AR mpmc_v6_06_a/vfbc/rtl 1540408903 \
      FL $XILINX/hw/XilinxProcessorIPLib/pcores/mpmc_v6_06_a/hdl/vhdl/vfbc.vhd \
      EN mpmc_v6_06_a/vfbc 1540408902 CP mpmc_v6_06_a/ObjFifoAsyncDiffW \
      CP mpmc_v6_06_a/vfbc_newcmd CP mpmc_v6_06_a/vfbc_cmd_fetch \
      CP mpmc_v6_06_a/vfbc_arbitrator CP mpmc_v6_06_a/vfbc_cmd_buffer \
      CP mpmc_v6_06_a/vfbc_cmd_control CP mpmc_v6_06_a/vfbc_burst_control
FL $XILINX/hw/XilinxProcessorIPLib/pcores/mpmc_v6_06_a/hdl/vhdl/vfbc1_pim.vhd 2013/06/03.20:49:40 P.68d
EN mpmc_v6_06_a/vfbc1_pim 1540408910 \
      FL $XILINX/hw/XilinxProcessorIPLib/pcores/mpmc_v6_06_a/hdl/vhdl/vfbc1_pim.vhd \
      PB ieee/std_logic_1164 1370735607 PB ieee/STD_LOGIC_UNSIGNED 1370735609 \
      PB ieee/std_logic_arith 1370735608 PB mpmc_v6_06_a/memxlib_utils 1540408707 \
      PB mpmc_v6_06_a/p_vfbc 1540408861
AR mpmc_v6_06_a/vfbc1_pim/rtl 1540408911 \
      FL $XILINX/hw/XilinxProcessorIPLib/pcores/mpmc_v6_06_a/hdl/vhdl/vfbc1_pim.vhd \
      EN mpmc_v6_06_a/vfbc1_pim 1540408910 CP mpmc_v6_06_a/vfbc \
      CP mpmc_v6_06_a/vfbc_backend_control
FL $XILINX/hw/XilinxProcessorIPLib/pcores/mpmc_v6_06_a/hdl/vhdl/vfbc_arbitrator.vhd 2013/06/03.20:49:40 P.68d
EN mpmc_v6_06_a/vfbc_arbitrator 1540408812 \
      FL $XILINX/hw/XilinxProcessorIPLib/pcores/mpmc_v6_06_a/hdl/vhdl/vfbc_arbitrator.vhd \
      PB ieee/std_logic_1164 1370735607 PB ieee/std_logic_arith 1370735608 \
      PB ieee/STD_LOGIC_UNSIGNED 1370735609 PB mpmc_v6_06_a/memxlib_utils 1540408707
AR mpmc_v6_06_a/vfbc_arbitrator/rtl 1540408813 \
      FL $XILINX/hw/XilinxProcessorIPLib/pcores/mpmc_v6_06_a/hdl/vhdl/vfbc_arbitrator.vhd \
      EN mpmc_v6_06_a/vfbc_arbitrator 1540408812
FL $XILINX/hw/XilinxProcessorIPLib/pcores/mpmc_v6_06_a/hdl/vhdl/vfbc_backend_control.vhd 2013/06/03.20:49:40 P.68d
EN mpmc_v6_06_a/vfbc_backend_control 1540408904 \
      FL $XILINX/hw/XilinxProcessorIPLib/pcores/mpmc_v6_06_a/hdl/vhdl/vfbc_backend_control.vhd \
      PB ieee/std_logic_1164 1370735607 PB ieee/STD_LOGIC_UNSIGNED 1370735609 \
      PB ieee/std_logic_arith 1370735608 PB mpmc_v6_06_a/memxlib_utils 1540408707
AR mpmc_v6_06_a/vfbc_backend_control/rtl 1540408905 \
      FL $XILINX/hw/XilinxProcessorIPLib/pcores/mpmc_v6_06_a/hdl/vhdl/vfbc_backend_control.vhd \
      EN mpmc_v6_06_a/vfbc_backend_control 1540408904 \
      AR mpmc_v6_06_a/synch_fifo/rtl 1540408791
FL $XILINX/hw/XilinxProcessorIPLib/pcores/mpmc_v6_06_a/hdl/vhdl/vfbc_burst_control.vhd 2013/06/03.20:49:40 P.68d
EN mpmc_v6_06_a/vfbc_burst_control 1540408876 \
      FL $XILINX/hw/XilinxProcessorIPLib/pcores/mpmc_v6_06_a/hdl/vhdl/vfbc_burst_control.vhd \
      PB ieee/std_logic_1164 1370735607 PB ieee/STD_LOGIC_UNSIGNED 1370735609 \
      PB ieee/std_logic_arith 1370735608 PB mpmc_v6_06_a/memxlib_utils 1540408707
AR mpmc_v6_06_a/vfbc_burst_control/rtl 1540408877 \
      FL $XILINX/hw/XilinxProcessorIPLib/pcores/mpmc_v6_06_a/hdl/vhdl/vfbc_burst_control.vhd \
      EN mpmc_v6_06_a/vfbc_burst_control 1540408876 CP mpmc_v6_06_a/vfbc_onehot \
      AR mpmc_v6_06_a/synch_fifo/rtl 1540408791
FL $XILINX/hw/XilinxProcessorIPLib/pcores/mpmc_v6_06_a/hdl/vhdl/vfbc_cmd_buffer.vhd 2013/06/03.20:49:40 P.68d
EN mpmc_v6_06_a/vfbc_cmd_buffer 1540408872 \
      FL $XILINX/hw/XilinxProcessorIPLib/pcores/mpmc_v6_06_a/hdl/vhdl/vfbc_cmd_buffer.vhd \
      PB ieee/std_logic_1164 1370735607 PB ieee/STD_LOGIC_UNSIGNED 1370735609 \
      PB ieee/std_logic_arith 1370735608 PB mpmc_v6_06_a/memxlib_utils 1540408707
AR mpmc_v6_06_a/vfbc_cmd_buffer/rtl 1540408873 \
      FL $XILINX/hw/XilinxProcessorIPLib/pcores/mpmc_v6_06_a/hdl/vhdl/vfbc_cmd_buffer.vhd \
      EN mpmc_v6_06_a/vfbc_cmd_buffer 1540408872
FL $XILINX/hw/XilinxProcessorIPLib/pcores/mpmc_v6_06_a/hdl/vhdl/vfbc_cmd_control.vhd 2013/06/03.20:49:40 P.68d
EN mpmc_v6_06_a/vfbc_cmd_control 1540408874 \
      FL $XILINX/hw/XilinxProcessorIPLib/pcores/mpmc_v6_06_a/hdl/vhdl/vfbc_cmd_control.vhd \
      PB ieee/std_logic_1164 1370735607 PB ieee/STD_LOGIC_UNSIGNED 1370735609 \
      PB ieee/std_logic_arith 1370735608 PB mpmc_v6_06_a/memxlib_utils 1540408707
AR mpmc_v6_06_a/vfbc_cmd_control/rtl 1540408875 \
      FL $XILINX/hw/XilinxProcessorIPLib/pcores/mpmc_v6_06_a/hdl/vhdl/vfbc_cmd_control.vhd \
      EN mpmc_v6_06_a/vfbc_cmd_control 1540408874
FL $XILINX/hw/XilinxProcessorIPLib/pcores/mpmc_v6_06_a/hdl/vhdl/vfbc_cmd_fetch.vhd 2013/06/03.20:49:40 P.68d
EN mpmc_v6_06_a/vfbc_cmd_fetch 1540408870 \
      FL $XILINX/hw/XilinxProcessorIPLib/pcores/mpmc_v6_06_a/hdl/vhdl/vfbc_cmd_fetch.vhd \
      PB ieee/std_logic_1164 1370735607 PB ieee/STD_LOGIC_UNSIGNED 1370735609 \
      PB ieee/std_logic_arith 1370735608 PB mpmc_v6_06_a/memxlib_utils 1540408707
AR mpmc_v6_06_a/vfbc_cmd_fetch/rtl 1540408871 \
      FL $XILINX/hw/XilinxProcessorIPLib/pcores/mpmc_v6_06_a/hdl/vhdl/vfbc_cmd_fetch.vhd \
      EN mpmc_v6_06_a/vfbc_cmd_fetch 1540408870
FL $XILINX/hw/XilinxProcessorIPLib/pcores/mpmc_v6_06_a/hdl/vhdl/vfbc_newcmd.vhd 2013/06/03.20:49:40 P.68d
EN mpmc_v6_06_a/vfbc_newcmd 1540408868 \
      FL $XILINX/hw/XilinxProcessorIPLib/pcores/mpmc_v6_06_a/hdl/vhdl/vfbc_newcmd.vhd \
      PB ieee/std_logic_1164 1370735607 PB ieee/STD_LOGIC_UNSIGNED 1370735609 \
      PB ieee/std_logic_arith 1370735608 PB mpmc_v6_06_a/memxlib_utils 1540408707
AR mpmc_v6_06_a/vfbc_newcmd/rtl 1540408869 \
      FL $XILINX/hw/XilinxProcessorIPLib/pcores/mpmc_v6_06_a/hdl/vhdl/vfbc_newcmd.vhd \
      EN mpmc_v6_06_a/vfbc_newcmd 1540408868 CP mpmc_v6_06_a/vfbc_arbitrator
FL $XILINX/hw/XilinxProcessorIPLib/pcores/mpmc_v6_06_a/hdl/vhdl/vfbc_onehot.vhd 2013/06/03.20:49:40 P.68d
EN mpmc_v6_06_a/vfbc_onehot 1540408810 \
      FL $XILINX/hw/XilinxProcessorIPLib/pcores/mpmc_v6_06_a/hdl/vhdl/vfbc_onehot.vhd \
      PB ieee/std_logic_1164 1370735607 PB ieee/STD_LOGIC_UNSIGNED 1370735609 \
      PB ieee/std_logic_arith 1370735608
AR mpmc_v6_06_a/vfbc_onehot/rtl 1540408811 \
      FL $XILINX/hw/XilinxProcessorIPLib/pcores/mpmc_v6_06_a/hdl/vhdl/vfbc_onehot.vhd \
      EN mpmc_v6_06_a/vfbc_onehot 1540408810
FL $XILINX/hw/XilinxProcessorIPLib/pcores/mpmc_v6_06_a/hdl/vhdl/vfbc_pim_wrapper.vhd 2013/06/03.20:49:40 P.68d
EN mpmc_v6_06_a/vfbc_pim_wrapper 1540408914 \
      FL $XILINX/hw/XilinxProcessorIPLib/pcores/mpmc_v6_06_a/hdl/vhdl/vfbc_pim_wrapper.vhd \
      PB ieee/std_logic_1164 1370735607 PB ieee/std_logic_arith 1370735608 \
      PB ieee/STD_LOGIC_UNSIGNED 1370735609 LB mpmc_v6_06_a
AR mpmc_v6_06_a/vfbc_pim_wrapper/IMP 1540408915 \
      FL $XILINX/hw/XilinxProcessorIPLib/pcores/mpmc_v6_06_a/hdl/vhdl/vfbc_pim_wrapper.vhd \
      EN mpmc_v6_06_a/vfbc_pim_wrapper 1540408914 CP mpmc_v6_06_a/vfbc1_pim
