EN interrupt_control NULL C:/Xilinx/14.6/ISE_DS/EDK/hw/XilinxProcessorIPLib/pcores/interrupt_control_v2_01_a/hdl/vhdl/interrupt_control.vhd sub00/vhpl00 1540408756
AR interrupt_control implementation C:/Xilinx/14.6/ISE_DS/EDK/hw/XilinxProcessorIPLib/pcores/interrupt_control_v2_01_a/hdl/vhdl/interrupt_control.vhd sub00/vhpl01 1540408757
