14:08:23 **** Build of configuration Debug for project rps ****
make all 
'Building file: ../src/helloworld.c'
'Invoking: MicroBlaze gcc compiler'
mb-gcc -Wall -O0 -g3 -c -fmessage-length=0 -I../../rps_bsp/microblaze_0/include -mxl-barrel-shift -mxl-pattern-compare -mcpu=v8.50.b -mno-xl-soft-mul -Wl,--no-relax -ffunction-sections -fdata-sections -MMD -MP -MF"src/helloworld.d" -MT"src/helloworld.d" -o "src/helloworld.o" "../src/helloworld.c"
../src/helloworld.c: In function 'main':
../src/helloworld.c:58:6: warning: unused variable 'player_2' [-Wunused-variable]
../src/helloworld.c:57:6: warning: unused variable 'player_1' [-Wunused-variable]
'Finished building: ../src/helloworld.c'
' '
'Building file: ../src/platform.c'
'Invoking: MicroBlaze gcc compiler'
mb-gcc -Wall -O0 -g3 -c -fmessage-length=0 -I../../rps_bsp/microblaze_0/include -mxl-barrel-shift -mxl-pattern-compare -mcpu=v8.50.b -mno-xl-soft-mul -Wl,--no-relax -ffunction-sections -fdata-sections -MMD -MP -MF"src/platform.d" -MT"src/platform.d" -o "src/platform.o" "../src/platform.c"
'Finished building: ../src/platform.c'
' '
'Building target: rps.elf'
'Invoking: MicroBlaze gcc linker'
mb-gcc -Wl,-T -Wl,../src/lscript.ld -L../../rps_bsp/microblaze_0/lib -mxl-barrel-shift -mxl-pattern-compare -mcpu=v8.50.b -mno-xl-soft-mul -Wl,--no-relax -Wl,--gc-sections -o "rps.elf"  ./src/helloworld.o ./src/platform.o   -Wl,--start-group,-lxil,-lgcc,-lc,--end-group
'Finished building target: rps.elf'
' '
'Invoking: MicroBlaze Print Size'
mb-size rps.elf  |tee "rps.elf.size"
   text	   data	    bss	    dec	    hex	filename
  17828	   1380	   2160	  21368	   5378	rps.elf
'Finished building: rps.elf.size'
' '
'Invoking: Xilinx ELF Check'
elfcheck rps.elf -hw ../../RPS_hw_platform/system.xml -pe microblaze_0  |tee "rps.elf.elfcheck"
elfcheck
Xilinx EDK 2013.2 Build EDK_P.68d
Copyright (c) 1995-2012 Xilinx, Inc.  All rights reserved.

Command Line: elfcheck -hw ../../RPS_hw_platform/system.xml -pe microblaze_0
rps.elf 

ELF file	: rps.elf
elfcheck passed.
'Finished building: rps.elf.elfcheck'
' '

14:08:25 Build Finished (took 2s.285ms)

