EN system_clock_generator_0_wrapper NULL C:/Users/CS152B/Desktop/cs152b/Lab3/Lab3/synthesis/parallel_run/hdl/system_clock_generator_0_wrapper.vhd sub00/vhpl00 1540583005
AR system_clock_generator_0_wrapper structure C:/Users/CS152B/Desktop/cs152b/Lab3/Lab3/synthesis/parallel_run/hdl/system_clock_generator_0_wrapper.vhd sub00/vhpl01 1540583006
