V3 7
FL C:/Users/CS152B/Desktop/cs152b/Lab3/Lab3/synthesis/parallel_run/hdl/system_clock_generator_0_wrapper.vhd 2018/10/26.12:43:11 P.68d
EN work/system_clock_generator_0_wrapper 1540583005 \
      FL C:/Users/CS152B/Desktop/cs152b/Lab3/Lab3/synthesis/parallel_run/hdl/system_clock_generator_0_wrapper.vhd \
      PB ieee/std_logic_1164 1370735607 LB UNISIM PH unisim/VCOMPONENTS 1370735613 \
      LB clock_generator_0_v4_03_a LB clock_generator_v4_03_a
AR work/system_clock_generator_0_wrapper/STRUCTURE 1540583006 \
      FL C:/Users/CS152B/Desktop/cs152b/Lab3/Lab3/synthesis/parallel_run/hdl/system_clock_generator_0_wrapper.vhd \
      EN work/system_clock_generator_0_wrapper 1540583005 CP clock_generator
