AR system_microblaze_0_wrapper structure C:/Users/CS152B/Desktop/cs152b/Lab3/Lab3/synthesis/parallel_run/hdl/system_microblaze_0_wrapper.vhd sub00/vhpl01 1540408741
EN system_microblaze_0_wrapper NULL C:/Users/CS152B/Desktop/cs152b/Lab3/Lab3/synthesis/parallel_run/hdl/system_microblaze_0_wrapper.vhd sub00/vhpl00 1540408740
