EN system_ilmb_cntlr_wrapper NULL C:/Users/CS152B/Desktop/cs152b/Lab3/RPS/synthesis/parallel_run/hdl/system_ilmb_cntlr_wrapper.vhd sub00/vhpl00 1540835210
AR system_ilmb_cntlr_wrapper structure C:/Users/CS152B/Desktop/cs152b/Lab3/RPS/synthesis/parallel_run/hdl/system_ilmb_cntlr_wrapper.vhd sub00/vhpl01 1540835211
