V3 269
FL $XILINX/hw/XilinxProcessorIPLib/pcores/proc_common_v3_00_a/hdl/vhdl/addsub.vhd 2013/06/03.20:49:46 P.68d
EN proc_common_v3_00_a/addsub 1540408653 \
      FL $XILINX/hw/XilinxProcessorIPLib/pcores/proc_common_v3_00_a/hdl/vhdl/addsub.vhd \
      PB ieee/std_logic_1164 1370735607
AR proc_common_v3_00_a/addsub/imp 1540408654 \
      FL $XILINX/hw/XilinxProcessorIPLib/pcores/proc_common_v3_00_a/hdl/vhdl/addsub.vhd \
      EN proc_common_v3_00_a/addsub 1540408653 LB unisim PH unisim/VCOMPONENTS 1370735613 \
      PB ieee/NUMERIC_STD 1370735611 CP MUXCY CP XORCY CP FDRE
FL $XILINX/hw/XilinxProcessorIPLib/pcores/proc_common_v3_00_a/hdl/vhdl/async_fifo_fg.vhd 2013/06/03.20:49:46 P.68d
EN proc_common_v3_00_a/async_fifo_fg 1540408645 \
      FL $XILINX/hw/XilinxProcessorIPLib/pcores/proc_common_v3_00_a/hdl/vhdl/async_fifo_fg.vhd \
      PB ieee/std_logic_1164 1370735607 PB ieee/NUMERIC_STD 1370735611 \
      LB proc_common_v3_00_a PB proc_common_v3_00_a/proc_common_pkg 1540408603 \
      PH proc_common_v3_00_a/coregen_comp_defs 1540408640 \
      PB proc_common_v3_00_a/family_support 1540408601
AR proc_common_v3_00_a/async_fifo_fg/implementation 1540408646 \
      FL $XILINX/hw/XilinxProcessorIPLib/pcores/proc_common_v3_00_a/hdl/vhdl/async_fifo_fg.vhd \
      EN proc_common_v3_00_a/async_fifo_fg 1540408645 CP integer \
      CP std_logic_vector CP fifo_generator_v4_3 CP fifo_generator_v9_3
FL $XILINX/hw/XilinxProcessorIPLib/pcores/proc_common_v3_00_a/hdl/vhdl/basic_sfifo_fg.vhd 2013/06/03.20:49:46 P.68d
EN proc_common_v3_00_a/basic_sfifo_fg 1540408649 \
      FL $XILINX/hw/XilinxProcessorIPLib/pcores/proc_common_v3_00_a/hdl/vhdl/basic_sfifo_fg.vhd \
      PB ieee/std_logic_1164 1370735607 PB ieee/NUMERIC_STD 1370735611 \
      LB proc_common_v3_00_a PB proc_common_v3_00_a/proc_common_pkg 1540408603 \
      PH proc_common_v3_00_a/coregen_comp_defs 1540408640
AR proc_common_v3_00_a/basic_sfifo_fg/implementation 1540408650 \
      FL $XILINX/hw/XilinxProcessorIPLib/pcores/proc_common_v3_00_a/hdl/vhdl/basic_sfifo_fg.vhd \
      EN proc_common_v3_00_a/basic_sfifo_fg 1540408649 CP fifo_generator_v8_2
FL $XILINX/hw/XilinxProcessorIPLib/pcores/proc_common_v3_00_a/hdl/vhdl/blk_mem_gen_wrapper.vhd 2013/06/03.20:49:46 P.68d
EN proc_common_v3_00_a/blk_mem_gen_wrapper 1540408651 \
      FL $XILINX/hw/XilinxProcessorIPLib/pcores/proc_common_v3_00_a/hdl/vhdl/blk_mem_gen_wrapper.vhd \
      PB ieee/std_logic_1164 1370735607 LB proc_common_v3_00_a \
      PH proc_common_v3_00_a/coregen_comp_defs 1540408640 \
      PB proc_common_v3_00_a/family_support 1540408601
AR proc_common_v3_00_a/blk_mem_gen_wrapper/implementation 1540408652 \
      FL $XILINX/hw/XilinxProcessorIPLib/pcores/proc_common_v3_00_a/hdl/vhdl/blk_mem_gen_wrapper.vhd \
      EN proc_common_v3_00_a/blk_mem_gen_wrapper 1540408651 CP blk_mem_gen_v2_7 \
      CP blk_mem_gen_v7_3
FL $XILINX/hw/XilinxProcessorIPLib/pcores/proc_common_v3_00_a/hdl/vhdl/cntr_incr_decr_addn_f.vhd 2013/06/03.20:49:46 P.68d
EN proc_common_v3_00_a/cntr_incr_decr_addn_f 1540408612 \
      FL $XILINX/hw/XilinxProcessorIPLib/pcores/proc_common_v3_00_a/hdl/vhdl/cntr_incr_decr_addn_f.vhd \
      PB ieee/std_logic_1164 1370735607
AR proc_common_v3_00_a/cntr_incr_decr_addn_f/imp 1540408613 \
      FL $XILINX/hw/XilinxProcessorIPLib/pcores/proc_common_v3_00_a/hdl/vhdl/cntr_incr_decr_addn_f.vhd \
      EN proc_common_v3_00_a/cntr_incr_decr_addn_f 1540408612 \
      LB proc_common_v3_00_a PB ieee/NUMERIC_STD 1370735611 LB unisim \
      CP std_logic_vector CP MUXCY_L CP XORCY CP FDS \
      PB proc_common_v3_00_a/family_support 1540408601
FL $XILINX/hw/XilinxProcessorIPLib/pcores/proc_common_v3_00_a/hdl/vhdl/common_types_pkg.vhd 2013/06/03.20:49:46 P.68d
PH proc_common_v3_00_a/Common_Types 1540408641 \
      FL $XILINX/hw/XilinxProcessorIPLib/pcores/proc_common_v3_00_a/hdl/vhdl/common_types_pkg.vhd \
      PB ieee/std_logic_1164 1370735607
PB proc_common_v3_00_a/Common_Types 1540408642 \
      FL $XILINX/hw/XilinxProcessorIPLib/pcores/proc_common_v3_00_a/hdl/vhdl/common_types_pkg.vhd \
      PH proc_common_v3_00_a/Common_Types 1540408641
FL $XILINX/hw/XilinxProcessorIPLib/pcores/proc_common_v3_00_a/hdl/vhdl/compare_vectors_f.vhd 2013/06/03.20:49:46 P.68d
EN proc_common_v3_00_a/compare_vectors_f 1540408705 \
      FL $XILINX/hw/XilinxProcessorIPLib/pcores/proc_common_v3_00_a/hdl/vhdl/compare_vectors_f.vhd \
      PB ieee/std_logic_1164 1370735607 LB unisim PH unisim/VCOMPONENTS 1370735613 \
      LB proc_common_v3_00_a PB proc_common_v3_00_a/family_support 1540408601
AR proc_common_v3_00_a/compare_vectors_f/imp 1540408706 \
      FL $XILINX/hw/XilinxProcessorIPLib/pcores/proc_common_v3_00_a/hdl/vhdl/compare_vectors_f.vhd \
      EN proc_common_v3_00_a/compare_vectors_f 1540408705 CP positive \
      CP std_logic_vector CP natural CP MUXCY
FL $XILINX/hw/XilinxProcessorIPLib/pcores/proc_common_v3_00_a/hdl/vhdl/conv_funs_pkg.vhd 2013/06/03.20:49:46 P.68d
PH proc_common_v3_00_a/conv_funs_pkg 1540408643 \
      FL $XILINX/hw/XilinxProcessorIPLib/pcores/proc_common_v3_00_a/hdl/vhdl/conv_funs_pkg.vhd \
      PB ieee/std_logic_1164 1370735607
PB proc_common_v3_00_a/conv_funs_pkg 1540408644 \
      FL $XILINX/hw/XilinxProcessorIPLib/pcores/proc_common_v3_00_a/hdl/vhdl/conv_funs_pkg.vhd \
      PH proc_common_v3_00_a/conv_funs_pkg 1540408643
FL $XILINX/hw/XilinxProcessorIPLib/pcores/proc_common_v3_00_a/hdl/vhdl/coregen_comp_defs.vhd 2013/06/03.20:49:46 P.68d
PH proc_common_v3_00_a/coregen_comp_defs 1540408640 \
      FL $XILINX/hw/XilinxProcessorIPLib/pcores/proc_common_v3_00_a/hdl/vhdl/coregen_comp_defs.vhd \
      PB ieee/std_logic_1164 1370735607 CD fifo_generator_v4_2 \
      CD fifo_generator_v4_3 CD fifo_generator_v5_1 CD fifo_generator_v5_2 \
      CD fifo_generator_v5_3 CD fifo_generator_v6_1 CD fifo_generator_v8_1 \
      CD fifo_generator_v8_2 CD fifo_generator_v8_3 CD fifo_generator_v9_1 \
      CD fifo_generator_v9_2 CD fifo_generator_v9_3 CD blk_mem_gen_v2_7 \
      CD blk_mem_gen_v3_1 CD blk_mem_gen_v3_2 CD blk_mem_gen_v3_3 \
      CD blk_mem_gen_v4_1 CD blk_mem_gen_v5_2 CD blk_mem_gen_v6_2 \
      CD blk_mem_gen_v7_1 CD blk_mem_gen_v7_3
FL $XILINX/hw/XilinxProcessorIPLib/pcores/proc_common_v3_00_a/hdl/vhdl/counter.vhd 2013/06/03.20:49:46 P.68d
EN proc_common_v3_00_a/Counter 1540408638 \
      FL $XILINX/hw/XilinxProcessorIPLib/pcores/proc_common_v3_00_a/hdl/vhdl/counter.vhd \
      PB ieee/std_logic_1164 1370735607 LB unisim PH unisim/VCOMPONENTS 1370735613 \
      LB proc_common_v3_00_a EN proc_common_v3_00_a/counter_bit 1540408622
AR proc_common_v3_00_a/Counter/imp 1540408639 \
      FL $XILINX/hw/XilinxProcessorIPLib/pcores/proc_common_v3_00_a/hdl/vhdl/counter.vhd \
      EN proc_common_v3_00_a/Counter 1540408638 \
      CP proc_common_v3_00_a/counter_bit CP FDRE
FL $XILINX/hw/XilinxProcessorIPLib/pcores/proc_common_v3_00_a/hdl/vhdl/counter_bit.vhd 2013/06/03.20:49:46 P.68d
EN proc_common_v3_00_a/counter_bit 1540408622 \
      FL $XILINX/hw/XilinxProcessorIPLib/pcores/proc_common_v3_00_a/hdl/vhdl/counter_bit.vhd \
      PB ieee/std_logic_1164 1370735607 LB unisim
AR proc_common_v3_00_a/counter_bit/imp 1540408623 \
      FL $XILINX/hw/XilinxProcessorIPLib/pcores/proc_common_v3_00_a/hdl/vhdl/counter_bit.vhd \
      EN proc_common_v3_00_a/counter_bit 1540408622 CP LUT4 CP MUXCY_L CP XORCY \
      CP FDRE
FL $XILINX/hw/XilinxProcessorIPLib/pcores/proc_common_v3_00_a/hdl/vhdl/counter_f.vhd 2013/06/03.20:49:46 P.68d
EN proc_common_v3_00_a/counter_f 1540408707 \
      FL $XILINX/hw/XilinxProcessorIPLib/pcores/proc_common_v3_00_a/hdl/vhdl/counter_f.vhd \
      PB ieee/std_logic_1164 1370735607 PB ieee/NUMERIC_STD 1370735611 LB unisim \
      LB proc_common_v3_00_a PB proc_common_v3_00_a/family_support 1540408601
AR proc_common_v3_00_a/counter_f/imp 1540408708 \
      FL $XILINX/hw/XilinxProcessorIPLib/pcores/proc_common_v3_00_a/hdl/vhdl/counter_f.vhd \
      EN proc_common_v3_00_a/counter_f 1540408707 CP std_logic_vector CP std_logic \
      CP MUXCY_L CP XORCY CP FDRE CP unsigned
FL $XILINX/hw/XilinxProcessorIPLib/pcores/proc_common_v3_00_a/hdl/vhdl/direct_path_cntr.vhd 2013/06/03.20:49:46 P.68d
EN proc_common_v3_00_a/direct_path_cntr 1540408655 \
      FL $XILINX/hw/XilinxProcessorIPLib/pcores/proc_common_v3_00_a/hdl/vhdl/direct_path_cntr.vhd \
      PB ieee/std_logic_1164 1370735607
AR proc_common_v3_00_a/direct_path_cntr/imp 1540408656 \
      FL $XILINX/hw/XilinxProcessorIPLib/pcores/proc_common_v3_00_a/hdl/vhdl/direct_path_cntr.vhd \
      EN proc_common_v3_00_a/direct_path_cntr 1540408655 LB unisim CP std_logic \
      CP MULT_AND CP MUXCY CP XORCY CP FDE
FL $XILINX/hw/XilinxProcessorIPLib/pcores/proc_common_v3_00_a/hdl/vhdl/direct_path_cntr_ai.vhd 2013/06/03.20:49:46 P.68d
EN proc_common_v3_00_a/direct_path_cntr_ai 1540408657 \
      FL $XILINX/hw/XilinxProcessorIPLib/pcores/proc_common_v3_00_a/hdl/vhdl/direct_path_cntr_ai.vhd \
      PB ieee/std_logic_1164 1370735607
AR proc_common_v3_00_a/direct_path_cntr_ai/imp 1540408658 \
      FL $XILINX/hw/XilinxProcessorIPLib/pcores/proc_common_v3_00_a/hdl/vhdl/direct_path_cntr_ai.vhd \
      EN proc_common_v3_00_a/direct_path_cntr_ai 1540408657 LB unisim \
      PH unisim/VCOMPONENTS 1370735613 CP std_logic CP MULT_AND CP MUXCY CP XORCY \
      CP FDE
FL $XILINX/hw/XilinxProcessorIPLib/pcores/proc_common_v3_00_a/hdl/vhdl/down_counter.vhd 2013/06/03.20:49:46 P.68d
EN proc_common_v3_00_a/down_counter 1540408659 \
      FL $XILINX/hw/XilinxProcessorIPLib/pcores/proc_common_v3_00_a/hdl/vhdl/down_counter.vhd \
      PB ieee/std_logic_1164 1370735607 PB ieee/std_logic_arith 1370735608 \
      LB proc_common_v3_00_a PB proc_common_v3_00_a/proc_common_pkg 1540408603
AR proc_common_v3_00_a/down_counter/simulation 1540408660 \
      FL $XILINX/hw/XilinxProcessorIPLib/pcores/proc_common_v3_00_a/hdl/vhdl/down_counter.vhd \
      EN proc_common_v3_00_a/down_counter 1540408659
FL $XILINX/hw/XilinxProcessorIPLib/pcores/proc_common_v3_00_a/hdl/vhdl/dynshreg_f.vhd 2013/06/03.20:49:46 P.68d
EN proc_common_v3_00_a/dynshreg_f 1540408614 \
      FL $XILINX/hw/XilinxProcessorIPLib/pcores/proc_common_v3_00_a/hdl/vhdl/dynshreg_f.vhd \
      PB ieee/std_logic_1164 1370735607 PB ieee/NUMERIC_STD 1370735611 \
      LB proc_common_v3_00_a PB proc_common_v3_00_a/proc_common_pkg 1540408603
AR proc_common_v3_00_a/dynshreg_f/behavioral 1540408615 \
      FL $XILINX/hw/XilinxProcessorIPLib/pcores/proc_common_v3_00_a/hdl/vhdl/dynshreg_f.vhd \
      EN proc_common_v3_00_a/dynshreg_f 1540408614 LB proc_common_v3_00_a \
      PB proc_common_v3_00_a/family_support 1540408601 LB unisim CP bo2na_type \
      CP natural CP integer CP std_logic_vector CP SRLC16E CP SRLC32E \
      CP proc_common_v3_00_a/muxf_struct_f CP dataType
FL $XILINX/hw/XilinxProcessorIPLib/pcores/proc_common_v3_00_a/hdl/vhdl/dynshreg_i_f.vhd 2013/06/03.20:49:46 P.68d
EN proc_common_v3_00_a/dynshreg_i_f 1540408699 \
      FL $XILINX/hw/XilinxProcessorIPLib/pcores/proc_common_v3_00_a/hdl/vhdl/dynshreg_i_f.vhd \
      PB ieee/std_logic_1164 1370735607 PB ieee/NUMERIC_STD 1370735611 \
      LB proc_common_v3_00_a PB proc_common_v3_00_a/proc_common_pkg 1540408603
AR proc_common_v3_00_a/dynshreg_i_f/behavioral 1540408700 \
      FL $XILINX/hw/XilinxProcessorIPLib/pcores/proc_common_v3_00_a/hdl/vhdl/dynshreg_i_f.vhd \
      EN proc_common_v3_00_a/dynshreg_i_f 1540408699 LB proc_common_v3_00_a \
      PB proc_common_v3_00_a/family_support 1540408601 LB unisim CP bo2na_type \
      CP natural CP integer CP std_logic_vector CP positive CP bit_vector CP SRLC16E \
      CP SRLC32E CP proc_common_v3_00_a/muxf_struct_f CP dataType
FL $XILINX/hw/XilinxProcessorIPLib/pcores/proc_common_v3_00_a/hdl/vhdl/eval_timer.vhd 2013/06/03.20:49:46 P.68d
EN proc_common_v3_00_a/eval_timer 1540408661 \
      FL $XILINX/hw/XilinxProcessorIPLib/pcores/proc_common_v3_00_a/hdl/vhdl/eval_timer.vhd \
      PB ieee/std_logic_1164 1370735607 LB unisim LB proc_common_v3_00_a \
      PB proc_common_v3_00_a/proc_common_pkg 1540408603
AR proc_common_v3_00_a/eval_timer/imp 1540408662 \
      FL $XILINX/hw/XilinxProcessorIPLib/pcores/proc_common_v3_00_a/hdl/vhdl/eval_timer.vhd \
      EN proc_common_v3_00_a/eval_timer 1540408661 CP Counter CP FDR CP FDRE
FL $XILINX/hw/XilinxProcessorIPLib/pcores/proc_common_v3_00_a/hdl/vhdl/family.vhd 2013/06/03.20:49:46 P.68d
PH proc_common_v3_00_a/family 1540408630 \
      FL $XILINX/hw/XilinxProcessorIPLib/pcores/proc_common_v3_00_a/hdl/vhdl/family.vhd
PB proc_common_v3_00_a/family 1540408631 \
      FL $XILINX/hw/XilinxProcessorIPLib/pcores/proc_common_v3_00_a/hdl/vhdl/family.vhd \
      PH proc_common_v3_00_a/family 1540408630
FL $XILINX/hw/XilinxProcessorIPLib/pcores/proc_common_v3_00_a/hdl/vhdl/family_support.vhd 2013/06/03.20:49:46 P.68d
PH proc_common_v3_00_a/family_support 1540408600 \
      FL $XILINX/hw/XilinxProcessorIPLib/pcores/proc_common_v3_00_a/hdl/vhdl/family_support.vhd
PB proc_common_v3_00_a/family_support 1540408601 \
      FL $XILINX/hw/XilinxProcessorIPLib/pcores/proc_common_v3_00_a/hdl/vhdl/family_support.vhd \
      PH proc_common_v3_00_a/family_support 1540408600
FL $XILINX/hw/XilinxProcessorIPLib/pcores/proc_common_v3_00_a/hdl/vhdl/inferred_lut4.vhd 2013/06/03.20:49:46 P.68d
EN proc_common_v3_00_a/inferred_lut4 1540408604 \
      FL $XILINX/hw/XilinxProcessorIPLib/pcores/proc_common_v3_00_a/hdl/vhdl/inferred_lut4.vhd \
      PB ieee/std_logic_1164 1370735607 PB ieee/std_logic_arith 1370735608 \
      PB ieee/STD_LOGIC_UNSIGNED 1370735609
AR proc_common_v3_00_a/inferred_lut4/implementation 1540408605 \
      FL $XILINX/hw/XilinxProcessorIPLib/pcores/proc_common_v3_00_a/hdl/vhdl/inferred_lut4.vhd \
      EN proc_common_v3_00_a/inferred_lut4 1540408604
FL $XILINX/hw/XilinxProcessorIPLib/pcores/proc_common_v3_00_a/hdl/vhdl/ipif_mirror128.vhd 2013/06/03.20:49:46 P.68d
EN proc_common_v3_00_a/ipif_mirror128 1540408667 \
      FL $XILINX/hw/XilinxProcessorIPLib/pcores/proc_common_v3_00_a/hdl/vhdl/ipif_mirror128.vhd \
      PB ieee/std_logic_1164 1370735607
AR proc_common_v3_00_a/ipif_mirror128/IMP 1540408668 \
      FL $XILINX/hw/XilinxProcessorIPLib/pcores/proc_common_v3_00_a/hdl/vhdl/ipif_mirror128.vhd \
      EN proc_common_v3_00_a/ipif_mirror128 1540408667 CP std_logic \
      CP std_logic_vector
FL $XILINX/hw/XilinxProcessorIPLib/pcores/proc_common_v3_00_a/hdl/vhdl/ipif_pkg.vhd 2013/06/03.20:49:46 P.68d
PH proc_common_v3_00_a/ipif_pkg 1540408717 \
      FL $XILINX/hw/XilinxProcessorIPLib/pcores/proc_common_v3_00_a/hdl/vhdl/ipif_pkg.vhd \
      PB ieee/std_logic_1164 1370735607 PB ieee/std_logic_arith 1370735608 \
      PB ieee/STD_LOGIC_UNSIGNED 1370735609
PB proc_common_v3_00_a/ipif_pkg 1540408718 \
      FL $XILINX/hw/XilinxProcessorIPLib/pcores/proc_common_v3_00_a/hdl/vhdl/ipif_pkg.vhd \
      PH proc_common_v3_00_a/ipif_pkg 1540408717 LB proc_common_v3_00_a \
      PB proc_common_v3_00_a/proc_common_pkg 1540408603
FL $XILINX/hw/XilinxProcessorIPLib/pcores/proc_common_v3_00_a/hdl/vhdl/ipif_steer.vhd 2013/06/03.20:49:46 P.68d
EN proc_common_v3_00_a/IPIF_Steer 1540408663 \
      FL $XILINX/hw/XilinxProcessorIPLib/pcores/proc_common_v3_00_a/hdl/vhdl/ipif_steer.vhd \
      PB ieee/std_logic_1164 1370735607
AR proc_common_v3_00_a/IPIF_Steer/IMP 1540408664 \
      FL $XILINX/hw/XilinxProcessorIPLib/pcores/proc_common_v3_00_a/hdl/vhdl/ipif_steer.vhd \
      EN proc_common_v3_00_a/IPIF_Steer 1540408663 CP std_logic \
      CP std_logic_vector
FL $XILINX/hw/XilinxProcessorIPLib/pcores/proc_common_v3_00_a/hdl/vhdl/ipif_steer128.vhd 2013/06/03.20:49:46 P.68d
EN proc_common_v3_00_a/ipif_steer128 1540408665 \
      FL $XILINX/hw/XilinxProcessorIPLib/pcores/proc_common_v3_00_a/hdl/vhdl/ipif_steer128.vhd \
      PB ieee/std_logic_1164 1370735607
AR proc_common_v3_00_a/ipif_steer128/IMP 1540408666 \
      FL $XILINX/hw/XilinxProcessorIPLib/pcores/proc_common_v3_00_a/hdl/vhdl/ipif_steer128.vhd \
      EN proc_common_v3_00_a/ipif_steer128 1540408665 CP std_logic \
      CP std_logic_vector
FL $XILINX/hw/XilinxProcessorIPLib/pcores/proc_common_v3_00_a/hdl/vhdl/ld_arith_reg.vhd 2013/06/03.20:49:46 P.68d
EN proc_common_v3_00_a/ld_arith_reg 1540408669 \
      FL $XILINX/hw/XilinxProcessorIPLib/pcores/proc_common_v3_00_a/hdl/vhdl/ld_arith_reg.vhd \
      PB ieee/std_logic_1164 1370735607
AR proc_common_v3_00_a/ld_arith_reg/imp 1540408670 \
      FL $XILINX/hw/XilinxProcessorIPLib/pcores/proc_common_v3_00_a/hdl/vhdl/ld_arith_reg.vhd \
      EN proc_common_v3_00_a/ld_arith_reg 1540408669 LB unisim PB ieee/NUMERIC_STD 1370735611 \
      CP std_logic CP MULT_AND CP MUXCY CP XORCY CP FDRE CP FDSE
FL $XILINX/hw/XilinxProcessorIPLib/pcores/proc_common_v3_00_a/hdl/vhdl/ld_arith_reg2.vhd 2013/06/03.20:49:46 P.68d
EN proc_common_v3_00_a/ld_arith_reg2 1540408671 \
      FL $XILINX/hw/XilinxProcessorIPLib/pcores/proc_common_v3_00_a/hdl/vhdl/ld_arith_reg2.vhd \
      PB ieee/std_logic_1164 1370735607
AR proc_common_v3_00_a/ld_arith_reg2/imp 1540408672 \
      FL $XILINX/hw/XilinxProcessorIPLib/pcores/proc_common_v3_00_a/hdl/vhdl/ld_arith_reg2.vhd \
      EN proc_common_v3_00_a/ld_arith_reg2 1540408671 LB unisim \
      PB ieee/NUMERIC_STD 1370735611 CP std_logic CP MULT_AND CP MUXCY CP XORCY \
      CP FDRE CP FDSE
FL $XILINX/hw/XilinxProcessorIPLib/pcores/proc_common_v3_00_a/hdl/vhdl/muxf_struct_f.vhd 2013/06/03.20:49:46 P.68d
EN proc_common_v3_00_a/muxf_struct 1540408606 \
      FL $XILINX/hw/XilinxProcessorIPLib/pcores/proc_common_v3_00_a/hdl/vhdl/muxf_struct_f.vhd \
      PB ieee/std_logic_1164 1370735607 LB proc_common_v3_00_a \
      PB proc_common_v3_00_a/proc_common_pkg 1540408603 \
      PB proc_common_v3_00_a/family_support 1540408601 LB unisim
AR proc_common_v3_00_a/muxf_struct/imp 1540408607 \
      FL $XILINX/hw/XilinxProcessorIPLib/pcores/proc_common_v3_00_a/hdl/vhdl/muxf_struct_f.vhd \
      EN proc_common_v3_00_a/muxf_struct 1540408606 LB proc_common_v3_00_a \
      LB unisim CP natural CP boolean CP proc_common_v3_00_a/muxf_struct CP MUXF5_D \
      CP MUXF6_D CP MUXF7_D CP MUXF8_D CP std_logic
EN proc_common_v3_00_a/muxf_struct_f 1540408608 \
      FL $XILINX/hw/XilinxProcessorIPLib/pcores/proc_common_v3_00_a/hdl/vhdl/muxf_struct_f.vhd \
      PB ieee/std_logic_1164 1370735607 LB proc_common_v3_00_a \
      PB proc_common_v3_00_a/proc_common_pkg 1540408603
AR proc_common_v3_00_a/muxf_struct_f/imp 1540408609 \
      FL $XILINX/hw/XilinxProcessorIPLib/pcores/proc_common_v3_00_a/hdl/vhdl/muxf_struct_f.vhd \
      EN proc_common_v3_00_a/muxf_struct_f 1540408608 \
      CP proc_common_v3_00_a/muxf_struct
FL $XILINX/hw/XilinxProcessorIPLib/pcores/proc_common_v3_00_a/hdl/vhdl/mux_onehot.vhd 2013/06/03.20:49:46 P.68d
EN proc_common_v3_00_a/mux_onehot 1540408673 \
      FL $XILINX/hw/XilinxProcessorIPLib/pcores/proc_common_v3_00_a/hdl/vhdl/mux_onehot.vhd \
      PB ieee/std_logic_1164 1370735607 LB unisim
AR proc_common_v3_00_a/mux_onehot/imp 1540408674 \
      FL $XILINX/hw/XilinxProcessorIPLib/pcores/proc_common_v3_00_a/hdl/vhdl/mux_onehot.vhd \
      EN proc_common_v3_00_a/mux_onehot 1540408673 CP MUXCY
FL $XILINX/hw/XilinxProcessorIPLib/pcores/proc_common_v3_00_a/hdl/vhdl/mux_onehot_f.vhd 2013/06/03.20:49:46 P.68d
EN proc_common_v3_00_a/mux_onehot_f 1540408701 \
      FL $XILINX/hw/XilinxProcessorIPLib/pcores/proc_common_v3_00_a/hdl/vhdl/mux_onehot_f.vhd \
      PB ieee/std_logic_1164 1370735607 LB proc_common_v3_00_a \
      PB proc_common_v3_00_a/family_support 1540408601
AR proc_common_v3_00_a/mux_onehot_f/imp 1540408702 \
      FL $XILINX/hw/XilinxProcessorIPLib/pcores/proc_common_v3_00_a/hdl/vhdl/mux_onehot_f.vhd \
      EN proc_common_v3_00_a/mux_onehot_f 1540408701 LB unisim CP positive \
      CP std_logic_vector CP MUXCY
FL $XILINX/hw/XilinxProcessorIPLib/pcores/proc_common_v3_00_a/hdl/vhdl/or_bits.vhd 2013/06/03.20:49:46 P.68d
EN proc_common_v3_00_a/or_bits 1540408675 \
      FL $XILINX/hw/XilinxProcessorIPLib/pcores/proc_common_v3_00_a/hdl/vhdl/or_bits.vhd \
      PB ieee/std_logic_1164 1370735607 LB unisim
AR proc_common_v3_00_a/or_bits/implementation 1540408676 \
      FL $XILINX/hw/XilinxProcessorIPLib/pcores/proc_common_v3_00_a/hdl/vhdl/or_bits.vhd \
      EN proc_common_v3_00_a/or_bits 1540408675 CP std_logic_vector CP MUXCY
FL $XILINX/hw/XilinxProcessorIPLib/pcores/proc_common_v3_00_a/hdl/vhdl/or_gate.vhd 2013/06/03.20:49:46 P.68d
EN proc_common_v3_00_a/or_gate 1540408677 \
      FL $XILINX/hw/XilinxProcessorIPLib/pcores/proc_common_v3_00_a/hdl/vhdl/or_gate.vhd \
      PB ieee/std_logic_1164 1370735607 PB ieee/std_logic_arith 1370735608 \
      PB ieee/STD_LOGIC_UNSIGNED 1370735609 LB proc_common_v3_00_a
AR proc_common_v3_00_a/or_gate/imp 1540408678 \
      FL $XILINX/hw/XilinxProcessorIPLib/pcores/proc_common_v3_00_a/hdl/vhdl/or_gate.vhd \
      EN proc_common_v3_00_a/or_gate 1540408677 CP std_logic_vector CP or_muxcy
FL $XILINX/hw/XilinxProcessorIPLib/pcores/proc_common_v3_00_a/hdl/vhdl/or_gate128.vhd 2013/06/03.20:49:46 P.68d
EN proc_common_v3_00_a/or_gate128 1540408715 \
      FL $XILINX/hw/XilinxProcessorIPLib/pcores/proc_common_v3_00_a/hdl/vhdl/or_gate128.vhd \
      PB ieee/std_logic_1164 1370735607 PB ieee/std_logic_arith 1370735608 \
      PB ieee/STD_LOGIC_UNSIGNED 1370735609 LB proc_common_v3_00_a
AR proc_common_v3_00_a/or_gate128/imp 1540408716 \
      FL $XILINX/hw/XilinxProcessorIPLib/pcores/proc_common_v3_00_a/hdl/vhdl/or_gate128.vhd \
      EN proc_common_v3_00_a/or_gate128 1540408715 CP std_logic_vector CP or_muxcy
FL $XILINX/hw/XilinxProcessorIPLib/pcores/proc_common_v3_00_a/hdl/vhdl/or_gate_f.vhd 2013/06/03.20:49:46 P.68d
EN proc_common_v3_00_a/or_gate_f 1540408709 \
      FL $XILINX/hw/XilinxProcessorIPLib/pcores/proc_common_v3_00_a/hdl/vhdl/or_gate_f.vhd \
      PB ieee/std_logic_1164 1370735607 PB ieee/std_logic_arith 1370735608 \
      PB ieee/STD_LOGIC_UNSIGNED 1370735609 LB proc_common_v3_00_a
AR proc_common_v3_00_a/or_gate_f/imp 1540408710 \
      FL $XILINX/hw/XilinxProcessorIPLib/pcores/proc_common_v3_00_a/hdl/vhdl/or_gate_f.vhd \
      EN proc_common_v3_00_a/or_gate_f 1540408709 CP std_logic_vector \
      CP proc_common_v3_00_a/or_muxcy_f
FL $XILINX/hw/XilinxProcessorIPLib/pcores/proc_common_v3_00_a/hdl/vhdl/or_muxcy.vhd 2013/06/03.20:49:46 P.68d
EN proc_common_v3_00_a/or_muxcy 1540408624 \
      FL $XILINX/hw/XilinxProcessorIPLib/pcores/proc_common_v3_00_a/hdl/vhdl/or_muxcy.vhd \
      PB ieee/std_logic_1164 1370735607 LB unisim
AR proc_common_v3_00_a/or_muxcy/implementation 1540408625 \
      FL $XILINX/hw/XilinxProcessorIPLib/pcores/proc_common_v3_00_a/hdl/vhdl/or_muxcy.vhd \
      EN proc_common_v3_00_a/or_muxcy 1540408624 CP std_logic_vector CP MUXCY
FL $XILINX/hw/XilinxProcessorIPLib/pcores/proc_common_v3_00_a/hdl/vhdl/or_muxcy_f.vhd 2013/06/03.20:49:46 P.68d
EN proc_common_v3_00_a/or_muxcy_f 1540408626 \
      FL $XILINX/hw/XilinxProcessorIPLib/pcores/proc_common_v3_00_a/hdl/vhdl/or_muxcy_f.vhd \
      PB ieee/std_logic_1164 1370735607
AR proc_common_v3_00_a/or_muxcy_f/implementation 1540408627 \
      FL $XILINX/hw/XilinxProcessorIPLib/pcores/proc_common_v3_00_a/hdl/vhdl/or_muxcy_f.vhd \
      EN proc_common_v3_00_a/or_muxcy_f 1540408626 LB proc_common_v3_00_a \
      PB proc_common_v3_00_a/family_support 1540408601 LB unisim CP positive \
      CP std_logic_vector CP std_logic CP MUXCY
FL $XILINX/hw/XilinxProcessorIPLib/pcores/proc_common_v3_00_a/hdl/vhdl/or_with_enable_f.vhd 2013/06/03.20:49:46 P.68d
EN proc_common_v3_00_a/or_with_enable_f 1540408697 \
      FL $XILINX/hw/XilinxProcessorIPLib/pcores/proc_common_v3_00_a/hdl/vhdl/or_with_enable_f.vhd \
      PB ieee/std_logic_1164 1370735607
AR proc_common_v3_00_a/or_with_enable_f/implementation 1540408698 \
      FL $XILINX/hw/XilinxProcessorIPLib/pcores/proc_common_v3_00_a/hdl/vhdl/or_with_enable_f.vhd \
      EN proc_common_v3_00_a/or_with_enable_f 1540408697 LB proc_common_v3_00_a \
      PB proc_common_v3_00_a/family_support 1540408601 LB unisim CP positive \
      CP std_logic_vector CP std_logic CP MUXCY
FL $XILINX/hw/XilinxProcessorIPLib/pcores/proc_common_v3_00_a/hdl/vhdl/pf_adder.vhd 2013/06/03.20:49:46 P.68d
EN proc_common_v3_00_a/pf_adder 1540408636 \
      FL $XILINX/hw/XilinxProcessorIPLib/pcores/proc_common_v3_00_a/hdl/vhdl/pf_adder.vhd \
      PB ieee/std_logic_1164 1370735607 LB unisim
AR proc_common_v3_00_a/pf_adder/implementation 1540408637 \
      FL $XILINX/hw/XilinxProcessorIPLib/pcores/proc_common_v3_00_a/hdl/vhdl/pf_adder.vhd \
      EN proc_common_v3_00_a/pf_adder 1540408636 CP pf_adder_bit
FL $XILINX/hw/XilinxProcessorIPLib/pcores/proc_common_v3_00_a/hdl/vhdl/pf_adder_bit.vhd 2013/06/03.20:49:46 P.68d
EN proc_common_v3_00_a/pf_adder_bit 1540408616 \
      FL $XILINX/hw/XilinxProcessorIPLib/pcores/proc_common_v3_00_a/hdl/vhdl/pf_adder_bit.vhd \
      PB ieee/std_logic_1164 1370735607 LB unisim LB proc_common_v3_00_a \
      EN proc_common_v3_00_a/inferred_lut4 1540408604
AR proc_common_v3_00_a/pf_adder_bit/implementation 1540408617 \
      FL $XILINX/hw/XilinxProcessorIPLib/pcores/proc_common_v3_00_a/hdl/vhdl/pf_adder_bit.vhd \
      EN proc_common_v3_00_a/pf_adder_bit 1540408616 CP inferred_lut4 CP MUXCY \
      CP XORCY CP FDRE
FL $XILINX/hw/XilinxProcessorIPLib/pcores/proc_common_v3_00_a/hdl/vhdl/pf_counter.vhd 2013/06/03.20:49:46 P.68d
EN proc_common_v3_00_a/pf_counter 1540408618 \
      FL $XILINX/hw/XilinxProcessorIPLib/pcores/proc_common_v3_00_a/hdl/vhdl/pf_counter.vhd \
      PB ieee/std_logic_1164 1370735607 LB unisim PH unisim/VCOMPONENTS 1370735613 \
      LB proc_common_v3_00_a EN proc_common_v3_00_a/pf_counter_bit 1540408610
AR proc_common_v3_00_a/pf_counter/implementation 1540408619 \
      FL $XILINX/hw/XilinxProcessorIPLib/pcores/proc_common_v3_00_a/hdl/vhdl/pf_counter.vhd \
      EN proc_common_v3_00_a/pf_counter 1540408618 \
      CP proc_common_v3_00_a/pf_counter_bit CP FDRE
FL $XILINX/hw/XilinxProcessorIPLib/pcores/proc_common_v3_00_a/hdl/vhdl/pf_counter_bit.vhd 2013/06/03.20:49:46 P.68d
EN proc_common_v3_00_a/pf_counter_bit 1540408610 \
      FL $XILINX/hw/XilinxProcessorIPLib/pcores/proc_common_v3_00_a/hdl/vhdl/pf_counter_bit.vhd \
      PB ieee/std_logic_1164 1370735607 LB unisim LB proc_common_v3_00_a \
      EN proc_common_v3_00_a/inferred_lut4 1540408604
AR proc_common_v3_00_a/pf_counter_bit/implementation 1540408611 \
      FL $XILINX/hw/XilinxProcessorIPLib/pcores/proc_common_v3_00_a/hdl/vhdl/pf_counter_bit.vhd \
      EN proc_common_v3_00_a/pf_counter_bit 1540408610 CP inferred_lut4 CP MUXCY \
      CP XORCY CP FDRE
FL $XILINX/hw/XilinxProcessorIPLib/pcores/proc_common_v3_00_a/hdl/vhdl/pf_counter_top.vhd 2013/06/03.20:49:46 P.68d
EN proc_common_v3_00_a/pf_counter_top 1540408634 \
      FL $XILINX/hw/XilinxProcessorIPLib/pcores/proc_common_v3_00_a/hdl/vhdl/pf_counter_top.vhd \
      PB ieee/std_logic_1164 1370735607 LB unisim PH unisim/VCOMPONENTS 1370735613 \
      LB proc_common_v3_00_a EN proc_common_v3_00_a/pf_counter 1540408618
AR proc_common_v3_00_a/pf_counter_top/implementation 1540408635 \
      FL $XILINX/hw/XilinxProcessorIPLib/pcores/proc_common_v3_00_a/hdl/vhdl/pf_counter_top.vhd \
      EN proc_common_v3_00_a/pf_counter_top 1540408634 \
      CP proc_common_v3_00_a/pf_counter
FL $XILINX/hw/XilinxProcessorIPLib/pcores/proc_common_v3_00_a/hdl/vhdl/pf_dpram_select.vhd 2013/06/03.20:49:46 P.68d
EN proc_common_v3_00_a/pf_dpram_select 1540408679 \
      FL $XILINX/hw/XilinxProcessorIPLib/pcores/proc_common_v3_00_a/hdl/vhdl/pf_dpram_select.vhd \
      PB ieee/std_logic_1164 1370735607 PB ieee/NUMERIC_STD 1370735611 LB unisim
AR proc_common_v3_00_a/pf_dpram_select/implementation 1540408680 \
      FL $XILINX/hw/XilinxProcessorIPLib/pcores/proc_common_v3_00_a/hdl/vhdl/pf_dpram_select.vhd \
      EN proc_common_v3_00_a/pf_dpram_select 1540408679 CP in CP out CP integer \
      CP dbus_slice_array CP pdbus_slice_array CP std_logic_vector CP std_logic \
      CP RAMB16_S36_S36 CP RAMB16_S18_S18 CP RAMB16_S9_S9 CP RAMB16_S4_S4 \
      CP RAMB16_S2_S2 CP RAMB16_S1_S1 CP RAMB4_S1_S1 CP RAMB4_S2_S2 CP RAMB4_S4_S4 \
      CP RAMB4_S8_S8 CP RAMB4_S16_S16
FL $XILINX/hw/XilinxProcessorIPLib/pcores/proc_common_v3_00_a/hdl/vhdl/pf_occ_counter.vhd 2013/06/03.20:49:46 P.68d
EN proc_common_v3_00_a/pf_occ_counter 1540408620 \
      FL $XILINX/hw/XilinxProcessorIPLib/pcores/proc_common_v3_00_a/hdl/vhdl/pf_occ_counter.vhd \
      PB ieee/std_logic_1164 1370735607 LB unisim PH unisim/VCOMPONENTS 1370735613 \
      LB proc_common_v3_00_a EN proc_common_v3_00_a/pf_counter_bit 1540408610
AR proc_common_v3_00_a/pf_occ_counter/implementation 1540408621 \
      FL $XILINX/hw/XilinxProcessorIPLib/pcores/proc_common_v3_00_a/hdl/vhdl/pf_occ_counter.vhd \
      EN proc_common_v3_00_a/pf_occ_counter 1540408620 CP MUXCY \
      CP proc_common_v3_00_a/pf_counter_bit
FL $XILINX/hw/XilinxProcessorIPLib/pcores/proc_common_v3_00_a/hdl/vhdl/pf_occ_counter_top.vhd 2013/06/03.20:49:46 P.68d
EN proc_common_v3_00_a/pf_occ_counter_top 1540408632 \
      FL $XILINX/hw/XilinxProcessorIPLib/pcores/proc_common_v3_00_a/hdl/vhdl/pf_occ_counter_top.vhd \
      PB ieee/std_logic_1164 1370735607 LB unisim PH unisim/VCOMPONENTS 1370735613 \
      LB proc_common_v3_00_a EN proc_common_v3_00_a/pf_occ_counter 1540408620
AR proc_common_v3_00_a/pf_occ_counter_top/implementation 1540408633 \
      FL $XILINX/hw/XilinxProcessorIPLib/pcores/proc_common_v3_00_a/hdl/vhdl/pf_occ_counter_top.vhd \
      EN proc_common_v3_00_a/pf_occ_counter_top 1540408632 \
      CP proc_common_v3_00_a/pf_occ_counter
FL $XILINX/hw/XilinxProcessorIPLib/pcores/proc_common_v3_00_a/hdl/vhdl/proc_common_pkg.vhd 2013/06/03.20:49:46 P.68d
PH proc_common_v3_00_a/proc_common_pkg 1540408602 \
      FL $XILINX/hw/XilinxProcessorIPLib/pcores/proc_common_v3_00_a/hdl/vhdl/proc_common_pkg.vhd \
      PB ieee/std_logic_1164 1370735607 PB ieee/std_logic_arith 1370735608 \
      PB ieee/STD_LOGIC_UNSIGNED 1370735609
PB proc_common_v3_00_a/proc_common_pkg 1540408603 \
      FL $XILINX/hw/XilinxProcessorIPLib/pcores/proc_common_v3_00_a/hdl/vhdl/proc_common_pkg.vhd \
      PH proc_common_v3_00_a/proc_common_pkg 1540408602
FL $XILINX/hw/XilinxProcessorIPLib/pcores/proc_common_v3_00_a/hdl/vhdl/pselect.vhd 2013/06/03.20:49:46 P.68d
EN proc_common_v3_00_a/pselect 1540408681 \
      FL $XILINX/hw/XilinxProcessorIPLib/pcores/proc_common_v3_00_a/hdl/vhdl/pselect.vhd \
      PB ieee/std_logic_1164 1370735607 PB ieee/std_logic_arith 1370735608 \
      PB ieee/STD_LOGIC_UNSIGNED 1370735609 LB unisim
AR proc_common_v3_00_a/pselect/imp 1540408682 \
      FL $XILINX/hw/XilinxProcessorIPLib/pcores/proc_common_v3_00_a/hdl/vhdl/pselect.vhd \
      EN proc_common_v3_00_a/pselect 1540408681 CP std_logic_vector CP MUXCY
FL $XILINX/hw/XilinxProcessorIPLib/pcores/proc_common_v3_00_a/hdl/vhdl/pselect_f.vhd 2013/06/03.20:49:46 P.68d
EN proc_common_v3_00_a/pselect_f 1540408713 \
      FL $XILINX/hw/XilinxProcessorIPLib/pcores/proc_common_v3_00_a/hdl/vhdl/pselect_f.vhd \
      PB ieee/std_logic_1164 1370735607 LB unisim LB proc_common_v3_00_a \
      PB proc_common_v3_00_a/family_support 1540408601
AR proc_common_v3_00_a/pselect_f/imp 1540408714 \
      FL $XILINX/hw/XilinxProcessorIPLib/pcores/proc_common_v3_00_a/hdl/vhdl/pselect_f.vhd \
      EN proc_common_v3_00_a/pselect_f 1540408713 CP integer CP std_logic_vector \
      CP natural CP positive CP MUXCY
FL $XILINX/hw/XilinxProcessorIPLib/pcores/proc_common_v3_00_a/hdl/vhdl/pselect_mask.vhd 2013/06/03.20:49:46 P.68d
EN proc_common_v3_00_a/pselect_mask 1540408683 \
      FL $XILINX/hw/XilinxProcessorIPLib/pcores/proc_common_v3_00_a/hdl/vhdl/pselect_mask.vhd \
      PB ieee/std_logic_1164 1370735607 PB ieee/std_logic_arith 1370735608 \
      PB ieee/STD_LOGIC_UNSIGNED 1370735609 LB unisim
AR proc_common_v3_00_a/pselect_mask/imp 1540408684 \
      FL $XILINX/hw/XilinxProcessorIPLib/pcores/proc_common_v3_00_a/hdl/vhdl/pselect_mask.vhd \
      EN proc_common_v3_00_a/pselect_mask 1540408683 LB unisim
FL $XILINX/hw/XilinxProcessorIPLib/pcores/proc_common_v3_00_a/hdl/vhdl/soft_reset.vhd 2013/06/03.20:49:46 P.68d
EN proc_common_v3_00_a/soft_reset 1540408711 \
      FL $XILINX/hw/XilinxProcessorIPLib/pcores/proc_common_v3_00_a/hdl/vhdl/soft_reset.vhd \
      PB ieee/std_logic_1164 1370735607 PB ieee/NUMERIC_STD 1370735611 LB unisim \
      PH unisim/VCOMPONENTS 1370735613
AR proc_common_v3_00_a/soft_reset/implementation 1540408712 \
      FL $XILINX/hw/XilinxProcessorIPLib/pcores/proc_common_v3_00_a/hdl/vhdl/soft_reset.vhd \
      EN proc_common_v3_00_a/soft_reset 1540408711 CP FDRSE
FL $XILINX/hw/XilinxProcessorIPLib/pcores/proc_common_v3_00_a/hdl/vhdl/srl16_fifo.vhd 2013/06/03.20:49:46 P.68d
EN proc_common_v3_00_a/srl16_fifo 1540408685 \
      FL $XILINX/hw/XilinxProcessorIPLib/pcores/proc_common_v3_00_a/hdl/vhdl/srl16_fifo.vhd \
      LB unisim PH unisim/VCOMPONENTS 1370735613 LB proc_common_v3_00_a \
      EN proc_common_v3_00_a/pf_adder 1540408636 \
      EN proc_common_v3_00_a/pf_counter_top 1540408634 \
      EN proc_common_v3_00_a/pf_occ_counter_top 1540408632 PB ieee/std_logic_1164 1370735607 \
      PB ieee/std_logic_arith 1370735608 PB ieee/STD_LOGIC_UNSIGNED 1370735609
AR proc_common_v3_00_a/srl16_fifo/implementation 1540408686 \
      FL $XILINX/hw/XilinxProcessorIPLib/pcores/proc_common_v3_00_a/hdl/vhdl/srl16_fifo.vhd \
      EN proc_common_v3_00_a/srl16_fifo 1540408685 \
      CP proc_common_v3_00_a/pf_occ_counter_top \
      CP proc_common_v3_00_a/pf_counter_top CP SRL16E CP boolean CP integer \
      CP std_logic_vector CP proc_common_v3_00_a/pf_adder
FL $XILINX/hw/XilinxProcessorIPLib/pcores/proc_common_v3_00_a/hdl/vhdl/srl_fifo.vhd 2013/06/03.20:49:46 P.68d
EN proc_common_v3_00_a/SRL_FIFO 1540408687 \
      FL $XILINX/hw/XilinxProcessorIPLib/pcores/proc_common_v3_00_a/hdl/vhdl/srl_fifo.vhd \
      PB ieee/std_logic_1164 1370735607 LB unisim
AR proc_common_v3_00_a/SRL_FIFO/IMP 1540408688 \
      FL $XILINX/hw/XilinxProcessorIPLib/pcores/proc_common_v3_00_a/hdl/vhdl/srl_fifo.vhd \
      EN proc_common_v3_00_a/SRL_FIFO 1540408687 CP FDR CP MUXCY_L CP XORCY CP FDRE \
      CP SRL16E
FL $XILINX/hw/XilinxProcessorIPLib/pcores/proc_common_v3_00_a/hdl/vhdl/srl_fifo2.vhd 2013/06/03.20:49:46 P.68d
EN proc_common_v3_00_a/srl_fifo2 1540408689 \
      FL $XILINX/hw/XilinxProcessorIPLib/pcores/proc_common_v3_00_a/hdl/vhdl/srl_fifo2.vhd \
      LB unisim PB ieee/std_logic_1164 1370735607 PB ieee/std_logic_arith 1370735608
AR proc_common_v3_00_a/srl_fifo2/imp 1540408690 \
      FL $XILINX/hw/XilinxProcessorIPLib/pcores/proc_common_v3_00_a/hdl/vhdl/srl_fifo2.vhd \
      EN proc_common_v3_00_a/srl_fifo2 1540408689 CP FDR CP MUXCY_L CP XORCY CP FDRE \
      CP SRL16E
FL $XILINX/hw/XilinxProcessorIPLib/pcores/proc_common_v3_00_a/hdl/vhdl/srl_fifo3.vhd 2013/06/03.20:49:46 P.68d
EN proc_common_v3_00_a/srl_fifo3 1540408691 \
      FL $XILINX/hw/XilinxProcessorIPLib/pcores/proc_common_v3_00_a/hdl/vhdl/srl_fifo3.vhd \
      PB ieee/std_logic_1164 1370735607 PB ieee/std_logic_arith 1370735608 \
      PB ieee/STD_LOGIC_UNSIGNED 1370735609 PB ieee/NUMERIC_STD 1370735611 \
      LB proc_common_v3_00_a PB proc_common_v3_00_a/family 1540408631 LB unisim \
      PH unisim/VCOMPONENTS 1370735613
AR proc_common_v3_00_a/srl_fifo3/imp 1540408692 \
      FL $XILINX/hw/XilinxProcessorIPLib/pcores/proc_common_v3_00_a/hdl/vhdl/srl_fifo3.vhd \
      EN proc_common_v3_00_a/srl_fifo3 1540408691 CP std_logic_vector CP std_logic \
      CP in CP out CP FDR CP MUXCY_L CP XORCY CP FDRE CP SRL16E CP bit_vector CP LUT3 \
      CP SRLC16E CP MUXF5 CP MUXF6
FL $XILINX/hw/XilinxProcessorIPLib/pcores/proc_common_v3_00_a/hdl/vhdl/srl_fifo_f.vhd 2013/06/03.20:49:46 P.68d
EN proc_common_v3_00_a/srl_fifo_f 1540408703 \
      FL $XILINX/hw/XilinxProcessorIPLib/pcores/proc_common_v3_00_a/hdl/vhdl/srl_fifo_f.vhd \
      PB ieee/std_logic_1164 1370735607 LB proc_common_v3_00_a \
      PB proc_common_v3_00_a/proc_common_pkg 1540408603
AR proc_common_v3_00_a/srl_fifo_f/imp 1540408704 \
      FL $XILINX/hw/XilinxProcessorIPLib/pcores/proc_common_v3_00_a/hdl/vhdl/srl_fifo_f.vhd \
      EN proc_common_v3_00_a/srl_fifo_f 1540408703 LB proc_common_v3_00_a \
      PB proc_common_v3_00_a/proc_common_pkg 1540408603 \
      CP proc_common_v3_00_a/srl_fifo_rbu_f
FL $XILINX/hw/XilinxProcessorIPLib/pcores/proc_common_v3_00_a/hdl/vhdl/srl_fifo_rbu.vhd 2013/06/03.20:49:46 P.68d
EN proc_common_v3_00_a/srl_fifo_rbu 1540408693 \
      FL $XILINX/hw/XilinxProcessorIPLib/pcores/proc_common_v3_00_a/hdl/vhdl/srl_fifo_rbu.vhd \
      LB unisim LB proc_common_v3_00_a PB ieee/std_logic_1164 1370735607 \
      PB ieee/NUMERIC_STD 1370735611 PB proc_common_v3_00_a/proc_common_pkg 1540408603
AR proc_common_v3_00_a/srl_fifo_rbu/imp 1540408694 \
      FL $XILINX/hw/XilinxProcessorIPLib/pcores/proc_common_v3_00_a/hdl/vhdl/srl_fifo_rbu.vhd \
      EN proc_common_v3_00_a/srl_fifo_rbu 1540408693 CP MUXCY_L CP XORCY CP FDS \
      CP SRL16E
FL $XILINX/hw/XilinxProcessorIPLib/pcores/proc_common_v3_00_a/hdl/vhdl/srl_fifo_rbu_f.vhd 2013/06/03.20:49:46 P.68d
EN proc_common_v3_00_a/srl_fifo_rbu_f 1540408628 \
      FL $XILINX/hw/XilinxProcessorIPLib/pcores/proc_common_v3_00_a/hdl/vhdl/srl_fifo_rbu_f.vhd \
      PB ieee/std_logic_1164 1370735607 PB ieee/NUMERIC_STD 1370735611 \
      LB proc_common_v3_00_a PB proc_common_v3_00_a/proc_common_pkg 1540408603
AR proc_common_v3_00_a/srl_fifo_rbu_f/imp 1540408629 \
      FL $XILINX/hw/XilinxProcessorIPLib/pcores/proc_common_v3_00_a/hdl/vhdl/srl_fifo_rbu_f.vhd \
      EN proc_common_v3_00_a/srl_fifo_rbu_f 1540408628 \
      CP proc_common_v3_00_a/cntr_incr_decr_addn_f \
      CP proc_common_v3_00_a/dynshreg_f
FL $XILINX/hw/XilinxProcessorIPLib/pcores/proc_common_v3_00_a/hdl/vhdl/sync_fifo_fg.vhd 2013/06/03.20:49:46 P.68d
EN proc_common_v3_00_a/sync_fifo_fg 1540408647 \
      FL $XILINX/hw/XilinxProcessorIPLib/pcores/proc_common_v3_00_a/hdl/vhdl/sync_fifo_fg.vhd \
      PB ieee/std_logic_1164 1370735607 PB ieee/NUMERIC_STD 1370735611 \
      LB proc_common_v3_00_a PH proc_common_v3_00_a/coregen_comp_defs 1540408640 \
      PB proc_common_v3_00_a/proc_common_pkg 1540408603 \
      PB proc_common_v3_00_a/family_support 1540408601
AR proc_common_v3_00_a/sync_fifo_fg/implementation 1540408648 \
      FL $XILINX/hw/XilinxProcessorIPLib/pcores/proc_common_v3_00_a/hdl/vhdl/sync_fifo_fg.vhd \
      EN proc_common_v3_00_a/sync_fifo_fg 1540408647 CP fifo_generator_v4_3 \
      CP fifo_generator_v9_3
FL $XILINX/hw/XilinxProcessorIPLib/pcores/proc_common_v3_00_a/hdl/vhdl/valid_be.vhd 2013/06/03.20:49:46 P.68d
EN proc_common_v3_00_a/valid_be 1540408695 \
      FL $XILINX/hw/XilinxProcessorIPLib/pcores/proc_common_v3_00_a/hdl/vhdl/valid_be.vhd \
      PB ieee/std_logic_1164 1370735607 PB ieee/std_logic_arith 1370735608 \
      PB ieee/STD_LOGIC_SIGNED 1370735609 LB proc_common_v3_00_a \
      PB proc_common_v3_00_a/proc_common_pkg 1540408603
AR proc_common_v3_00_a/valid_be/implementation 1540408696 \
      FL $XILINX/hw/XilinxProcessorIPLib/pcores/proc_common_v3_00_a/hdl/vhdl/valid_be.vhd \
      EN proc_common_v3_00_a/valid_be 1540408695
