EN system_mb_plb_wrapper NULL C:/Users/CS152B/Desktop/cs152b/Lab3/Lab3/synthesis/parallel_run/hdl/system_mb_plb_wrapper.vhd sub00/vhpl00 1540583150
AR system_mb_plb_wrapper structure C:/Users/CS152B/Desktop/cs152b/Lab3/Lab3/synthesis/parallel_run/hdl/system_mb_plb_wrapper.vhd sub00/vhpl01 1540583151
