V3 48
FL $XILINX/hw/XilinxProcessorIPLib/pcores/xps_uart16550_v3_00_a/hdl/vhdl/ipic_if.vhd 2013/06/03.20:49:57 P.68d
EN xps_uart16550_v3_00_a/ipic_if 1540835526 \
      FL $XILINX/hw/XilinxProcessorIPLib/pcores/xps_uart16550_v3_00_a/hdl/vhdl/ipic_if.vhd \
      PB ieee/std_logic_1164 1370735607
AR xps_uart16550_v3_00_a/ipic_if/imp 1540835527 \
      FL $XILINX/hw/XilinxProcessorIPLib/pcores/xps_uart16550_v3_00_a/hdl/vhdl/ipic_if.vhd \
      EN xps_uart16550_v3_00_a/ipic_if 1540835526
FL $XILINX/hw/XilinxProcessorIPLib/pcores/xps_uart16550_v3_00_a/hdl/vhdl/rx16550.vhd 2013/06/03.20:49:57 P.68d
EN xps_uart16550_v3_00_a/rx16550 1540835512 \
      FL $XILINX/hw/XilinxProcessorIPLib/pcores/xps_uart16550_v3_00_a/hdl/vhdl/rx16550.vhd \
      PB ieee/std_logic_1164 1370735607 PB ieee/STD_LOGIC_UNSIGNED 1370735609
AR xps_uart16550_v3_00_a/rx16550/implementation 1540835513 \
      FL $XILINX/hw/XilinxProcessorIPLib/pcores/xps_uart16550_v3_00_a/hdl/vhdl/rx16550.vhd \
      EN xps_uart16550_v3_00_a/rx16550 1540835512
FL $XILINX/hw/XilinxProcessorIPLib/pcores/xps_uart16550_v3_00_a/hdl/vhdl/rx_fifo_block.vhd 2013/06/03.20:49:57 P.68d
EN xps_uart16550_v3_00_a/rx_fifo_block 1540835518 \
      FL $XILINX/hw/XilinxProcessorIPLib/pcores/xps_uart16550_v3_00_a/hdl/vhdl/rx_fifo_block.vhd \
      PB ieee/std_logic_1164 1370735607 LB xps_uart16550_v3_00_a \
      LB proc_common_v3_00_a EN proc_common_v3_00_a/srl_fifo_rbu_f 1540835415
AR xps_uart16550_v3_00_a/rx_fifo_block/implementation 1540835519 \
      FL $XILINX/hw/XilinxProcessorIPLib/pcores/xps_uart16550_v3_00_a/hdl/vhdl/rx_fifo_block.vhd \
      EN xps_uart16550_v3_00_a/rx_fifo_block 1540835518 \
      CP xps_uart16550_v3_00_a/rx_fifo_control \
      CP proc_common_v3_00_a/srl_fifo_rbu_f
FL $XILINX/hw/XilinxProcessorIPLib/pcores/xps_uart16550_v3_00_a/hdl/vhdl/rx_fifo_control.vhd 2013/06/03.20:49:57 P.68d
EN xps_uart16550_v3_00_a/rx_fifo_control 1540835506 \
      FL $XILINX/hw/XilinxProcessorIPLib/pcores/xps_uart16550_v3_00_a/hdl/vhdl/rx_fifo_control.vhd \
      PB ieee/std_logic_1164 1370735607 PB ieee/STD_LOGIC_UNSIGNED 1370735609
AR xps_uart16550_v3_00_a/rx_fifo_control/implementation 1540835507 \
      FL $XILINX/hw/XilinxProcessorIPLib/pcores/xps_uart16550_v3_00_a/hdl/vhdl/rx_fifo_control.vhd \
      EN xps_uart16550_v3_00_a/rx_fifo_control 1540835506
FL $XILINX/hw/XilinxProcessorIPLib/pcores/xps_uart16550_v3_00_a/hdl/vhdl/tx16550.vhd 2013/06/03.20:49:57 P.68d
EN xps_uart16550_v3_00_a/tx16550 1540835514 \
      FL $XILINX/hw/XilinxProcessorIPLib/pcores/xps_uart16550_v3_00_a/hdl/vhdl/tx16550.vhd \
      PB ieee/std_logic_1164 1370735607 PB ieee/STD_LOGIC_UNSIGNED 1370735609
AR xps_uart16550_v3_00_a/tx16550/implementation 1540835515 \
      FL $XILINX/hw/XilinxProcessorIPLib/pcores/xps_uart16550_v3_00_a/hdl/vhdl/tx16550.vhd \
      EN xps_uart16550_v3_00_a/tx16550 1540835514
FL $XILINX/hw/XilinxProcessorIPLib/pcores/xps_uart16550_v3_00_a/hdl/vhdl/tx_fifo_block.vhd 2013/06/03.20:49:57 P.68d
EN xps_uart16550_v3_00_a/tx_fifo_block 1540835516 \
      FL $XILINX/hw/XilinxProcessorIPLib/pcores/xps_uart16550_v3_00_a/hdl/vhdl/tx_fifo_block.vhd \
      PB ieee/std_logic_1164 1370735607 LB proc_common_v3_00_a \
      EN proc_common_v3_00_a/srl_fifo_rbu_f 1540835415
AR xps_uart16550_v3_00_a/tx_fifo_block/implementation 1540835517 \
      FL $XILINX/hw/XilinxProcessorIPLib/pcores/xps_uart16550_v3_00_a/hdl/vhdl/tx_fifo_block.vhd \
      EN xps_uart16550_v3_00_a/tx_fifo_block 1540835516 \
      CP proc_common_v3_00_a/srl_fifo_rbu_f
FL $XILINX/hw/XilinxProcessorIPLib/pcores/xps_uart16550_v3_00_a/hdl/vhdl/uart16550.vhd 2013/06/03.20:49:57 P.68d
EN xps_uart16550_v3_00_a/uart16550 1540835524 \
      FL $XILINX/hw/XilinxProcessorIPLib/pcores/xps_uart16550_v3_00_a/hdl/vhdl/uart16550.vhd \
      PB ieee/std_logic_1164 1370735607 PB ieee/STD_LOGIC_UNSIGNED 1370735609 \
      LB xps_uart16550_v3_00_a LB proc_common_v3_00_a LB unisim \
      PH unisim/VCOMPONENTS 1370735613 PB proc_common_v3_00_a/family 1540835418 \
      PB proc_common_v3_00_a/family_support 1540835388
AR xps_uart16550_v3_00_a/uart16550/implementation 1540835525 \
      FL $XILINX/hw/XilinxProcessorIPLib/pcores/xps_uart16550_v3_00_a/hdl/vhdl/uart16550.vhd \
      EN xps_uart16550_v3_00_a/uart16550 1540835524 \
      CP xps_uart16550_v3_00_a/xuart_tx_load_sm CP FDDRRSE CP ODDR \
      CP xps_uart16550_v3_00_a/rx16550 CP xps_uart16550_v3_00_a/tx16550 \
      CP std_logic CP xps_uart16550_v3_00_a/tx_fifo_block \
      CP xps_uart16550_v3_00_a/rx_fifo_block
FL $XILINX/hw/XilinxProcessorIPLib/pcores/xps_uart16550_v3_00_a/hdl/vhdl/xps_uart16550.vhd 2013/06/03.20:49:57 P.68d
EN xps_uart16550_v3_00_a/xps_uart16550 1540835530 \
      FL $XILINX/hw/XilinxProcessorIPLib/pcores/xps_uart16550_v3_00_a/hdl/vhdl/xps_uart16550.vhd \
      PB ieee/std_logic_1164 1370735607 LB xps_uart16550_v3_00_a \
      EN xps_uart16550_v3_00_a/xuart 1540835528
AR xps_uart16550_v3_00_a/xps_uart16550/imp 1540835531 \
      FL $XILINX/hw/XilinxProcessorIPLib/pcores/xps_uart16550_v3_00_a/hdl/vhdl/xps_uart16550.vhd \
      EN xps_uart16550_v3_00_a/xps_uart16550 1540835530 \
      CP xps_uart16550_v3_00_a/xuart
FL $XILINX/hw/XilinxProcessorIPLib/pcores/xps_uart16550_v3_00_a/hdl/vhdl/xuart.vhd 2013/06/03.20:49:57 P.68d
EN xps_uart16550_v3_00_a/xuart 1540835528 \
      FL $XILINX/hw/XilinxProcessorIPLib/pcores/xps_uart16550_v3_00_a/hdl/vhdl/xuart.vhd \
      PB ieee/std_logic_1164 1370735607 LB proc_common_v3_00_a \
      LB xps_uart16550_v3_00_a LB plbv46_slave_single_v1_01_a \
      PB proc_common_v3_00_a/ipif_pkg 1540835505 \
      EN xps_uart16550_v3_00_a/uart16550 1540835524 \
      EN xps_uart16550_v3_00_a/ipic_if 1540835526 \
      EN plbv46_slave_single_v1_01_a/plbv46_slave_single 1540835522
AR xps_uart16550_v3_00_a/xuart/imp 1540835529 \
      FL $XILINX/hw/XilinxProcessorIPLib/pcores/xps_uart16550_v3_00_a/hdl/vhdl/xuart.vhd \
      EN xps_uart16550_v3_00_a/xuart 1540835528 \
      CP xps_uart16550_v3_00_a/uart16550 CP xps_uart16550_v3_00_a/ipic_if \
      CP plbv46_slave_single_v1_01_a/plbv46_slave_single CP std_logic
FL $XILINX/hw/XilinxProcessorIPLib/pcores/xps_uart16550_v3_00_a/hdl/vhdl/xuart_tx_load_sm.vhd 2013/06/03.20:49:57 P.68d
EN xps_uart16550_v3_00_a/xuart_tx_load_sm 1540835510 \
      FL $XILINX/hw/XilinxProcessorIPLib/pcores/xps_uart16550_v3_00_a/hdl/vhdl/xuart_tx_load_sm.vhd \
      PB ieee/std_logic_1164 1370735607
AR xps_uart16550_v3_00_a/xuart_tx_load_sm/implementation 1540835511 \
      FL $XILINX/hw/XilinxProcessorIPLib/pcores/xps_uart16550_v3_00_a/hdl/vhdl/xuart_tx_load_sm.vhd \
      EN xps_uart16550_v3_00_a/xuart_tx_load_sm 1540835510
