V3 6
FL C:/Users/CS152B/Desktop/cs152b/Lab3/RPS/synthesis/parallel_run/hdl/system_xps_gpio_0_wrapper.vhd 2018/10/29.11:28:38 P.68d
EN work/system_xps_gpio_0_wrapper 1540837852 \
      FL C:/Users/CS152B/Desktop/cs152b/Lab3/RPS/synthesis/parallel_run/hdl/system_xps_gpio_0_wrapper.vhd \
      PB ieee/std_logic_1164 1370735607 LB UNISIM PH unisim/VCOMPONENTS 1370735613 \
      LB xps_gpio_v2_00_a
AR work/system_xps_gpio_0_wrapper/STRUCTURE 1540837853 \
      FL C:/Users/CS152B/Desktop/cs152b/Lab3/RPS/synthesis/parallel_run/hdl/system_xps_gpio_0_wrapper.vhd \
      EN work/system_xps_gpio_0_wrapper 1540837852 CP xps_gpio
