EN lmb_bram_elaborate NULL C:/Users/CS152B/Desktop/cs152b/Lab3/Lab3/hdl/elaborate/lmb_bram_elaborate_v1_00_a/hdl/vhdl/lmb_bram_elaborate.vhd sub00/vhpl00 1540408586
AR lmb_bram_elaborate structure C:/Users/CS152B/Desktop/cs152b/Lab3/Lab3/hdl/elaborate/lmb_bram_elaborate_v1_00_a/hdl/vhdl/lmb_bram_elaborate.vhd sub00/vhpl01 1540408587
