V3 103
FL $XILINX/hw/XilinxProcessorIPLib/pcores/plb_v46_v1_05_a/hdl/vhdl/arb_control_sm.vhd 2013/06/03.20:49:41 P.68d
EN plb_v46_v1_05_a/arb_control_sm 1540408663 \
      FL $XILINX/hw/XilinxProcessorIPLib/pcores/plb_v46_v1_05_a/hdl/vhdl/arb_control_sm.vhd \
      PB ieee/std_logic_1164 1370735607 LB proc_common_v3_00_a \
      PB proc_common_v3_00_a/proc_common_pkg 1540408539
AR plb_v46_v1_05_a/arb_control_sm/simulation 1540408664 \
      FL $XILINX/hw/XilinxProcessorIPLib/pcores/plb_v46_v1_05_a/hdl/vhdl/arb_control_sm.vhd \
      EN plb_v46_v1_05_a/arb_control_sm 1540408663
FL $XILINX/hw/XilinxProcessorIPLib/pcores/plb_v46_v1_05_a/hdl/vhdl/dcr_regs.vhd 2013/06/03.20:49:41 P.68d
EN plb_v46_v1_05_a/dcr_regs 1540408671 \
      FL $XILINX/hw/XilinxProcessorIPLib/pcores/plb_v46_v1_05_a/hdl/vhdl/dcr_regs.vhd \
      PB ieee/std_logic_1164 1370735607 LB unisim PH unisim/VCOMPONENTS 1370735613 \
      LB proc_common_v3_00_a PB proc_common_v3_00_a/proc_common_pkg 1540408539
AR plb_v46_v1_05_a/dcr_regs/implementation 1540408672 \
      FL $XILINX/hw/XilinxProcessorIPLib/pcores/plb_v46_v1_05_a/hdl/vhdl/dcr_regs.vhd \
      EN plb_v46_v1_05_a/dcr_regs 1540408671 CP FDRE \
      CP proc_common_v3_00_a/pselect_f
FL $XILINX/hw/XilinxProcessorIPLib/pcores/plb_v46_v1_05_a/hdl/vhdl/gen_qual_req.vhd 2013/06/03.20:49:41 P.68d
EN plb_v46_v1_05_a/gen_qual_req 1540408665 \
      FL $XILINX/hw/XilinxProcessorIPLib/pcores/plb_v46_v1_05_a/hdl/vhdl/gen_qual_req.vhd \
      PB ieee/std_logic_1164 1370735607
AR plb_v46_v1_05_a/gen_qual_req/simulation 1540408666 \
      FL $XILINX/hw/XilinxProcessorIPLib/pcores/plb_v46_v1_05_a/hdl/vhdl/gen_qual_req.vhd \
      EN plb_v46_v1_05_a/gen_qual_req 1540408665
FL $XILINX/hw/XilinxProcessorIPLib/pcores/plb_v46_v1_05_a/hdl/vhdl/muxed_signals.vhd 2013/06/03.20:49:41 P.68d
EN plb_v46_v1_05_a/muxed_signals 1540408667 \
      FL $XILINX/hw/XilinxProcessorIPLib/pcores/plb_v46_v1_05_a/hdl/vhdl/muxed_signals.vhd \
      PB ieee/std_logic_1164 1370735607 LB proc_common_v3_00_a LB plb_v46_v1_05_a \
      PB proc_common_v3_00_a/proc_common_pkg 1540408539 \
      EN plb_v46_v1_05_a/or_bits 1540408651
AR plb_v46_v1_05_a/muxed_signals/implementation 1540408668 \
      FL $XILINX/hw/XilinxProcessorIPLib/pcores/plb_v46_v1_05_a/hdl/vhdl/muxed_signals.vhd \
      EN plb_v46_v1_05_a/muxed_signals 1540408667 \
      CP proc_common_v3_00_a/mux_onehot_f CP std_logic_vector \
      CP plb_v46_v1_05_a/or_bits
FL $XILINX/hw/XilinxProcessorIPLib/pcores/plb_v46_v1_05_a/hdl/vhdl/or_bits.vhd 2013/06/03.20:49:41 P.68d
EN plb_v46_v1_05_a/or_bits 1540408651 \
      FL $XILINX/hw/XilinxProcessorIPLib/pcores/plb_v46_v1_05_a/hdl/vhdl/or_bits.vhd \
      PB ieee/std_logic_1164 1370735607
AR plb_v46_v1_05_a/or_bits/implementation 1540408652 \
      FL $XILINX/hw/XilinxProcessorIPLib/pcores/plb_v46_v1_05_a/hdl/vhdl/or_bits.vhd \
      EN plb_v46_v1_05_a/or_bits 1540408651
FL $XILINX/hw/XilinxProcessorIPLib/pcores/plb_v46_v1_05_a/hdl/vhdl/or_gate.vhd 2013/06/03.20:49:41 P.68d
EN plb_v46_v1_05_a/or_gate 1540408675 \
      FL $XILINX/hw/XilinxProcessorIPLib/pcores/plb_v46_v1_05_a/hdl/vhdl/or_gate.vhd \
      PB ieee/std_logic_1164 1370735607 PB ieee/std_logic_arith 1370735608 \
      PB ieee/STD_LOGIC_UNSIGNED 1370735609 LB proc_common_v3_00_a
AR plb_v46_v1_05_a/or_gate/imp 1540408676 \
      FL $XILINX/hw/XilinxProcessorIPLib/pcores/plb_v46_v1_05_a/hdl/vhdl/or_gate.vhd \
      EN plb_v46_v1_05_a/or_gate 1540408675 CP std_logic_vector \
      CP proc_common_v3_00_a/or_muxcy_f
FL $XILINX/hw/XilinxProcessorIPLib/pcores/plb_v46_v1_05_a/hdl/vhdl/pending_priority.vhd 2013/06/03.20:49:41 P.68d
EN plb_v46_v1_05_a/pending_priority 1540408657 \
      FL $XILINX/hw/XilinxProcessorIPLib/pcores/plb_v46_v1_05_a/hdl/vhdl/pending_priority.vhd \
      PB ieee/std_logic_1164 1370735607 LB unisim PH unisim/VCOMPONENTS 1370735613 \
      LB plb_v46_v1_05_a EN plb_v46_v1_05_a/qual_priority 1540408575
AR plb_v46_v1_05_a/pending_priority/simulation 1540408658 \
      FL $XILINX/hw/XilinxProcessorIPLib/pcores/plb_v46_v1_05_a/hdl/vhdl/pending_priority.vhd \
      EN plb_v46_v1_05_a/pending_priority 1540408657 \
      CP plb_v46_v1_05_a/qual_priority CP boolean CP MUXCY
FL $XILINX/hw/XilinxProcessorIPLib/pcores/plb_v46_v1_05_a/hdl/vhdl/pend_request.vhd 2013/06/03.20:49:41 P.68d
EN plb_v46_v1_05_a/pend_request 1540408659 \
      FL $XILINX/hw/XilinxProcessorIPLib/pcores/plb_v46_v1_05_a/hdl/vhdl/pend_request.vhd \
      PB ieee/std_logic_1164 1370735607 LB unisim PH unisim/VCOMPONENTS 1370735613
AR plb_v46_v1_05_a/pend_request/simulation 1540408660 \
      FL $XILINX/hw/XilinxProcessorIPLib/pcores/plb_v46_v1_05_a/hdl/vhdl/pend_request.vhd \
      EN plb_v46_v1_05_a/pend_request 1540408659 CP MUXCY CP std_logic
FL $XILINX/hw/XilinxProcessorIPLib/pcores/plb_v46_v1_05_a/hdl/vhdl/plb_addrpath.vhd 2013/06/03.20:49:41 P.68d
EN plb_v46_v1_05_a/plb_addrpath 1540408679 \
      FL $XILINX/hw/XilinxProcessorIPLib/pcores/plb_v46_v1_05_a/hdl/vhdl/plb_addrpath.vhd \
      PB ieee/std_logic_1164 1370735607 LB proc_common_v3_00_a \
      PB proc_common_v3_00_a/proc_common_pkg 1540408539
AR plb_v46_v1_05_a/plb_addrpath/implementation 1540408680 \
      FL $XILINX/hw/XilinxProcessorIPLib/pcores/plb_v46_v1_05_a/hdl/vhdl/plb_addrpath.vhd \
      EN plb_v46_v1_05_a/plb_addrpath 1540408679 \
      CP proc_common_v3_00_a/mux_onehot_f
EN plb_v46_v1_05_a/plb_arbiter_logic 0 \
      FL $XILINX/hw/XilinxProcessorIPLib/pcores/plb_v46_v1_05_a/hdl/vhdl/plb_arbiter_logic.vhd \
      PB ieee/std_logic_1164 1370735607 LB proc_common_v3_00_a LB unisim \
      PH unisim/VCOMPONENTS 1370735613 LB plb_v46_v1_05_a \
      PB proc_common_v3_00_a/proc_common_pkg 1540408539
AR plb_v46_v1_05_a/plb_arbiter_logic/implementation 0 \
      FL $XILINX/hw/XilinxProcessorIPLib/pcores/plb_v46_v1_05_a/hdl/vhdl/plb_arbiter_logic.vhd \
      EN plb_v46_v1_05_a/plb_arbiter_logic 0 CP plb_v46_v1_05_a/plb_arb_encoder \
      CP plb_v46_v1_05_a/arb_control_sm CP plb_v46_v1_05_a/gen_qual_req \
      CP proc_common_v3_00_a/mux_onehot_f CP plb_v46_v1_05_a/muxed_signals \
      CP plb_v46_v1_05_a/watchdog_timer CP plb_v46_v1_05_a/dcr_regs \
      CP plb_v46_v1_05_a/plb_interrupt
FL $XILINX/hw/XilinxProcessorIPLib/pcores/plb_v46_v1_05_a/hdl/vhdl/plb_arb_encoder.vhd 2013/06/03.20:49:41 P.68d
EN plb_v46_v1_05_a/plb_arb_encoder 1540408661 \
      FL $XILINX/hw/XilinxProcessorIPLib/pcores/plb_v46_v1_05_a/hdl/vhdl/plb_arb_encoder.vhd \
      PB ieee/std_logic_1164 1370735607 LB proc_common_v3_00_a LB unisim \
      PH unisim/VCOMPONENTS 1370735613 LB plb_v46_v1_05_a \
      PB proc_common_v3_00_a/proc_common_pkg 1540408539
AR plb_v46_v1_05_a/plb_arb_encoder/implementation 1540408662 \
      FL $XILINX/hw/XilinxProcessorIPLib/pcores/plb_v46_v1_05_a/hdl/vhdl/plb_arb_encoder.vhd \
      EN plb_v46_v1_05_a/plb_arb_encoder 1540408661 \
      CP plb_v46_v1_05_a/priority_encoder CP plb_v46_v1_05_a/rr_select \
      CP plb_v46_v1_05_a/pending_priority CP plb_v46_v1_05_a/pend_request \
      CP proc_common_v3_00_a/mux_onehot_f
FL $XILINX/hw/XilinxProcessorIPLib/pcores/plb_v46_v1_05_a/hdl/vhdl/plb_interrupt.vhd 2013/06/03.20:49:41 P.68d
EN plb_v46_v1_05_a/plb_interrupt 1540408673 \
      FL $XILINX/hw/XilinxProcessorIPLib/pcores/plb_v46_v1_05_a/hdl/vhdl/plb_interrupt.vhd \
      PB ieee/std_logic_1164 1370735607 LB unisim PH unisim/VCOMPONENTS 1370735613 \
      LB proc_common_v3_00_a PB proc_common_v3_00_a/proc_common_pkg 1540408539
AR plb_v46_v1_05_a/plb_interrupt/plb_interrupt 1540408674 \
      FL $XILINX/hw/XilinxProcessorIPLib/pcores/plb_v46_v1_05_a/hdl/vhdl/plb_interrupt.vhd \
      EN plb_v46_v1_05_a/plb_interrupt 1540408673 CP FDRE CP FDSE
FL $XILINX/hw/XilinxProcessorIPLib/pcores/plb_v46_v1_05_a/hdl/vhdl/plb_p2p.vhd 2013/06/03.20:49:41 P.68d
EN plb_v46_v1_05_a/plb_p2p 1540408677 \
      FL $XILINX/hw/XilinxProcessorIPLib/pcores/plb_v46_v1_05_a/hdl/vhdl/plb_p2p.vhd \
      PB ieee/std_logic_1164 1370735607 LB proc_common_v3_00_a LB plb_v46_v1_05_a \
      PB proc_common_v3_00_a/proc_common_pkg 1540408539
AR plb_v46_v1_05_a/plb_p2p/implementation 1540408678 \
      FL $XILINX/hw/XilinxProcessorIPLib/pcores/plb_v46_v1_05_a/hdl/vhdl/plb_p2p.vhd \
      EN plb_v46_v1_05_a/plb_p2p 1540408677 CP plb_v46_v1_05_a/watchdog_timer \
      CP std_logic CP ARB_SM_TYPE
FL $XILINX/hw/XilinxProcessorIPLib/pcores/plb_v46_v1_05_a/hdl/vhdl/plb_rd_datapath.vhd 2013/06/03.20:49:41 P.68d
EN plb_v46_v1_05_a/plb_rd_datapath 1540408683 \
      FL $XILINX/hw/XilinxProcessorIPLib/pcores/plb_v46_v1_05_a/hdl/vhdl/plb_rd_datapath.vhd \
      PB ieee/std_logic_1164 1370735607
AR plb_v46_v1_05_a/plb_rd_datapath/simulation 1540408684 \
      FL $XILINX/hw/XilinxProcessorIPLib/pcores/plb_v46_v1_05_a/hdl/vhdl/plb_rd_datapath.vhd \
      EN plb_v46_v1_05_a/plb_rd_datapath 1540408683
EN plb_v46_v1_05_a/plb_slave_ors 0 \
      FL $XILINX/hw/XilinxProcessorIPLib/pcores/plb_v46_v1_05_a/hdl/vhdl/plb_slave_ors.vhd \
      PB ieee/std_logic_1164 1370735607 LB plb_v46_v1_05_a \
      EN plb_v46_v1_05_a/or_gate 1540408675
AR plb_v46_v1_05_a/plb_slave_ors/implementation 0 \
      FL $XILINX/hw/XilinxProcessorIPLib/pcores/plb_v46_v1_05_a/hdl/vhdl/plb_slave_ors.vhd \
      EN plb_v46_v1_05_a/plb_slave_ors 0 CP or_gate CP plb_v46_v1_05_a/or_gate
EN plb_v46_v1_05_a/plb_v46 0 \
      FL $XILINX/hw/XilinxProcessorIPLib/pcores/plb_v46_v1_05_a/hdl/vhdl/plb_v46.vhd \
      PB ieee/std_logic_1164 1370735607 LB plb_v46_v1_05_a LB unisim \
      PH unisim/VCOMPONENTS 1370735613
AR plb_v46_v1_05_a/plb_v46/simulation 0 \
      FL $XILINX/hw/XilinxProcessorIPLib/pcores/plb_v46_v1_05_a/hdl/vhdl/plb_v46.vhd \
      EN plb_v46_v1_05_a/plb_v46 0 CP FDS CP plb_v46_v1_05_a/plb_p2p \
      CP plb_v46_v1_05_a/plb_addrpath CP plb_v46_v1_05_a/plb_wr_datapath \
      CP plb_v46_v1_05_a/plb_rd_datapath CP plb_v46_v1_05_a/plb_slave_ors \
      CP plb_v46_v1_05_a/plb_arbiter_logic
FL $XILINX/hw/XilinxProcessorIPLib/pcores/plb_v46_v1_05_a/hdl/vhdl/plb_wr_datapath.vhd 2013/06/03.20:49:41 P.68d
EN plb_v46_v1_05_a/plb_wr_datapath 1540408681 \
      FL $XILINX/hw/XilinxProcessorIPLib/pcores/plb_v46_v1_05_a/hdl/vhdl/plb_wr_datapath.vhd \
      PB ieee/std_logic_1164 1370735607 LB proc_common_v3_00_a
AR plb_v46_v1_05_a/plb_wr_datapath/simulation 1540408682 \
      FL $XILINX/hw/XilinxProcessorIPLib/pcores/plb_v46_v1_05_a/hdl/vhdl/plb_wr_datapath.vhd \
      EN plb_v46_v1_05_a/plb_wr_datapath 1540408681 \
      CP proc_common_v3_00_a/mux_onehot_f
FL $XILINX/hw/XilinxProcessorIPLib/pcores/plb_v46_v1_05_a/hdl/vhdl/priority