EN xuart_tx_load_sm NULL C:/Xilinx/14.6/ISE_DS/EDK/hw/XilinxProcessorIPLib/pcores/xps_uart16550_v3_00_a/hdl/vhdl/xuart_tx_load_sm.vhd sub00/vhpl02 1540408914
AR tx16550 implementation C:/Xilinx/14.6/ISE_DS/EDK/hw/XilinxProcessorIPLib/pcores/xps_uart16550_v3_00_a/hdl/vhdl/tx16550.vhd sub00/vhpl07 1540408919
EN tx_fifo_block NULL C:/Xilinx/14.6/ISE_DS/EDK/hw/XilinxProcessorIPLib/pcores/xps_uart16550_v3_00_a/hdl/vhdl/tx_fifo_block.vhd sub00/vhpl08 1540408920
AR rx_fifo_control implementation C:/Xilinx/14.6/ISE_DS/EDK/hw/XilinxProcessorIPLib/pcores/xps_uart16550_v3_00_a/hdl/vhdl/rx_fifo_control.vhd sub00/vhpl01 1540408911
AR xuart_tx_load_sm implementation C:/Xilinx/14.6/ISE_DS/EDK/hw/XilinxProcessorIPLib/pcores/xps_uart16550_v3_00_a/hdl/vhdl/xuart_tx_load_sm.vhd sub00/vhpl03 1540408915
EN uart16550 NULL C:/Xilinx/14.6/ISE_DS/EDK/hw/XilinxProcessorIPLib/pcores/xps_uart16550_v3_00_a/hdl/vhdl/uart16550.vhd sub00/vhpl12 1540408928
EN tx16550 NULL C:/Xilinx/14.6/ISE_DS/EDK/hw/XilinxProcessorIPLib/pcores/xps_uart16550_v3_00_a/hdl/vhdl/tx16550.vhd sub00/vhpl06 1540408918
AR rx16550 implementation C:/Xilinx/14.6/ISE_DS/EDK/hw/XilinxProcessorIPLib/pcores/xps_uart16550_v3_00_a/hdl/vhdl/rx16550.vhd sub00/vhpl05 1540408917
EN rx_fifo_control NULL C:/Xilinx/14.6/ISE_DS/EDK/hw/XilinxProcessorIPLib/pcores/xps_uart16550_v3_00_a/hdl/vhdl/rx_fifo_control.vhd sub00/vhpl00 1540408910
EN rx16550 NULL C:/Xilinx/14.6/ISE_DS/EDK/hw/XilinxProcessorIPLib/pcores/xps_uart16550_v3_00_a/hdl/vhdl/rx16550.vhd sub00/vhpl04 1540408916
AR rx_fifo_block implementation C:/Xilinx/14.6/ISE_DS/EDK/hw/XilinxProcessorIPLib/pcores/xps_uart16550_v3_00_a/hdl/vhdl/rx_fifo_block.vhd sub00/vhpl11 1540408923
AR uart16550 implementation C:/Xilinx/14.6/ISE_DS/EDK/hw/XilinxProcessorIPLib/pcores/xps_uart16550_v3_00_a/hdl/vhdl/uart16550.vhd sub00/vhpl13 1540408929
EN xuart NULL C:/Xilinx/14.6/ISE_DS/EDK/hw/XilinxProcessorIPLib/pcores/xps_uart16550_v3_00_a/hdl/vhdl/xuart.vhd sub00/vhpl16 1540408932
EN rx_fifo_block NULL C:/Xilinx/14.6/ISE_DS/EDK/hw/XilinxProcessorIPLib/pcores/xps_uart16550_v3_00_a/hdl/vhdl/rx_fifo_block.vhd sub00/vhpl10 1540408922
AR ipic_if imp C:/Xilinx/14.6/ISE_DS/EDK/hw/XilinxProcessorIPLib/pcores/xps_uart16550_v3_00_a/hdl/vhdl/ipic_if.vhd sub00/vhpl15 1540408931
AR tx_fifo_block implementation C:/Xilinx/14.6/ISE_DS/EDK/hw/XilinxProcessorIPLib/pcores/xps_uart16550_v3_00_a/hdl/vhdl/tx_fifo_block.vhd sub00/vhpl09 1540408921
EN ipic_if NULL C:/Xilinx/14.6/ISE_DS/EDK/hw/XilinxProcessorIPLib/pcores/xps_uart16550_v3_00_a/hdl/vhdl/ipic_if.vhd sub00/vhpl14 1540408930
EN xps_uart16550 NULL C:/Xilinx/14.6/ISE_DS/EDK/hw/XilinxProcessorIPLib/pcores/xps_uart16550_v3_00_a/hdl/vhdl/xps_uart16550.vhd sub00/vhpl18 1540408934
AR xuart imp C:/Xilinx/14.6/ISE_DS/EDK/hw/XilinxProcessorIPLib/pcores/xps_uart16550_v3_00_a/hdl/vhdl/xuart.vhd sub00/vhpl17 1540408933
AR xps_uart16550 imp C:/Xilinx/14.6/ISE_DS/EDK/hw/XilinxProcessorIPLib/pcores/xps_uart16550_v3_00_a/hdl/vhdl/xps_uart16550.vhd sub00/vhpl19 1540408935
