V3 48
FL $XILINX/hw/XilinxProcessorIPLib/pcores/xps_uart16550_v3_00_a/hdl/vhdl/ipic_if.vhd 2013/06/03.20:49:57 P.68d
EN xps_uart16550_v3_00_a/ipic_if 1540408930 \
      FL $XILINX/hw/XilinxProcessorIPLib/pcores/xps_uart16550_v3_00_a/hdl/vhdl/ipic_if.vhd \
      PB ieee/std_logic_1164 1370735607
AR xps_uart16550_v3_00_a/ipic_if/imp 1540408931 \
      FL $XILINX/hw/XilinxProcessorIPLib/pcores/xps_uart16550_v3_00_a/hdl/vhdl/ipic_if.vhd \
      EN xps_uart16550_v3_00_a/ipic_if 1540408930
FL $XILINX/hw/XilinxProcessorIPLib/pcores/xps_uart16550_v3_00_a/hdl/vhdl/rx16550.vhd 2013/06/03.20:49:57 P.68d
EN xps_uart16550_v3_00_a/rx16550 1540408916 \
      FL $XILINX/hw/XilinxProcessorIPLib/pcores/xps_uart16550_v3_00_a/hdl/vhdl/rx16550.vhd \
      PB ieee/std_logic_1164 1370735607 PB ieee/STD_LOGIC_UNSIGNED 1370735609
AR xps_uart16550_v3_00_a/rx16550/implementation 1540408917 \
      FL $XILINX/hw/XilinxProcessorIPLib/pcores/xps_uart16550_v3_00_a/hdl/vhdl/rx16550.vhd \
      EN xps_uart16550_v3_00_a/rx16550 1540408916
FL $XILINX/hw/XilinxProcessorIPLib/pcores/xps_uart16550_v3_00_a/hdl/vhdl/rx_fifo_block.vhd 2013/06/03.20:49:57 P.68d
EN xps_uart16550_v3_00_a/rx_fifo_block 1540408922 \
      FL $XILINX/hw/XilinxProcessorIPLib/pcores/xps_uart16550_v3_00_a/hdl/vhdl/rx_fifo_block.vhd \
      PB ieee/std_logic_1164 1370735607 LB xps_uart16550_v3_00_a \
      LB proc_common_v3_00_a EN proc_common_v3_00_a/srl_fifo_rbu_f 1540408819
AR xps_uart16550_v3_00_a/rx_fifo_block/implementation 1540408923 \
      FL $XILINX/hw/XilinxProcessorIPLib/pcores/xps_uart16550_v3_00_a/hdl/vhdl/rx_fifo_block.vhd \
      EN xps_uart16550_v3_00_a/rx_fifo_block 1540408922 \
      CP xps_uart16550_v3_00_a/rx_fifo_control \
      CP proc_common_v3_00_a/srl_fifo_rbu_f
FL $XILINX/hw/XilinxProcessorIPLib/pcores/xps_uart16550_v3_00_a/hdl/vhdl/rx_fifo_control.vhd 2013/06/03.20:49:57 P.68d
EN xps_uart16550_v3_00_a/rx_fifo_control 1540408910 \
      FL $XILINX/hw/XilinxProcessorIPLib/pcores/xps_uart16550_v3_00_a/hdl/vhdl/rx_fifo_control.vhd \
      PB ieee/std_logic_1164 1370735607 PB ieee/STD_LOGIC_UNSIGNED 1370735609
AR xps_uart16550_v3_00_a/rx_fifo_control/implementation 1540408911 \
      FL $XILINX/hw/XilinxProcessorIPLib/pcores/xps_uart16550_v3_00_a/hdl/vhdl/rx_fifo_control.vhd \
      EN xps_uart16550_v3_00_a/rx_fifo_control 1540408910
FL $XILINX/hw/XilinxProcessorIPLib/pcores/xps_uart16550_v3_00_a/hdl/vhdl/tx16550.vhd 2013/06/03.20:49:57 P.68d
EN xps_uart16550_v3_00_a/tx16550 1540408918 \
      FL $XILINX/hw/XilinxProcessorIPLib/pcores/xps_uart16550_v3_00_a/hdl/vhdl/tx16550.vhd \
      PB ieee/std_logic_1164 1370735607 PB ieee/STD_LOGIC_UNSIGNED 1370735609
AR xps_uart16550_v3_00_a/tx16550/implementation 1540408919 \
      FL $XILINX/hw/XilinxProcessorIPLib/pcores/xps_uart16550_v3_00_a/hdl/vhdl/tx16550.vhd \
      EN xps_uart16550_v3_00_a/tx16550 1540408918
FL $XILINX/hw/XilinxProcessorIPLib/pcores/xps_uart16550_v3_00_a/hdl/vhdl/tx_fifo_block.vhd 2013/06/03.20:49:57 P.68d
EN xps_uart16550_v3_00_a/tx_fifo_block 1540408920 \
      FL $XILINX/hw/XilinxProcessorIPLib/pcores/xps_uart16550_v3_00_a/hdl/vhdl/tx_fifo_block.vhd \
      PB ieee/std_logic_1164 1370735607 LB proc_common_v3_00_a \
      EN proc_common_v3_00_a/srl_fifo_rbu_f 1540408819
AR xps_uart16550_v3_00_a/tx_fifo_block/implementation 1540408921 \
      FL $XILINX/hw/XilinxProcessorIPLib/pcores/xps_uart16550_v3_00_a/hdl/vhdl/tx_fifo_block.vhd \
      EN xps_uart16550_v3_00_a/tx_fifo_block 1540408920 \
      CP proc_common_v3_00_a/srl_fifo_rbu_f
FL $XILINX/hw/XilinxProcessorIPLib/pcores/xps_uart16550_v3_00_a/hdl/vhdl/uart16550.vhd 2013/06/03.20:49:57 P.68d
EN xps_uart16550_v3_00_a/uart16550 1540408928 \
      FL $XILINX/hw/XilinxProcessorIPLib/pcores/xps_uart16550_v3_00_a/hdl/vhdl/uart16550.vhd \
      PB ieee/std_logic_1164 1370735607 PB ieee/STD_LOGIC_UNSIGNED 1370735609 \
      LB xps_uart16550_v3_00_a LB proc_common_v3_00_a LB unisim \
      PH unisim/VCOMPONENTS 1370735613 PB proc_common_v3_00_a/family 1540408822 \
      PB proc_common_v3_00_a/family_support 1540408792
AR xps_uart16550_v3_00_a/uart16550/implementation 1540408929 \
      FL $XILINX/hw/XilinxProcessorIPLib/pcores/xps_uart16550_v3_00_a/hdl/vhdl/uart16550.vhd \
      EN xps_uart16550_v3_00_a/uart16550 1540408928 \
      CP xps_uart16550_v3_00_a/xuart_tx_load_sm CP FDDRRSE CP ODDR \
      CP xps_uart16550_v3_00_a/rx16550 CP xps_uart16550_v3_00_a/tx16550 \
      CP std_logic CP xps_uart16550_v3_00_a/tx_fifo_block \
      CP xps_uart16550_v3_00_a/rx_fifo_block
FL $XILINX/hw/XilinxProcessorIPLib/pcores/xps_uart16550_v3_00_a/hdl/vhdl/xps_uart16550.vhd 2013/06/03.20:49:57 P.68d
EN xps_uart16550_v3_00_a/xps_uart16550 1540408934 \
      FL $XILINX/hw/XilinxProcessorIPLib/pcores/xps_uart16550_v3_00_a/hdl/vhdl/xps_uart16550.vhd \
      PB ieee/std_logic_1164 1370735607 LB xps_uart16550_v3_00_a \
      EN xps_uart16550_v3_00_a/xuart 1540408932
AR xps_uart16550_v3_00_a/xps_uart16550/imp 1540408935 \
      FL $XILINX/hw/XilinxProcessorIPLib/pcores/xps_uart16550_v3_00_a/hdl/vhdl/xps_uart16550.vhd \
      EN xps_uart16550_v3_00_a/xps_uart16550 1540408934 \
      CP xps_uart16550_v3_00_a/xuart
FL $XILINX/hw/XilinxProcessorIPLib/pcores/xps_uart16550_v3_00_a/hdl/vhdl/xuart.vhd 2013/06/03.20:49:57 P.68d
EN xps_uart16550_v3_00_a/xuart 1540408932 \
      FL $XILINX/hw/XilinxProcessorIPLib/pcores/xps_uart16550_v3_00_a/hdl/vhdl/xuart.vhd \
      PB ieee/std_logic_1164 1370735607 LB proc_common_v3_00_a \
      LB xps_uart16550_v3_00_a LB plbv46_slave_single_v1_01_a \
      PB proc_common_v3_00_a/ipif_pkg 1540408909 \
      EN xps_uart16550_v3_00_a/uart16550 1540408928 \
      EN xps_uart16550_v3_00_a/ipic_if 1540408930 \
      EN plbv46_slave_single_v1_01_a/plbv46_slave_single 1540408926
AR xps_uart16550_v3_00_a/xuart/imp 1540408933 \
      FL $XILINX/hw/XilinxProcessorIPLib/pcores/xps_uart16550_v3_00_a/hdl/vhdl/xuart.vhd \
      EN xps_uart16550_v3_00_a/xuart 1540408932 \
      CP xps_uart16550_v3_00_a/uart16550 CP xps_uart16550_v3_00_a/ipic_if \
      CP plbv46_slave_single_v1_01_a/plbv46_slave_single CP std_logic
FL $XILINX/hw/XilinxProcessorIPLib/pcores/xps_uart16550_v3_00_a/hdl/vhdl/xuart_tx_load_sm.vhd 2013/06/03.20:49:57 P.68d
EN xps_uart16550_v3_00_a/xuart_tx_load_sm 1540408914 \
      FL $XILINX/hw/XilinxProcessorIPLib/pcores/xps_uart16550_v3_00_a/hdl/vhdl/xuart_tx_load_sm.vhd \
      PB ieee/std_logic_1164 1370735607
AR xps_uart16550_v3_00_a/xuart_tx_load_sm/implementation 1540408915 \
      FL $XILINX/hw/XilinxProcessorIPLib/pcores/xps_uart16550_v3_00_a/hdl/vhdl/xuart_tx_load_sm.vhd \
      EN xps_uart16550_v3_00_a/xuart_tx_load_sm 1540408914
