V3 522
FL $XILINX/hw/XilinxProcessorIPLib/pcores/microblaze_v8_50_b/hdl/vhdl/address_data_hit.vhd 2013/06/03.20:49:39 P.68d
EN microblaze_v8_50_b/address_data_hit 1540408664 \
      FL $XILINX/hw/XilinxProcessorIPLib/pcores/microblaze_v8_50_b/hdl/vhdl/address_data_hit.vhd \
      PB ieee/std_logic_1164 1370735607 PB ieee/NUMERIC_STD 1370735611 \
      LB Microblaze_v8_50_b PB microblaze_v8_50_b/MicroBlaze_Types 1540408543 \
      PH microblaze_v8_50_b/MicroBlaze_ISA 1540408544
AR microblaze_v8_50_b/address_data_hit/IMP 1540408665 \
      FL $XILINX/hw/XilinxProcessorIPLib/pcores/microblaze_v8_50_b/hdl/vhdl/address_data_hit.vhd \
      EN microblaze_v8_50_b/address_data_hit 1540408664 LB unisim \
      PH unisim/VCOMPONENTS 1370735613 CP MB_SRLC16E CP MUXCY CP SRL16_ARRAY_TYPE
FL $XILINX/hw/XilinxProcessorIPLib/pcores/microblaze_v8_50_b/hdl/vhdl/address_hit.vhd 2013/06/03.20:49:39 P.68d
EN microblaze_v8_50_b/address_hit 1540408662 \
      FL $XILINX/hw/XilinxProcessorIPLib/pcores/microblaze_v8_50_b/hdl/vhdl/address_hit.vhd \
      PB ieee/std_logic_1164 1370735607 PB ieee/NUMERIC_STD 1370735611 \
      LB Microblaze_v8_50_b PB microblaze_v8_50_b/MicroBlaze_Types 1540408543 \
      PH microblaze_v8_50_b/MicroBlaze_ISA 1540408544
AR microblaze_v8_50_b/address_hit/IMP 1540408663 \
      FL $XILINX/hw/XilinxProcessorIPLib/pcores/microblaze_v8_50_b/hdl/vhdl/address_hit.vhd \
      EN microblaze_v8_50_b/address_hit 1540408662 LB unisim PH unisim/VCOMPONENTS 1370735613 \
      CP MB_SRLC16E CP MUXCY CP SRL16_ARRAY_TYPE
FL $XILINX/hw/XilinxProcessorIPLib/pcores/microblaze_v8_50_b/hdl/vhdl/alu.vhd 2013/06/03.20:49:39 P.68d
EN microblaze_v8_50_b/ALU 1540408618 \
      FL $XILINX/hw/XilinxProcessorIPLib/pcores/microblaze_v8_50_b/hdl/vhdl/alu.vhd \
      PB ieee/std_logic_1164 1370735607 PB ieee/NUMERIC_STD 1370735611 \
      LB Microblaze_v8_50_b LB unisim PH unisim/VCOMPONENTS 1370735613 \
      PH microblaze_v8_50_b/MicroBlaze_ISA 1540408544 \
      PB microblaze_v8_50_b/MicroBlaze_Types 1540408543
AR microblaze_v8_50_b/ALU/IMP 1540408619 \
      FL $XILINX/hw/XilinxProcessorIPLib/pcores/microblaze_v8_50_b/hdl/vhdl/alu.vhd \
      EN microblaze_v8_50_b/ALU 1540408618 CP std_logic CP std_logic_vector CP LUT3 \
      CP MULT_AND CP MUXCY_L CP ALU_Bit CP DATA_TYPE
FL $XILINX/hw/XilinxProcessorIPLib/pcores/microblaze_v8_50_b/hdl/vhdl/alu_bit.vhd 2013/06/03.20:49:39 P.68d
EN microblaze_v8_50_b/ALU_Bit 1540408586 \
      FL $XILINX/hw/XilinxProcessorIPLib/pcores/microblaze_v8_50_b/hdl/vhdl/alu_bit.vhd \
      PB ieee/std_logic_1164 1370735607 LB Microblaze_v8_50_b LB unisim \
      PH unisim/VCOMPONENTS 1370735613 PB microblaze_v8_50_b/MicroBlaze_Types 1540408543
AR microblaze_v8_50_b/ALU_Bit/IMP 1540408587 \
      FL $XILINX/hw/XilinxProcessorIPLib/pcores/microblaze_v8_50_b/hdl/vhdl/alu_bit.vhd \
      EN microblaze_v8_50_b/ALU_Bit 1540408586 CP LUT4 CP MULT_AND CP MUXCY_L \
      CP XORCY CP std_logic CP LUT6_2 CP LUT6
FL $XILINX/hw/XilinxProcessorIPLib/pcores/microblaze_v8_50_b/hdl/vhdl/barrel_shifter.vhd 2013/06/03.20:49:39 P.68d
EN microblaze_v8_50_b/barrel_shift 1540408676 \
      FL $XILINX/hw/XilinxProcessorIPLib/pcores/microblaze_v8_50_b/hdl/vhdl/barrel_shifter.vhd \
      PB ieee/std_logic_1164 1370735607 LB Microblaze_v8_50_b \
      PB microblaze_v8_50_b/MicroBlaze_Types 1540408543
AR microblaze_v8_50_b/barrel_shift/IMP 1540408677 \
      FL $XILINX/hw/XilinxProcessorIPLib/pcores/microblaze_v8_50_b/hdl/vhdl/barrel_shifter.vhd \
      EN microblaze_v8_50_b/barrel_shift 1540408676 LB unisim \
      PH unisim/VCOMPONENTS 1370735613 CP std_logic_vector CP LUT4 CP MUXF5 \
      CP LUT6_2
FL $XILINX/hw/XilinxProcessorIPLib/pcores/microblaze_v8_50_b/hdl/vhdl/barrel_shifter_gti.vhd 2013/06/03.20:49:39 P.68d
EN microblaze_v8_50_b/Barrel_Shifter_gti 1540408624 \
      FL $XILINX/hw/XilinxProcessorIPLib/pcores/microblaze_v8_50_b/hdl/vhdl/barrel_shifter_gti.vhd \
      PB ieee/std_logic_1164 1370735607 LB Microblaze_v8_50_b LB unisim \
      PH unisim/VCOMPONENTS 1370735613 PH microblaze_v8_50_b/MicroBlaze_ISA 1540408544 \
      PB microblaze_v8_50_b/MicroBlaze_Types 1540408543
AR microblaze_v8_50_b/Barrel_Shifter_gti/IMP 1540408625 \
      FL $XILINX/hw/XilinxProcessorIPLib/pcores/microblaze_v8_50_b/hdl/vhdl/barrel_shifter_gti.vhd \
      EN microblaze_v8_50_b/Barrel_Shifter_gti 1540408624 CP DATA_TYPE \
      CP std_logic CP std_logic_vector CP boolean
FL $XILINX/hw/XilinxProcessorIPLib/pcores/microblaze_v8_50_b/hdl/vhdl/byte_doublet_handle.vhd 2013/06/03.20:49:39 P.68d
EN microblaze_v8_50_b/Byte_Doublet_Handle 1540408700 \
      FL $XILINX/hw/XilinxProcessorIPLib/pcores/microblaze_v8_50_b/hdl/vhdl/byte_doublet_handle.vhd \
      PB ieee/std_logic_1164 1370735607 LB Microblaze_v8_50_b \
      PH microblaze_v8_50_b/MicroBlaze_ISA 1540408544 \
      PB microblaze_v8_50_b/MicroBlaze_Types 1540408543
AR microblaze_v8_50_b/Byte_Doublet_Handle/IMP 1540408701 \
      FL $XILINX/hw/XilinxProcessorIPLib/pcores/microblaze_v8_50_b/hdl/vhdl/byte_doublet_handle.vhd \
      EN microblaze_v8_50_b/Byte_Doublet_Handle 1540408700 LB unisim \
      PH unisim/VCOMPONENTS 1370735613 CP std_logic CP LUT6_2 CP LUT4 CP LUT3 CP LUT2 \
      CP Data_Read_Steering CP mux4_8 CP std_logic_vector
FL $XILINX/hw/XilinxProcessorIPLib/pcores/microblaze_v8_50_b/hdl/vhdl/byte_doublet_handle_gti.vhd 2013/06/03.20:49:39 P.68d
EN microblaze_v8_50_b/Byte_Doublet_Handle_gti 1540408630 \
      FL $XILINX/hw/XilinxProcessorIPLib/pcores/microblaze_v8_50_b/hdl/vhdl/byte_doublet_handle_gti.vhd \
      PB ieee/std_logic_1164 1370735607 LB Microblaze_v8_50_b \
      PH microblaze_v8_50_b/MicroBlaze_ISA 1540408544 \
      PB microblaze_v8_50_b/MicroBlaze_Types 1540408543
AR microblaze_v8_50_b/Byte_Doublet_Handle_gti/IMP 1540408631 \
      FL $XILINX/hw/XilinxProcessorIPLib/pcores/microblaze_v8_50_b/hdl/vhdl/byte_doublet_handle_gti.vhd \
      EN microblaze_v8_50_b/Byte_Doublet_Handle_gti 1540408630
FL $XILINX/hw/XilinxProcessorIPLib/pcores/microblaze_v8_50_b/hdl/vhdl/cachehit_detect.vhd 2013/06/03.20:49:39 P.68d
EN microblaze_v8_50_b/cachehit_detect 1540408652 \
      FL $XILINX/hw/XilinxProcessorIPLib/pcores/microblaze_v8_50_b/hdl/vhdl/cachehit_detect.vhd \
      PB ieee/std_logic_1164 1370735607 PB ieee/NUMERIC_STD 1370735611 \
      LB Microblaze_v8_50_b LB unisim PH unisim/VCOMPONENTS 1370735613 \
      PB microblaze_v8_50_b/MicroBlaze_Types 1540408543
AR microblaze_v8_50_b/cachehit_detect/IMP 1540408653 \
      FL $XILINX/hw/XilinxProcessorIPLib/pcores/microblaze_v8_50_b/hdl/vhdl/cachehit_detect.vhd \
      EN microblaze_v8_50_b/cachehit_detect 1540408652 CP cache_valid_bit_detect \
      CP MUXCY_L CP comparator CP carry_and CP carry_or
FL $XILINX/hw/XilinxProcessorIPLib/pcores/microblaze_v8_50_b/hdl/vhdl/cache_interface.vhd 2013/06/03.20:49:39 P.68d
EN microblaze_v8_50_b/Cache_Interface 1540408612 \
      FL $XILINX/hw/XilinxProcessorIPLib/pcores/microblaze_v8_50_b/hdl/vhdl/cache_interface.vhd \
      PB ieee/std_logic_1164 1370735607 PB ieee/NUMERIC_STD 1370735611 \
      LB Microblaze_v8_50_b LB unisim PH unisim/VCOMPONENTS 1370735613 \
      PB microblaze_v8_50_b/MicroBlaze_Types 1540408543 \
      PH microblaze_v8_50_b/MicroBlaze_ISA 1540408544
AR microblaze_v8_50_b/Cache_Interface/IMP 1540408613 \
      FL $XILINX/hw/XilinxProcessorIPLib/pcores/microblaze_v8_50_b/hdl/vhdl/cache_interface.vhd \
      EN microblaze_v8_50_b/Cache_Interface 1540408612 CP std_logic_vector \
      CP std_logic CP xcl_state_type CP lut_lookup_table_type CP DATA_INFO_TYPE \
      CP DATA_FIFO_MEM_Type CP signal CP REQUEST_ID_TYPE CP LOW_ADDR_TYPE \
      CP REQUEST_TYPE CP REQ_FIFO_MEM_Type CP natural CP integer CP DROP_ADDR_TYPE \
      CP ADDR_TYPE CP VALID_TYPE CP STROBE_TYPE CP DATA_TYPE CP R_TYPE CP AW_TYPE \
      CP AW_W_TYPE CP W_TYPE CP R_FIFO_MEM_Type CP mux_bus CP boolean \
      CP AW_FIFO_MEM_Type CP AW_W_FIFO_MEM_Type CP W_FIFO_MEM_Type CP LUT6 CP FDSE \
      CP FDRE
FL $XILINX/hw/XilinxProcessorIPLib/pcores/microblaze_v8_50_b/hdl/vhdl/cache_valid_bit_detect.vhd 2013/06/03.20:49:39 P.68d
EN microblaze_v8_50_b/cache_valid_bit_detect 1540408594 \
      FL $XILINX/hw/XilinxProcessorIPLib/pcores/microblaze_v8_50_b/hdl/vhdl/cache_valid_bit_detect.vhd \
      PB ieee/std_logic_1164 1370735607 PB ieee/NUMERIC_STD 1370735611 \
      LB Microblaze_v8_50_b LB unisim PH unisim/VCOMPONENTS 1370735613 \
      PB microblaze_v8_50_b/MicroBlaze_Types 1540408543
AR microblaze_v8_50_b/cache_valid_bit_detect/IMP 1540408595 \
      FL $XILINX/hw/XilinxProcessorIPLib/pcores/microblaze_v8_50_b/hdl/vhdl/cache_valid_bit_detect.vhd \
      EN microblaze_v8_50_b/cache_valid_bit_detect 1540408594 CP std_logic_vector \
      CP carry_and CP std_logic
FL $XILINX/hw/XilinxProcessorIPLib/pcores/microblaze_v8_50_b/hdl/vhdl/carry_and.vhd 2013/06/03.20:49:39 P.68d
EN microblaze_v8_50_b/carry_and 1540408545 \
      FL $XILINX/hw/XilinxProcessorIPLib/pcores/microblaze_v8_50_b/hdl/vhdl/carry_and.vhd \
      PB ieee/std_logic_1164 1370735607 LB Microblaze_v8_50_b LB unisim \
      PH unisim/VCOMPONENTS 1370735613 PB microblaze_v8_50_b/MicroBlaze_Types 1540408543
AR microblaze_v8_50_b/carry_and/IMP 1540408546 \
      FL $XILINX/hw/XilinxProcessorIPLib/pcores/microblaze_v8_50_b/hdl/vhdl/carry_and.vhd \
      EN microblaze_v8_50_b/carry_and 1540408545 CP MUXCY_L
FL $XILINX/hw/XilinxProcessorIPLib/pcores/microblaze_v8_50_b/hdl/vhdl/carry_compare.vhd 2013/06/03.20:49:39 P.68d
EN microblaze_v8_50_b/carry_compare 1540408558 \
      FL $XILINX/hw/XilinxProcessorIPLib/pcores/microblaze_v8_50_b/hdl/vhdl/carry_compare.vhd \
      PB ieee/std_logic_1164 1370735607 LB Microblaze_v8_50_b \
      PB microblaze_v8_50_b/MicroBlaze_Types 1540408543
AR microblaze_v8_50_b/carry_compare/IMP 1540408559 \
      FL $XILINX/hw/XilinxProcessorIPLib/pcores/microblaze_v8_50_b/hdl/vhdl/carry_compare.vhd \
      EN microblaze_v8_50_b/carry_compare 1540408558 LB unisim \
      PH unisim/VCOMPONENTS 1370735613 CP carry_and
FL $XILINX/hw/XilinxProcessorIPLib/pcores/microblaze_v8_50_b/hdl/vhdl/carry_compare_const.vhd 2013/06/03.20:49:39 P.68d
EN microblaze_v8_50_b/carry_compare_const 1540408568 \
      FL $XILINX/hw/XilinxProcessorIPLib/pcores/microblaze_v8_50_b/hdl/vhdl/carry_compare_const.vhd \
      PB ieee/std_logic_1164 1370735607 LB Microblaze_v8_50_b \
      PB microblaze_v8_50_b/MicroBlaze_Types 1540408543
AR microblaze_v8_50_b/carry_compare_const/IMP 1540408569 \
      FL $XILINX/hw/XilinxProcessorIPLib/pcores/microblaze_v8_50_b/hdl/vhdl/carry_compare_const.vhd \
      EN microblaze_v8_50_b/carry_compare_const 1540408568 LB unisim \
      PH unisim/VCOMPONENTS 1370735613 CP carry_and
FL $XILINX/hw/XilinxProcessorIPLib/pcores/microblaze_v8_50_b/hdl/vhdl/carry_compare_mask.vhd 2013/06/03.20:49:39 P.68d
EN microblaze_v8_50_b/carry_compare_mask 1540408556 \
      FL $XILINX/hw/XilinxProcessorIPLib/pcores/microblaze_v8_50_b/hdl/vhdl/carry_compare_mask.vhd \
      PB ieee/std_logic_1164 1370735607 LB Microblaze_v8_50_b \
      PB microblaze_v8_50_b/MicroBlaze_Types 1540408543
AR microblaze_v8_50_b/carry_compare_mask/IMP 1540408557 \
      FL $XILINX/hw/XilinxProcessorIPLib/pcores/microblaze_v8_50_b/hdl/vhdl/carry_compare_mask.vhd \
      EN microblaze_v8_50_b/carry_compare_mask 1540408556 LB unisim \
      PH unisim/VCOMPONENTS 1370735613 CP carry_and
FL $XILINX/hw/XilinxProcessorIPLib/pcores/microblaze_v8_50_b/hdl/vhdl/carry_equal.vhd 2013/06/03.20:49:39 P.68d
EN microblaze_v8_50_b/carry_equal 1540408584 \
      FL $XILINX/hw/XilinxProcessorIPLib/pcores/microblaze_v8_50_b/hdl/vhdl/carry_equal.vhd \
      PB ieee/std_logic_1164 1370735607 LB Microblaze_v8_50_b \
      PB microblaze_v8_50_b/MicroBlaze_Types 1540408543
AR microblaze_v8_50_b/carry_equal/IMP 1540408585 \
      FL $XILINX/hw/XilinxProcessorIPLib/pcores/microblaze_v8_50_b/hdl/vhdl/carry_equal.vhd \
      EN microblaze_v8_50_b/carry_equal 1540408584 LB unisim PH unisim/VCOMPONENTS 1370735613 \
      CP MUXCY_L
FL $XILINX/hw/XilinxProcessorIPLib/pcores/microblaze_v8_50_b/hdl/vhdl/carry_or.vhd 2013/06/03.20:49:39 P.68d
EN microblaze_v8_50_b/carry_or 1540408592 \
      FL $XILINX/hw/XilinxProcessorIPLib/pcores/microblaze_v8_50_b/hdl/vhdl/carry_or.vhd \
      PB ieee/std_logic_1164 1370735607 LB Microblaze_v8_50_b LB unisim \
      PH unisim/VCOMPONENTS 1370735613 PB microblaze_v8_50_b/MicroBlaze_Types 1540408543
AR microblaze_v8_50_b/carry_or/IMP 1540408593 \
      FL $XILINX/hw/XilinxProcessorIPLib/pcores/microblaze_v8_50_b/hdl/vhdl/carry_or.vhd \
      EN microblaze_v8_50_b/carry_or 1540408592 CP std_logic CP MUXCY_L
FL $XILINX/hw/XilinxProcessorIPLib/pcores/microblaze_v8_50_b/hdl/vhdl/comparator.vhd 2013/06/03.20:49:39 P.68d
EN microblaze_v8_50_b/comparator 1540408590 \
      FL $XILINX/hw/XilinxProcessorIPLib/pcores/microblaze_v8_50_b/hdl/vhdl/comparator.vhd \
      PB ieee/std_logic_1164 1370735607 LB Microblaze_v8_50_b LB unisim \
      PH unisim/VCOMPONENTS 1370735613 PB microblaze_v8_50_b/MicroBlaze_Types 1540408543
AR microblaze_v8_50_b/comparator/IMP 1540408591 \
      FL $XILINX/hw/XilinxProcessorIPLib/pcores/microblaze_v8_50_b/hdl/vhdl/comparator.vhd \
      EN microblaze_v8_50_b/comparator 1540408590 CP natural CP std_logic_vector \
      CP MUXCY_L
FL $XILINX/hw/XilinxProcessorIPLib/pcores/microblaze_v8_50_b/hdl/vhdl/count_leading_zero.vhd 2013/06/03.20:49:39 P.68d
EN microblaze_v8_50_b/count_leading_zeros 1540408582 \
      FL $XILINX/hw/XilinxProcessorIPLib/pcores/microblaze_v8_50_b/hdl/vhdl/count_leading_zero.vhd \
      PB ieee/std_logic_1164 1370735607 PB ieee/NUMERIC_STD 1370735611 \
      LB Microblaze_v8_50_b PH microblaze_v8_50_b/MicroBlaze_ISA 1540408544 \
      PB microblaze_v8_50_b/MicroBlaze_Types 1540408543
AR microblaze_v8_50_b/count_leading_zeros/IMP 1540408583 \
      FL $XILINX/hw/XilinxProcessorIPLib/pcores/microblaze_v8_50_b/hdl/vhdl/count_leading_zero.vhd \
      EN microblaze_v8_50_b/count_leading_zeros 1540408582
FL $XILINX/hw/XilinxProcessorIPLib/pcores/microblaze_v8_50_b/hdl/vhdl/data_flow.vhd 2013/06/03.20:49:39 P.68d
EN microblaze_v8_50_b/Data_Flow 1540408698 \
      FL $XILINX/hw/XilinxProcessorIPLib/pcores/microblaze_v8_50_b/hdl/vhdl/data_flow.vhd \
      PB ieee/std_logic_1164 1370735607 PB ieee/NUMERIC_STD 1370735611 \
      LB Microblaze_v8_50_b PH microblaze_v8_50_b/MicroBlaze_ISA 1540408544 \
      PB microblaze_v8_50_b/MicroBlaze_Types 1540408543
AR microblaze_v8_50_b/Data_Flow/IMP 1540408699 \
      FL $XILINX/hw/XilinxProcessorIPLib/pcores/microblaze_v8_50_b/hdl/vhdl/data_flow.vhd \
      EN microblaze_v8_50_b/Data_Flow 1540408698 CP Register_File \
      CP Operand_Select CP ALU CP Shift_Logic_Module CP barrel_shift CP Div_unit \
      CP std_logic CP FPU CP MUL_Unit CP Result_Mux CP Zero_Detect CP MSR_Reg \
      CP PC_Module CP PVR CP stack_protection
FL $XILINX/hw/XilinxProcessorIPLib/pcores/microblaze_v8_50_b/hdl/vhdl/data_flow_gti.vhd 2013/06/03.20:49:39 P.68d
EN microblaze_v8_50_b/Data_Flow_gti 1540408724 \
      FL $XILINX/hw/XilinxProcessorIPLib/pcores/microblaze_v8_50_b/hdl/vhdl/data_flow_gti.vhd \
      PB ieee/std_logic_1164 1370735607 PB ieee/NUMERIC_STD 1370735611 \
      LB Microblaze_v8_50_b LB unisim PH unisim/VCOMPONENTS 1370735613 \
      PH microblaze_v8_50_b/MicroBlaze_ISA 1540408544 \
      PB microblaze_v8_50_b/MicroBlaze_Types 1540408543
AR microblaze_v8_50_b/Data_Flow_gti/IMP 1540408725 \
      FL $XILINX/hw/XilinxProcessorIPLib/pcores/microblaze_v8_50_b/hdl/vhdl/data_flow_gti.vhd \
      EN microblaze_v8_50_b/Data_Flow_gti 1540408724 CP Register_File_gti \
      CP Operand_Select_gti CP ALU CP Shift_Logic_Module_gti CP MUL_Unit \
      CP Barrel_Shifter_gti CP WB_Mux CP Zero_Detect_gti CP Byte_Doublet_Handle_gti \
      CP Data_Flow_Logic CP msr_reg_gti CP std_logic CP LUT6_2 CP MUXCY_L \
      CP exception_registers_gti CP Div_unit_gti CP FPU CP PVR CP boolean \
      CP stack_protection
FL $XILINX/hw/XilinxProcessorIPLib/pcores/microblaze_v8_50_b/hdl/vhdl/data_flow_logic_gti.vhd 2013/06/03.20:49:39 P.68d
EN microblaze_v8_50_b/Data_Flow_Logic 1540408632 \
      FL $XILINX/hw/XilinxProcessorIPLib/pcores/microblaze_v8_50_b/hdl/vhdl/data_flow_logic_gti.vhd \
      PB ieee/std_logic_1164 1370735607 LB Microblaze_v8_50_b LB unisim \
      PH unisim/VCOMPONENTS 1370735613 PH microblaze_v8_50_b/MicroBlaze_ISA 1540408544 \
      PB microblaze_v8_50_b/MicroBlaze_Types 1540408543
AR microblaze_v8_50_b/Data_Flow_Logic/IMP 1540408633 \
      FL $XILINX/hw/XilinxProcessorIPLib/pcores/microblaze_v8_50_b/hdl/vhdl/data_flow_logic_gti.vhd \
      EN microblaze_v8_50_b/Data_Flow_Logic 1540408632 CP std_logic CP FDRE
FL $XILINX/hw/XilinxProcessorIPLib/pcores/microblaze_v8_50_b/hdl/vhdl/data_read_steering.vhd 2013/06/03.20:49:39 P.68d
EN microblaze_v8_50_b/Data_Read_Steering 1540408666 \
      FL $XILINX/hw/XilinxProcessorIPLib/pcores/microblaze_v8_50_b/hdl/vhdl/data_read_steering.vhd \
      PB ieee/std_logic_1164 1370735607 LB Microblaze_v8_50_b \
      PB microblaze_v8_50_b/MicroBlaze_Types 1540408543
AR microblaze_v8_50_b/Data_Read_Steering/IMP 1540408667 \
      FL $XILINX/hw/XilinxProcessorIPLib/pcores/microblaze_v8_50_b/hdl/vhdl/data_read_steering.vhd \
      EN microblaze_v8_50_b/Data_Read_Steering 1540408666 LB unisim \
      PH unisim/VCOMPONENTS 1370735613 CP std_logic_vector CP std_logic CP LUT3 \
      CP MUXF5 CP LUT6_2
FL $XILINX/hw/XilinxProcessorIPLib/pcores/microblaze_v8_50_b/hdl/vhdl/daxi_interface.vhd 2013/06/03.20:49:39 P.68d
EN microblaze_v8_50_b/DAXI_interface 1540408704 \
      FL $XILINX/hw/XilinxProcessorIPLib/pcores/microblaze_v8_50_b/hdl/vhdl/daxi_interface.vhd \
      PB ieee/std_logic_1164 1370735607 LB Microblaze_v8_50_b \
      PB microblaze_v8_50_b/MicroBlaze_Types 1540408543
AR microblaze_v8_50_b/DAXI_interface/IMP 1540408705 \
      FL $XILINX/hw/XilinxProcessorIPLib/pcores/microblaze_v8_50_b/hdl/vhdl/daxi_interface.vhd \
      EN microblaze_v8_50_b/DAXI_interface 1540408704
FL $XILINX/hw/XilinxProcessorIPLib/pcores/microblaze_v8_50_b/hdl/vhdl/dcache.vhd 2013/06/03.20:49:39 P.68d
EN microblaze_v8_50_b/DCache 1540408716 \
      FL $XILINX/hw/XilinxProcessorIPLib/pcores/microblaze_v8_50_b/hdl/vhdl/dcache.vhd \
      PB ieee/std_logic_1164 1370735607 PB ieee/NUMERIC_STD 1370735611 \
      LB Microblaze_v8_50_b PB microblaze_v8_50_b/MicroBlaze_Types 1540408543
AR microblaze_v8_50_b/DCache/IMP 1540408717 \
      FL $XILINX/hw/XilinxProcessorIPLib/pcores/microblaze_v8_50_b/hdl/vhdl/dcache.vhd \
      EN microblaze_v8_50_b/DCache 1540408716 LB unisim PH unisim/VCOMPONENTS 1370735613 \
      CP std_logic CP rboolean CP comparator CP parity_request_states \
      CP std_logic_vector CP carry_and CP MUXCY_L CP carry_or CP Parity CP RAM_Module \
      CP DATA_TYPE CP string CP signal CP natural CP Cache_Interface
FL $XILINX/hw/XilinxProcessorIPLib/pcores/microblaze_v8_50_b/hdl/vhdl/dcache_gti.vhd 2013/06/03.20:49:39 P.68d
EN microblaze_v8_50_b/DCache_gti 1540408728 \
      FL $XILINX/hw/XilinxProcessorIPLib/pcores/microblaze_v8_50_b/hdl/vhdl/dcache_gti.vhd \
      PB ieee/std_logic_1164 1370735607 PB ieee/NUMERIC_STD 1370735611 \
      LB Microblaze_v8_50_b LB unisim PH unisim/VCOMPONENTS 1370735613 \
      PB microblaze_v8_50_b/MicroBlaze_Types 1540408543 \
      PH microblaze_v8_50_b/MicroBlaze_ISA 1540408544
AR microblaze_v8_50_b/DCache_gti/IMP 1540408729 \
      FL $XILINX/hw/XilinxProcessorIPLib/pcores/microblaze_v8_50_b/hdl/vhdl/dcache_gti.vhd \
      EN microblaze_v8_50_b/DCache_gti 1540408728 CP std_logic CP rboolean \
      CP unsigned CP comparator CP std_logic_vector CP carry_and CP carry_or \
      CP AND2B1L CP LUT5 CP FDR CP Parity CP RAM_Module CP LUT4 CP natural \
      CP Cache_Interface CP boolean CP dvm_msg_state_type \
      CP write_exclusive_state_type
FL $XILINX/hw/XilinxProcessorIPLib/pcores/microblaze_v8_50_b/hdl/vhdl/dcache_wb.vhd 2013/06/03.20:49:39 P.68d
EN microblaze_v8_50_b/DCache_wb 1540408714 \
      FL $XILINX/hw/XilinxProcessorIPLib/pcores/microblaze_v8_50_b/hdl/vhdl/dcache_wb.vhd \
      PB ieee/std_logic_1164 1370735607 PB ieee/NUMERIC_STD 1370735611 \
      LB Microblaze_v8_50_b LB unisim PH unisim/VCOMPONENTS 1370735613 \
      PB microblaze_v8_50_b/MicroBlaze_Types 1540408543
AR microblaze_v8_50_b/DCache_wb/IMP 1540408715 \
      FL $XILINX/hw/XilinxProcessorIPLib/pcores/microblaze_v8_50_b/hdl/vhdl/dcache_wb.vhd \
      EN microblaze_v8_50_b/DCache_wb 1540408714 CP std_logic \
      CP read_checker_states CP cachehit_detect CP LUT6 CP RAM_Module \
      CP std_logic_vector CP vec_mux CP Cache_Interface CP MUXCY_L CP DATA_TYPE \
      CP integer CP victim_state_type CP boolean CP victim_cache
FL $XILINX/hw/XilinxProcessorIPLib/pcores/microblaze_v8_50_b/hdl/vhdl/debug.vhd 2013/06/03.20:49:39 P.68d
EN microblaze_v8_50_b/Debug 1540408710 \
      FL $XILINX/hw/XilinxProcessorIPLib/pcores/microblaze_v8_50_b/hdl/vhdl/debug.vhd \
      PB ieee/std_logic_1164 1370735607 PB ieee/NUMERIC_STD 1370735611 \
      LB Microblaze_v8_50_b PH microblaze_v8_50_b/MicroBlaze_ISA 1540408544 \
      PB microblaze_v8_50_b/MicroBlaze_Types 1540408543
AR microblaze_v8_50_b/Debug/IMP 1540408711 \
      FL $XILINX/hw/XilinxProcessorIPLib/pcores/microblaze_v8_50_b/hdl/vhdl/debug.vhd \
      EN microblaze_v8_50_b/Debug 1540408710 LB unisim PB ieee/NUMERIC_STD 1370735611 \
      CP std_logic_vector CP MB_SRL16E CP address_hit CP address_data_hit \
      CP std_logic CP FDRSE CP boolean
FL $XILINX/hw/XilinxProcessorIPLib/pcores/microblaze_v8_50_b/hdl/vhdl/decode.vhd 2013/06/03.20:49:39 P.68d
EN microblaze_v8_50_b/Decode 1540408696 \
      FL $XILINX/hw/XilinxProcessorIPLib/pcores/microblaze_v8_50_b/hdl/vhdl/decode.vhd \
      PB ieee/std_logic_1164 1370735607 PB ieee/NUMERIC_STD 1370735611 \
      LB Microblaze_v8_50_b LB unisim PH unisim/VCOMPONENTS 1370735613 \
      PH microblaze_v8_50_b/MicroBlaze_ISA 1540408544 \
      PB microblaze_v8_50_b/MicroBlaze_Types 1540408543
AR microblaze_v8_50_b/Decode/IMP 1540408697 \
      FL $XILINX/hw/XilinxProcessorIPLib/pcores/microblaze_v8_50_b/hdl/vhdl/decode.vhd \
      EN microblaze_v8_50_b/Decode 1540408696 CP boolean CP std_logic \
      CP PreFetch_Buffer CP LUT4 CP std_logic_vector CP MUXCY_L CP LUT3 CP FDRE \
      CP MULT_AND CP FDRSE CP FDSE
FL $XILINX/hw/XilinxProcessorIPLib/pcores/microblaze_v8_50_b/hdl/vhdl/decode_gti.vhd 2013/06/03.20:49:39 P.68d
EN microblaze_v8_50_b/Decode_gti 1540408722 \
      FL $XILINX/hw/XilinxProcessorIPLib/pcores/microblaze_v8_50_b/hdl/vhdl/decode_gti.vhd \
      PB ieee/std_logic_1164 1370735607 PB ieee/NUMERIC_STD 1370735611 \
      LB Microblaze_v8_50_b PH microblaze_v8_50_b/MicroBlaze_ISA 1540408544 \
      PB microblaze_v8_50_b/MicroBlaze_Types 1540408543
AR microblaze_v8_50_b/Decode_gti/IMP 1540408723 \
      FL $XILINX/hw/XilinxProcessorIPLib/pcores/microblaze_v8_50_b/hdl/vhdl/decode_gti.vhd \
      EN microblaze_v8_50_b/Decode_gti 1540408722 LB unisim PH unisim/VCOMPONENTS 1370735613 \
      CP PC_Module_gti CP PreFetch_Buffer_gti CP std_logic CP AND2B1L CP carry_or \
      CP carry_and CP LUT6 CP boolean CP jump_logic CP FDR CP FDRE CP std_logic_vector \
      CP rboolean
FL $XILINX/hw/XilinxProcessorIPLib/pcores/microblaze_v8_50_b/hdl/vhdl/div_unit.vhd 2013/06/03.20:49:39 P.68d
EN microblaze_v8_50_b/Div_unit 1540408678 \
      FL $XILINX/hw/XilinxProcessorIPLib/pcores/microblaze_v8_50_b/hdl/vhdl/div_unit.vhd \
      PB ieee/std_logic_1164 1370735607 PB ieee/NUMERIC_STD 1370735611 \
      LB Microblaze_v8_50_b PB microblaze_v8_50_b/MicroBlaze_Types 1540408543
AR microblaze_v8_50_b/Div_unit/IMP 1540408679 \
      FL $XILINX/hw/XilinxProcessorIPLib/pcores/microblaze_v8_50_b/hdl/vhdl/div_unit.vhd \
      EN microblaze_v8_50_b/Div_unit 1540408678 LB unisim PH unisim/VCOMPONENTS 1370735613 \
      CP natural CP std_logic_vector CP std_logic CP MUXCY_L CP XORCY CP LUT4 \
      CP MB_SRL16E
FL $XILINX/hw/XilinxProcessorIPLib/pcores/microblaze_v8_50_b/hdl/vhdl/div_unit_gti.vhd 2013/06/03.20:49:39 P.68d
EN microblaze_v8_50_b/Div_unit_gti 1540408638 \
      FL $XILINX/hw/XilinxProcessorIPLib/pcores/microblaze_v8_50_b/hdl/vhdl/div_unit_gti.vhd \
      PB ieee/std_logic_1164 1370735607 PB ieee/NUMERIC_STD 1370735611 \
      LB Microblaze_v8_50_b LB unisim PH unisim/VCOMPONENTS 1370735613 \
      PB microblaze_v8_50_b/MicroBlaze_Types 1540408543
AR microblaze_v8_50_b/Div_unit_gti/IMP 1540408639 \
      FL $XILINX/hw/XilinxProcessorIPLib/pcores/microblaze_v8_50_b/hdl/vhdl/div_unit_gti.vhd \
      EN microblaze_v8_50_b/Div_unit_gti 1540408638 CP std_logic_vector \
      CP std_logic CP MUXCY_L CP XORCY CP LUT4
FL $XILINX/hw/XilinxProcessorIPLib/pcores/microblaze_v8_50_b/hdl/vhdl/dplb_interface.vhd 2013/06/03.20:49:39 P.68d
EN microblaze_v8_50_b/DPLB_Interface 1540408702 \
      FL $XILINX/hw/XilinxProcessorIPLib/pcores/microblaze_v8_50_b/hdl/vhdl/dplb_interface.vhd \
      PB ieee/std_logic_1164 1370735607 LB Microblaze_v8_50_b \
      PB microblaze_v8_50_b/MicroBlaze_Types 1540408543
AR microblaze_v8_50_b/DPLB_Interface/IMP 1540408703 \
      FL $XILINX/hw/XilinxProcessorIPLib/pcores/microblaze_v8_50_b/hdl/vhdl/dplb_interface.vhd \
      EN microblaze_v8_50_b/DPLB_Interface 1540408702
FL $XILINX/hw/XilinxProcessorIPLib/pcores/microblaze_v8_50_b/hdl/vhdl/dsp_module.vhd 2013/06/03.20:49:39 P.68d
EN microblaze_v8_50_b/dsp_module 1540408547 \
      FL $XILINX/hw/XilinxProcessorIPLib/pcores/microblaze_v8_50_b/hdl/vhdl/dsp_module.vhd \
      PB ieee/std_logic_1164 1370735607 PB ieee/NUMERIC_STD 1370735611 \
      LB Microblaze_v8_50_b LB unisim PH unisim/VCOMPONENTS 1370735613 \
      PH microblaze_v8_50_b/MicroBlaze_ISA 1540408544 \
      PB microblaze_v8_50_b/MicroBlaze_Types 1540408543
AR microblaze_v8_50_b/dsp_module/IMP 1540408548 \
      FL $XILINX/hw/XilinxProcessorIPLib/pcores/microblaze_v8_50_b/hdl/vhdl/dsp_module.vhd \
      EN microblaze_v8_50_b/dsp_module 1540408547 CP DSP48 CP std_logic_vector \
      CP DSP48E CP DSP48E1 CP virtex_opmode CP s3adsp_opmode CP DSP48A
FL $XILINX/hw/XilinxProcessorIPLib/pcores/microblaze_v8_50_b/hdl/vhdl/exception_registers.vhd 2013/06/03.20:49:39 P.68d
EN microblaze_v8_50_b/exception_registers 1540408718 \
      FL $XILINX/hw/XilinxProcessorIPLib/pcores/microblaze_v8_50_b/hdl/vhdl/exception_registers.vhd \
      PB ieee/std_logic_1164 1370735607 PB ieee/NUMERIC_STD 1370735611 \
      LB Microblaze_v8_50_b PH microblaze_v8_50_b/MicroBlaze_ISA 1540408544 \
      PB microblaze_v8_50_b/MicroBlaze_Types 1540408543
AR microblaze_v8_50_b/exception_registers/IMP 1540408719 \
      FL $XILINX/hw/XilinxProcessorIPLib/pcores/microblaze_v8_50_b/hdl/vhdl/exception_registers.vhd \
      EN microblaze_v8_50_b/exception_registers 1540408718
FL $XILINX/hw/XilinxProcessorIPLib/pcores/microblaze_v8_50_b/hdl/vhdl/exception_registers_gti.vhd 2013/06/03.20:49:39 P.68d
EN microblaze_v8_50_b/exception_registers_gti 1540408636 \
      FL $XILINX/hw/XilinxProcessorIPLib/pcores/microblaze_v8_50_b/hdl/vhdl/exception_registers_gti.vhd \
      PB ieee/std_logic_1164 1370735607 PB ieee/NUMERIC_STD 1370735611 \
      LB Microblaze_v8_50_b PH microblaze_v8_50_b/MicroBlaze_ISA 1540408544 \
      PB microblaze_v8_50_b/MicroBlaze_Types 1540408543
AR microblaze_v8_50_b/exception_registers_gti/IMP 1540408637 \
      FL $XILINX/hw/XilinxProcessorIPLib/pcores/microblaze_v8_50_b/hdl/vhdl/exception_registers_gti.vhd \
      EN microblaze_v8_50_b/exception_registers_gti 1540408636 LB unisim \
      PH unisim/VCOMPONENTS 1370735613 CP std_logic CP std_logic_vector CP mux_bus \
      CP LUT3 CP MULT_AND CP MUXCY_L CP LUT4 CP XORCY CP LUT6_2 CP FDE
FL $XILINX/hw/XilinxProcessorIPLib/pcores/microblaze_v8_50_b/hdl/vhdl/find_first_bit.vhd 2013/06/03.20:49:39 P.68d
EN microblaze_v8_50_b/find_first_bit 1540408549 \
      FL $XILINX/hw/XilinxProcessorIPLib/pcores/microblaze_v8_50_b/hdl/vhdl/find_first_bit.vhd \
      PB ieee/std_logic_1164 1370735607 LB Microblaze_v8_50_b \
      PH microblaze_v8_50_b/MicroBlaze_ISA 1540408544 \
      PB microblaze_v8_50_b/MicroBlaze_Types 1540408543
AR microblaze_v8_50_b/find_first_bit/IMP 1540408550 \
      FL $XILINX/hw/XilinxProcessorIPLib/pcores/microblaze_v8_50_b/hdl/vhdl/find_first_bit.vhd \
      EN microblaze_v8_50_b/find_first_bit 1540408549
FL $XILINX/hw/XilinxProcessorIPLib/pcores/microblaze_v8_50_b/hdl/vhdl/fpu.vhd 2013/06/03.20:49:39 P.68d
EN microblaze_v8_50_b/Fpu 1540408640 \
      FL $XILINX/hw/XilinxProcessorIPLib/pcores/microblaze_v8_50_b/hdl/vhdl/fpu.vhd \
      PB ieee/std_logic_1164 1370735607 PB ieee/NUMERIC_STD 1370735611 \
      LB Microblaze_v8_50_b LB unisim PH unisim/VCOMPONENTS 1370735613 \
      PH microblaze_v8_50_b/MicroBlaze_ISA 1540408544 \
      PB microblaze_v8_50_b/MicroBlaze_Types 1540408543
AR microblaze_v8_50_b/Fpu/IMP 1540408641 \
      FL $XILINX/hw/XilinxProcessorIPLib/pcores/microblaze_v8_50_b/hdl/vhdl/fpu.vhd \
      EN microblaze_v8_50_b/Fpu 1540408640 CP TARGET_FAMILY_TYPE CP in CP out \
      CP string CP natural CP boolean CP DATA_TYPE CP FPU_OP_TYPE CP std_logic \
      CP FPU_EXP_TYPE CP FPU_MANT_TYPE CP Exp_Plus2_T CP FPU_COND_TYPE \
      CP FPU_MANT_I_TYPE CP Result_T CP signal CP FPU_EXP_LS_TYPE \
      CP FPU_MANT_IGRS_TYPE CP rboolean CP FSR_TYPE CP std_logic_vector CP FDR CP FD \
      CP carry_compare_const CP carry_compare CP FPU_ADDSUB CP LUT4 CP MULT_AND \
      CP MUXCY_L CP XORCY CP FPU_MUL CP FPU_DIV CP fpu_sqrt CP fpu_conv
FL $XILINX/hw/XilinxProcessorIPLib/pcores/microblaze_v8_50_b/hdl/vhdl/fpu_addsub.vhd 2013/06/03.20:49:39 P.68d
EN microblaze_v8_50_b/FPU_ADDSUB 1540408570 \
      FL $XILINX/hw/XilinxProcessorIPLib/pcores/microblaze_v8_50_b/hdl/vhdl/fpu_addsub.vhd \
      PB ieee/std_logic_1164 1370735607 PB ieee/NUMERIC_STD 1370735611 \
      LB Microblaze_v8_50_b LB unisim PH unisim/VCOMPONENTS 1370735613 \
      PH microblaze_v8_50_b/MicroBlaze_ISA 1540408544 \
      PB microblaze_v8_50_b/MicroBlaze_Types 1540408543
AR microblaze_v8_50_b/FPU_ADDSUB/IMP 1540408571 \
      FL $XILINX/hw/XilinxProcessorIPLib/pcores/microblaze_v8_50_b/hdl/vhdl/fpu_addsub.vhd \
      EN microblaze_v8_50_b/FPU_ADDSUB 1540408570 CP find_first_bit
FL $XILINX/hw/XilinxProcessorIPLib/pcores/microblaze_v8_50_b/hdl/vhdl/fpu_conv.vhd 2013/06/03.20:49:39 P.68d
EN microblaze_v8_50_b/fpu_conv 1540408578 \
      FL $XILINX/hw/XilinxProcessorIPLib/pcores/microblaze_v8_50_b/hdl/vhdl/fpu_conv.vhd \
      PB ieee/std_logic_1164 1370735607 PB ieee/NUMERIC_STD 1370735611 \
      LB Microblaze_v8_50_b PH microblaze_v8_50_b/MicroBlaze_ISA 1540408544 \
      PB microblaze_v8_50_b/MicroBlaze_Types 1540408543
AR microblaze_v8_50_b/fpu_conv/IMP 1540408579 \
      FL $XILINX/hw/XilinxProcessorIPLib/pcores/microblaze_v8_50_b/hdl/vhdl/fpu_conv.vhd \
      EN microblaze_v8_50_b/fpu_conv 1540408578 LB unisim PH unisim/VCOMPONENTS 1370735613 \
      CP MUXCY_L CP XORCY
FL $XILINX/hw/XilinxProcessorIPLib/pcores/microblaze_v8_50_b/hdl/vhdl/fpu_div.vhd 2013/06/03.20:49:39 P.68d
EN microblaze_v8_50_b/FPU_DIV 1540408574 \
      FL $XILINX/hw/XilinxProcessorIPLib/pcores/microblaze_v8_50_b/hdl/vhdl/fpu_div.vhd \
      PB ieee/std_logic_1164 1370735607 PB ieee/NUMERIC_STD 1370735611 \
      LB Microblaze_v8_50_b LB unisim PH unisim/VCOMPONENTS 1370735613 \
      PH microblaze_v8_50_b/MicroBlaze_ISA 1540408544 \
      PB microblaze_v8_50_b/MicroBlaze_Types 1540408543
AR microblaze_v8_50_b/FPU_DIV/IMP 1540408575 \
      FL $XILINX/hw/XilinxProcessorIPLib/pcores/microblaze_v8_50_b/hdl/vhdl/fpu_div.vhd \
      EN microblaze_v8_50_b/FPU_DIV 1540408574
FL $XILINX/hw/XilinxProcessorIPLib/pcores/microblaze_v8_50_b/hdl/vhdl/fpu_mul.vhd 2013/06/03.20:49:39 P.68d
EN microblaze_v8_50_b/FPU_MUL 1540408572 \
      FL $XILINX/hw/XilinxProcessorIPLib/pcores/microblaze_v8_50_b/hdl/vhdl/fpu_mul.vhd \
      PB ieee/std_logic_1164 1370735607 PB ieee/NUMERIC_STD 1370735611 \
      LB Microblaze_v8_50_b PH microblaze_v8_50_b/MicroBlaze_ISA 1540408544 \
      PB microblaze_v8_50_b/MicroBlaze_Types 1540408543
AR microblaze_v8_50_b/FPU_MUL/IMP 1540408573 \
      FL $XILINX/hw/XilinxProcessorIPLib/pcores/microblaze_v8_50_b/hdl/vhdl/fpu_mul.vhd \
      EN microblaze_v8_50_b/FPU_MUL 1540408572 LB unisim PH unisim/VCOMPONENTS 1370735613 \
      CP std_logic_vector CP std_logic CP dsp_module CP MUL_OP_TYPE CP MUL_RES_TYPE \
      CP MULT18x18S
FL $XILINX/hw/XilinxProcessorIPLib/pcores/microblaze_v8_50_b/hdl/vhdl/fpu_sqrt.vhd 2013/06/03.20:49:39 P.68d
EN microblaze_v8_50_b/fpu_sqrt 1540408576 \
      FL $XILINX/hw/XilinxProcessorIPLib/pcores/microblaze_v8_50_b/hdl/vhdl/fpu_sqrt.vhd \
      LB Microblaze_v8_50_b LB unisim PH unisim/VCOMPONENTS 1370735613 \
      PB ieee/std_logic_1164 1370735607 PH microblaze_v8_50_b/MicroBlaze_ISA 1540408544 \
      PB microblaze_v8_50_b/MicroBlaze_Types 1540408543
AR microblaze_v8_50_b/fpu_sqrt/IMP 1540408577 \
      FL $XILINX/hw/XilinxProcessorIPLib/pcores/microblaze_v8_50_b/hdl/vhdl/fpu_sqrt.vhd \
      EN microblaze_v8_50_b/fpu_sqrt 1540408576 LB unisim PH unisim/VCOMPONENTS 1370735613 \
      CP MUXCY_L CP XORCY
FL $XILINX/hw/XilinxProcessorIPLib/pcores/microblaze_v8_50_b/hdl/vhdl/fsl_module.vhd 2013/06/03.20:49:39 P.68d
EN microblaze_v8_50_b/FSL_Module 1540408690 \
      FL $XILINX/hw/XilinxProcessorIPLib/pcores/microblaze_v8_50_b/hdl/vhdl/fsl_module.vhd \
      PB ieee/std_logic_1164 1370735607 PB ieee/NUMERIC_STD 1370735611 \
      LB Microblaze_v8_50_b LB unisim PH unisim/VCOMPONENTS 1370735613 \
      PB microblaze_v8_50_b/MicroBlaze_Types 1540408543
AR microblaze_v8_50_b/FSL_Module/IMP 1540408691 \
      FL $XILINX/hw/XilinxProcessorIPLib/pcores/microblaze_v8_50_b/hdl/vhdl/fsl_module.vhd \
      EN microblaze_v8_50_b/FSL_Module 1540408690 CP std_logic CP FDRE CP boolean
FL $XILINX/hw/XilinxProcessorIPLib/pcores/microblaze_v8_50_b/hdl/vhdl/gen_srlfifo.vhd 2013/06/03.20:49:39 P.68d
EN microblaze_v8_50_b/srl_fifo 1540408736 \
      FL $XILINX/hw/XilinxProcessorIPLib/pcores/microblaze_v8_50_b/hdl/vhdl/gen_srlfifo.vhd \
      PB ieee/std_logic_1164 1370735607 PB ieee/NUMERIC_STD 1370735611
AR microblaze_v8_50_b/srl_fifo/IMP 1540408737 \
      FL $XILINX/hw/XilinxProcessorIPLib/pcores/microblaze_v8_50_b/hdl/vhdl/gen_srlfifo.vhd \
      EN microblaze_v8_50_b/srl_fifo 1540408736 LB unisim PH unisim/VCOMPONENTS 1370735613 \
      CP FDRE CP MUXCY_L CP XORCY CP SRL16E
FL $XILINX/hw/XilinxProcessorIPLib/pcores/microblaze_v8_50_b/hdl/vhdl/iaxi_interface.vhd 2013/06/03.20:49:39 P.68d
EN microblaze_v8_50_b/IAXI_Interface 1540408708 \
      FL $XILINX/hw/XilinxProcessorIPLib/pcores/microblaze_v8_50_b/hdl/vhdl/iaxi_interface.vhd \
      PB ieee/std_logic_1164 1370735607 PB ieee/NUMERIC_STD 1370735611 \
      LB Microblaze_v8_50_b PB microblaze_v8_50_b/MicroBlaze_Types 1540408543
AR microblaze_v8_50_b/IAXI_Interface/IMP 1540408709 \
      FL $XILINX/hw/XilinxProcessorIPLib/pcores/microblaze_v8_50_b/hdl/vhdl/iaxi_interface.vhd \
      EN microblaze_v8_50_b/IAXI_Interface 1540408708
FL $XILINX/hw/XilinxProcessorIPLib/pcores/microblaze_v8_50_b/hdl/vhdl/icache.vhd 2013/06/03.20:49:39 P.68d
EN microblaze_v8_50_b/Icache 1540408712 \
      FL $XILINX/hw/XilinxProcessorIPLib/pcores/microblaze_v8_50_b/hdl/vhdl/icache.vhd \
      PB ieee/std_logic_1164 1370735607 PB ieee/NUMERIC_STD 1370735611 \
      LB Microblaze_v8_50_b LB unisim PH unisim/VCOMPONENTS 1370735613 \
      PB microblaze_v8_50_b/MicroBlaze_Types 1540408543 \
      PH microblaze_v8_50_b/MicroBlaze_ISA 1540408544
AR microblaze_v8_50_b/Icache/IMP 1540408713 \
      FL $XILINX/hw/XilinxProcessorIPLib/pcores/microblaze_v8_50_b/hdl/vhdl/icache.vhd \
      EN microblaze_v8_50_b/Icache 1540408712 CP std_logic_vector CP std_logic \
      CP rboolean CP vec_mux CP comparator CP parity_request_states CP carry_and \
      CP cache_valid_bit_detect CP carry_or CP Parity CP DATA_WORD_TYPE \
      CP RAM_Module CP Cache_Interface CP boolean CP stream_cache \
      CP victim_state_type CP victim_cache
FL $XILINX/hw/XilinxProcessorIPLib/pcores/microblaze_v8_50_b/hdl/vhdl/instr_mux.vhd 2013/06/03.20:49:39 P.68d
EN microblaze_v8_50_b/instr_mux 1540408720 \
      FL $XILINX/hw/XilinxProcessorIPLib/pcores/microblaze_v8_50_b/hdl/vhdl/instr_mux.vhd \
      PB ieee/std_logic_1164 1370735607 LB Microblaze_v8_50_b \
      PB microblaze_v8_50_b/MicroBlaze_Types 1540408543
AR microblaze_v8_50_b/instr_mux/IMP 1540408721 \
      FL $XILINX/hw/XilinxProcessorIPLib/pcores/microblaze_v8_50_b/hdl/vhdl/instr_mux.vhd \
      EN microblaze_v8_50_b/instr_mux 1540408720 LB unisim PH unisim/VCOMPONENTS 1370735613 \
      CP MUXF5 CP mux_bus CP DATA_TYPE CP std_logic_vector CP LUT6
FL $XILINX/hw/XilinxProcessorIPLib/pcores/microblaze_v8_50_b/hdl/vhdl/interrupt_mode_converter.vhd 2013/06/03.20:49:39 P.68d
EN microblaze_v8_50_b/interrupt_mode_converter 1540408694 \
      FL $XILINX/hw/XilinxProcessorIPLib/pcores/microblaze_v8_50_b/hdl/vhdl/interrupt_mode_converter.vhd \
      PB ieee/std_logic_1164 1370735607 LB Microblaze_v8_50_b \
      PH microblaze_v8_50_b/MicroBlaze_ISA 1540408544 \
      PB microblaze_v8_50_b/MicroBlaze_Types 1540408543
AR microblaze_v8_50_b/interrupt_mode_converter/IMP 1540408695 \
      FL $XILINX/hw/XilinxProcessorIPLib/pcores/microblaze_v8_50_b/hdl/vhdl/interrupt_mode_converter.vhd \
      EN microblaze_v8_50_b/interrupt_mode_converter 1540408694
FL $XILINX/hw/XilinxProcessorIPLib/pcores/microblaze_v8_50_b/hdl/vhdl/iplb_interface.vhd 2013/06/03.20:49:39 P.68d
EN microblaze_v8_50_b/IPLB_Interface 1540408706 \
      FL $XILINX/hw/XilinxProcessorIPLib/pcores/microblaze_v8_50_b/hdl/vhdl/iplb_interface.vhd \
      PB ieee/std_logic_1164 1370735607 PB ieee/NUMERIC_STD 1370735611 \
      LB Microblaze_v8_50_b PB microblaze_v8_50_b/MicroBlaze_Types 1540408543
AR microblaze_v8_50_b/IPLB_Interface/IMP 1540408707 \
      FL $XILINX/hw/XilinxProcessorIPLib/pcores/microblaze_v8_50_b/hdl/vhdl/iplb_interface.vhd \
      EN microblaze_v8_50_b/IPLB_Interface 1540408706
FL $XILINX/hw/XilinxProcessorIPLib/pcores/microblaze_v8_50_b/hdl/vhdl/jump_logic_gti.vhd 2013/06/03.20:49:39 P.68d
EN microblaze_v8_50_b/jump_logic 1540408650 \
      FL $XILINX/hw/XilinxProcessorIPLib/pcores/microblaze_v8_50_b/hdl/vhdl/jump_logic_gti.vhd \
      PB ieee/std_logic_1164 1370735607 LB Microblaze_v8_50_b LB unisim \
      PH unisim/VCOMPONENTS 1370735613 PH microblaze_v8_50_b/MicroBlaze_ISA 1540408544 \
      PB microblaze_v8_50_b/MicroBlaze_Types 1540408543
AR microblaze_v8_50_b/jump_logic/IMP 1540408651 \
      FL $XILINX/hw/XilinxProcessorIPLib/pcores/microblaze_v8_50_b/hdl/vhdl/jump_logic_gti.vhd \
      EN microblaze_v8_50_b/jump_logic 1540408650 CP std_logic CP MUXCY_L
FL $XILINX/hw/XilinxProcessorIPLib/pcores/microblaze_v8_50_b/hdl/vhdl/microblaze.vhd 2013/06/03.20:49:39 P.68d
EN microblaze_v8_50_b/MicroBlaze 1540408738 \
      FL $XILINX/hw/XilinxProcessorIPLib/pcores/microblaze_v8_50_b/hdl/vhdl/microblaze.vhd \
      PB ieee/std_logic_1164 1370735607 LB Microblaze_v8_50_b \
      PH microblaze_v8_50_b/MicroBlaze_ISA 1540408544 \
      PB microblaze_v8_50_b/MicroBlaze_Types 1540408543
AR microblaze_v8_50_b/MicroBlaze/IMP 1540408739 \
      FL $XILINX/hw/XilinxProcessorIPLib/pcores/microblaze_v8_50_b/hdl/vhdl/microblaze.vhd \
      EN microblaze_v8_50_b/MicroBlaze 1540408738 LB unisim PH unisim/VCOMPONENTS 1370735613 \
      CP MicroBlaze_Core
FL $XILINX/hw/XilinxProcessorIPLib/pcores/microblaze_v8_50_b/hdl/vhdl/microblaze_core.vhd 2013/06/03.20:49:39 P.68d
EN microblaze_v8_50_b/MicroBlaze_Core 1540408732 \
      FL $XILINX/hw/XilinxProcessorIPLib/pcores/microblaze_v8_50_b/hdl/vhdl/microblaze_core.vhd \
      PB ieee/std_logic_1164 1370735607 LB Microblaze_v8_50_b \
      PH microblaze_v8_50_b/MicroBlaze_ISA 1540408544 \
      PB microblaze_v8_50_b/MicroBlaze_Types 1540408543
AR microblaze_v8_50_b/MicroBlaze_Core/IMP 1540408733 \
      FL $XILINX/hw/XilinxProcessorIPLib/pcores/microblaze_v8_50_b/hdl/vhdl/microblaze_core.vhd \
      EN microblaze_v8_50_b/MicroBlaze_Core 1540408732 LB unisim \
      PH unisim/VCOMPONENTS 1370735613 CP FSL_Module CP Streaming_AXI CP boolean \
      CP std_logic CP std_logic_vector CP MSR_REG_TYPE CP rboolean \
      CP EXCEPTION_KIND_TYPE CP BTR_TYPE CP ESR_TYPE CP signal \
      CP interrupt_mode_converter CP Decode CP Data_Flow CP Byte_Doublet_Handle \
      CP DPLB_Interface CP DAXI_interface CP IPLB_Interface CP IAXI_Interface \
      CP MSR_TYPE CP Debug CP ICache CP carry_or CP DCache_wb CP DCache \
      CP exception_registers CP instr_mux CP DATA_TYPE CP DATA_BE_TYPE CP slv_0to1 \
      CP GPR_ADDR_TYPE CP IMM16_TYPE CP ALU_OP_TYPE CP SEXT_OP_TYPE CP SHIFT_OP_TYPE \
      CP LOGIC_OP_TYPE CP FPU_OP_TYPE CP FPU_COND_TYPE CP Decode_gti \
      CP Data_Flow_gti CP read_data_mux CP AND2B1L CP DCache_gti CP carry_and CP MMU
FL $XILINX/hw/XilinxProcessorIPLib/pcores/microblaze_v8_50_b/hdl/vhdl/microblaze_isa_be_pkg.vhd 2013/06/03.20:49:39 P.68d
PH microblaze_v8_50_b/MicroBlaze_ISA 1540408544 \
      FL $XILINX/hw/XilinxProcessorIPLib/pcores/microblaze_v8_50_b/hdl/vhdl/microblaze_isa_be_pkg.vhd \
      PB ieee/std_logic_1164 1370735607 LB Microblaze_v8_50_b \
      PB microblaze_v8_50_b/MicroBlaze_Types 1540408543
FL $XILINX/hw/XilinxProcessorIPLib/pcores/microblaze_v8_50_b/hdl/vhdl/microblaze_primitives.vhd 2013/06/03.20:49:39 P.68d
EN microblaze_v8_50_b/MB_SRL16E 1540408551 \
      FL $XILINX/hw/XilinxProcessorIPLib/pcores/microblaze_v8_50_b/hdl/vhdl/microblaze_primitives.vhd \
      PB ieee/std_logic_1164 1370735607
AR microblaze_v8_50_b/MB_SRL16E/IMP 1540408552 \
      FL $XILINX/hw/XilinxProcessorIPLib/pcores/microblaze_v8_50_b/hdl/vhdl/microblaze_primitives.vhd \
      EN microblaze_v8_50_b/MB_SRL16E 1540408551 LB unisim PH unisim/VCOMPONENTS 1370735613 \
      PB ieee/NUMERIC_STD 1370735611 CP SRL16E CP std_logic_vector CP string \
      CP signal
EN microblaze_v8_50_b/MB_SRLC16E 1540408553 \
      FL $XILINX/hw/XilinxProcessorIPLib/pcores/microblaze_v8_50_b/hdl/vhdl/microblaze_primitives.vhd \
      PB ieee/std_logic_1164 1370735607
AR microblaze_v8_50_b/MB_SRLC16E/IMP 1540408554 \
      FL $XILINX/hw/XilinxProcessorIPLib/pcores/microblaze_v8_50_b/hdl/vhdl/microblaze_primitives.vhd \
      EN microblaze_v8_50_b/MB_SRLC16E 1540408553 LB unisim PH unisim/VCOMPONENTS 1370735613 \
      PB ieee/NUMERIC_STD 1370735611 CP SRLC16E CP std_logic_vector CP string \
      CP signal
FL $XILINX/hw/XilinxProcessorIPLib/pcores/microblaze_v8_50_b/hdl/vhdl/microblaze_types_pkg.vhd 2013/06/03.20:49:39 P.68d
PH microblaze_v8_50_b/MicroBlaze_Types 1540408542 \
      FL $XILINX/hw/XilinxProcessorIPLib/pcores/microblaze_v8_50_b/hdl/vhdl/microblaze_types_pkg.vhd \
      PB ieee/std_logic_1164 1370735607
FL $XILINX/hw/XilinxProcessorIPLib/pcores/microblaze_v8_50_b/hdl/vhdl/microblaze_types_pkg_body.vhd 2013/06/03.20:49:39 P.68d
PB microblaze_v8_50_b/MicroBlaze_Types 1540408543 \
      FL $XILINX/hw/XilinxProcessorIPLib/pcores/microblaze_v8_50_b/hdl/vhdl/microblaze_types_pkg_body.vhd \
      PH microblaze_v8_50_b/MicroBlaze_Types 1540408542 PB ieee/std_logic_1164 1370735607 \
      PB ieee/NUMERIC_STD 1370735611
FL $XILINX/hw/XilinxProcessorIPLib/pcores/microblaze_v8_50_b/hdl/vhdl/mmu.vhd 2013/06/03.20:49:39 P.68d
EN microblaze_v8_50_b/MMU 1540408730 \
      FL $XILINX/hw/XilinxProcessorIPLib/pcores/microblaze_v8_50_b/hdl/vhdl/mmu.vhd \
      PB ieee/std_logic_1164 1370735607 LB unisim PH unisim/VCOMPONENTS 1370735613 \
      LB Microblaze_v8_50_b PH microblaze_v8_50_b/MicroBlaze_ISA 1540408544 \
      PB microblaze_v8_50_b/MicroBlaze_Types 1540408543 \
      PH microblaze_v8_50_b/MMU_Types 1540408555
AR microblaze_v8_50_b/MMU/IMP 1540408731 \
      FL $XILINX/hw/XilinxProcessorIPLib/pcores/microblaze_v8_50_b/hdl/vhdl/mmu.vhd \
      EN microblaze_v8_50_b/MMU 1540408730 PB ieee/NUMERIC_STD 1370735611 \
      CP std_logic CP MMU_UTLB CP MMU_TLB CP std_logic_vector CP Zone_Vector_Type \
      CP SIZE_Type CP Size_Addr_Type CP Tag_Type CP boolean
FL $XILINX/hw/XilinxProcessorIPLib/pcores/microblaze_v8_50_b/hdl/vhdl/mmu_tlb.vhd 2013/06/03.20:49:39 P.68d
EN microblaze_v8_50_b/MMU_TLB 1540408610 \
      FL $XILINX/hw/XilinxProcessorIPLib/pcores/microblaze_v8_50_b/hdl/vhdl/mmu_tlb.vhd \
      PB ieee/std_logic_1164 1370735607 LB unisim PH unisim/VCOMPONENTS 1370735613 \
      LB Microblaze_v8_50_b PB microblaze_v8_50_b/MicroBlaze_Types 1540408543 \
      PH microblaze_v8_50_b/MMU_Types 1540408555
AR microblaze_v8_50_b/MMU_TLB/IMP 1540408611 \
      FL $XILINX/hw/XilinxProcessorIPLib/pcores/microblaze_v8_50_b/hdl/vhdl/mmu_tlb.vhd \
      EN microblaze_v8_50_b/MMU_TLB 1540408610 PB ieee/NUMERIC_STD 1370735611 \
      CP TAG_TID_Type CP SIZE_Type CP std_logic CP TLBHI_Entry_Type CP MUXCY_L \
      CP std_logic_vector CP carry_compare_mask CP carry_compare CP TLBLO_Type \
      CP string CP signal CP TLBLO_Entry_Type CP MUXF7
FL $XILINX/hw/XilinxProcessorIPLib/pcores/microblaze_v8_50_b/hdl/vhdl/mmu_types_pkg.vhd 2013/06/03.20:49:39 P.68d
PH microblaze_v8_50_b/MMU_Types 1540408555 \
      FL $XILINX/hw/XilinxProcessorIPLib/pcores/microblaze_v8_50_b/hdl/vhdl/mmu_types_pkg.vhd \
      PB ieee/std_logic_1164 1370735607
FL $XILINX/hw/XilinxProcessorIPLib/pcores/microblaze_v8_50_b/hdl/vhdl/mmu_utlb.vhd 2013/06/03.20:49:39 P.68d
EN microblaze_v8_50_b/MMU_UTLB 1540408608 \
      FL $XILINX/hw/XilinxProcessorIPLib/pcores/microblaze_v8_50_b/hdl/vhdl/mmu_utlb.vhd \
      PB ieee/std_logic_1164 1370735607 LB unisim PH unisim/VCOMPONENTS 1370735613 \
      LB Microblaze_v8_50_b PB microblaze_v8_50_b/MicroBlaze_Types 1540408543 \
      PH microblaze_v8_50_b/MMU_Types 1540408555
AR microblaze_v8_50_b/MMU_UTLB/IMP 1540408609 \
      FL $XILINX/hw/XilinxProcessorIPLib/pcores/microblaze_v8_50_b/hdl/vhdl/mmu_utlb.vhd \
      EN microblaze_v8_50_b/MMU_UTLB 1540408608 PB ieee/NUMERIC_STD 1370735611 \
      CP MMU_UTLB_RAM CP carry_compare CP carry_compare_mask CP carry_and CP integer \
      CP std_logic CP std_logic_vector CP Parity
FL $XILINX/hw/XilinxProcessorIPLib/pcores/microblaze_v8_50_b/hdl/vhdl/mmu_utlb_ram.vhd 2013/06/03.20:49:39 P.68d
EN microblaze_v8_50_b/MMU_UTLB_RAM 1540408560 \
      FL $XILINX/hw/XilinxProcessorIPLib/pcores/microblaze_v8_50_b/hdl/vhdl/mmu_utlb_ram.vhd \
      PB ieee/std_logic_1164 1370735607
AR microblaze_v8_50_b/MMU_UTLB_RAM/IMP 1540408561 \
      FL $XILINX/hw/XilinxProcessorIPLib/pcores/microblaze_v8_50_b/hdl/vhdl/mmu_utlb_ram.vhd \
      EN microblaze_v8_50_b/MMU_UTLB_RAM 1540408560 PB ieee/NUMERIC_STD 1370735611
FL $XILINX/hw/XilinxProcessorIPLib/pcores/microblaze_v8_50_b/hdl/vhdl/msr_reg.vhd 2013/06/03.20:49:39 P.68d
EN microblaze_v8_50_b/MSR_Reg 1540408684 \
      FL $XILINX/hw/XilinxProcessorIPLib/pcores/microblaze_v8_50_b/hdl/vhdl/msr_reg.vhd \
      PB ieee/std_logic_1164 1370735607 LB Microblaze_v8_50_b \
      PH microblaze_v8_50_b/MicroBlaze_ISA 1540408544 \
      PB microblaze_v8_50_b/MicroBlaze_Types 1540408543
AR microblaze_v8_50_b/MSR_Reg/IMP 1540408685 \
      FL $XILINX/hw/XilinxProcessorIPLib/pcores/microblaze_v8_50_b/hdl/vhdl/msr_reg.vhd \
      EN microblaze_v8_50_b/MSR_Reg 1540408684 CP MSR_Reg_Bit
FL $XILINX/hw/XilinxProcessorIPLib/pcores/microblaze_v8_50_b/hdl/vhdl/msr_reg_bit.vhd 2013/06/03.20:49:39 P.68d
EN microblaze_v8_50_b/MSR_Reg_Bit 1540408598 \
      FL $XILINX/hw/XilinxProcessorIPLib/pcores/microblaze_v8_50_b/hdl/vhdl/msr_reg_bit.vhd \
      PB ieee/std_logic_1164 1370735607 LB Microblaze_v8_50_b LB unisim \
      PH unisim/VCOMPONENTS 1370735613 PB microblaze_v8_50_b/MicroBlaze_Types 1540408543
AR microblaze_v8_50_b/MSR_Reg_Bit/IMP 1540408599 \
      FL $XILINX/hw/XilinxProcessorIPLib/pcores/microblaze_v8_50_b/hdl/vhdl/msr_reg_bit.vhd \
      EN microblaze_v8_50_b/MSR_Reg_Bit 1540408598 CP FDRSE
FL $XILINX/hw/XilinxProcessorIPLib/pcores/microblaze_v8_50_b/hdl/vhdl/msr_reg_gti.vhd 2013/06/03.20:49:39 P.68d
EN microblaze_v8_50_b/msr_reg_gti 1540408634 \
      FL $XILINX/hw/XilinxProcessorIPLib/pcores/microblaze_v8_50_b/hdl/vhdl/msr_reg_gti.vhd \
      PB ieee/std_logic_1164 1370735607 LB Microblaze_v8_50_b LB unisim \
      PH unisim/VCOMPONENTS 1370735613 PB microblaze_v8_50_b/MicroBlaze_Types 1540408543 \
      PH microblaze_v8_50_b/MicroBlaze_ISA 1540408544
AR microblaze_v8_50_b/msr_reg_gti/msr_reg 1540408635 \
      FL $XILINX/hw/XilinxProcessorIPLib/pcores/microblaze_v8_50_b/hdl/vhdl/msr_reg_gti.vhd \
      EN microblaze_v8_50_b/msr_reg_gti 1540408634 CP MSR_TYPE CP FDS CP FDR
FL $XILINX/hw/XilinxProcessorIPLib/pcores/microblaze_v8_50_b/hdl/vhdl/mul_unit.vhd 2013/06/03.20:49:39 P.68d
EN microblaze_v8_50_b/mul_unit 1540408622 \
      FL $XILINX/hw/XilinxProcessorIPLib/pcores/microblaze_v8_50_b/hdl/vhdl/mul_unit.vhd \
      PB ieee/std_logic_1164 1370735607 PB ieee/NUMERIC_STD 1370735611 \
      LB Microblaze_v8_50_b LB unisim PH unisim/VCOMPONENTS 1370735613 \
      PH microblaze_v8_50_b/MicroBlaze_ISA 1540408544 \
      PB microblaze_v8_50_b/MicroBlaze_Types 1540408543
AR microblaze_v8_50_b/mul_unit/IMP 1540408623 \
      FL $XILINX/hw/XilinxProcessorIPLib/pcores/microblaze_v8_50_b/hdl/vhdl/mul_unit.vhd \
      EN microblaze_v8_50_b/mul_unit 1540408622 CP MUL_OP_TYPE CP std_logic \
      CP MUL_RES_TYPE CP std_logic_vector CP boolean CP DATA_TYPE CP MULT18x18S \
      CP dsp_module
FL $XILINX/hw/XilinxProcessorIPLib/pcores/microblaze_v8_50_b/hdl/vhdl/mux4.vhd 2013/06/03.20:49:39 P.68d
EN microblaze_v8_50_b/mux4 1540408734 \
      FL $XILINX/hw/XilinxProcessorIPLib/pcores/microblaze_v8_50_b/hdl/vhdl/mux4.vhd \
      PB ieee/std_logic_1164 1370735607 LB unisim LB Microblaze_v8_50_b \
      PB microblaze_v8_50_b/MicroBlaze_Types 1540408543
AR microblaze_v8_50_b/mux4/IMP 1540408735 \
      FL $XILINX/hw/XilinxProcessorIPLib/pcores/microblaze_v8_50_b/hdl/vhdl/mux4.vhd \
      EN microblaze_v8_50_b/mux4 1540408734 CP MUXF5
FL $XILINX/hw/XilinxProcessorIPLib/pcores/microblaze_v8_50_b/hdl/vhdl/mux4_8.vhd 2013/06/03.20:49:39 P.68d
EN microblaze_v8_50_b/mux4_8 1540408668 \
      FL $XILINX/hw/XilinxProcessorIPLib/pcores/microblaze_v8_50_b/hdl/vhdl/mux4_8.vhd \
      PB ieee/std_logic_1164 1370735607 LB unisim PH unisim/VCOMPONENTS 1370735613 \
      LB Microblaze_v8_50_b PB microblaze_v8_50_b/MicroBlaze_Types 1540408543
AR microblaze_v8_50_b/mux4_8/IMP 1540408669 \
      FL $XILINX/hw/XilinxProcessorIPLib/pcores/microblaze_v8_50_b/hdl/vhdl/mux4_8.vhd \
      EN microblaze_v8_50_b/mux4_8 1540408668 CP std_logic_vector CP std_logic \
      CP LUT3 CP MUXF5 CP LUT6_2
FL $XILINX/hw/XilinxProcessorIPLib/pcores/microblaze_v8_50_b/hdl/vhdl/mux_bus.vhd 2013/06/03.20:49:39 P.68d
EN microblaze_v8_50_b/mux_bus 1540408566 \
      FL $XILINX/hw/XilinxProcessorIPLib/pcores/microblaze_v8_50_b/hdl/vhdl/mux_bus.vhd \
      PB ieee/std_logic_1164 1370735607 LB unisim PH unisim/VCOMPONENTS 1370735613 \
      LB Microblaze_v8_50_b PB microblaze_v8_50_b/MicroBlaze_Types 1540408543
AR microblaze_v8_50_b/mux_bus/IMP 1540408567 \
      FL $XILINX/hw/XilinxProcessorIPLib/pcores/microblaze_v8_50_b/hdl/vhdl/mux_bus.vhd \
      EN microblaze_v8_50_b/mux_bus 1540408566 CP std_logic_vector CP LUT6_2
FL $XILINX/hw/XilinxProcessorIPLib/pcores/microblaze_v8_50_b/hdl/vhdl/operand_select.vhd 2013/06/03.20:49:39 P.68d
EN microblaze_v8_50_b/Operand_Select 1540408672 \
      FL $XILINX/hw/XilinxProcessorIPLib/pcores/microblaze_v8_50_b/hdl/vhdl/operand_select.vhd \
      PB ieee/std_logic_1164 1370735607 PB ieee/NUMERIC_STD 1370735611 \
      LB Microblaze_v8_50_b PH microblaze_v8_50_b/MicroBlaze_ISA 1540408544 \
      PB microblaze_v8_50_b/MicroBlaze_Types 1540408543
AR microblaze_v8_50_b/Operand_Select/IMP 1540408673 \
      FL $XILINX/hw/XilinxProcessorIPLib/pcores/microblaze_v8_50_b/hdl/vhdl/operand_select.vhd \
      EN microblaze_v8_50_b/Operand_Select 1540408672 CP Boolean_array \
      CP Operand_Select_Bit CP std_logic_vector
FL $XILINX/hw/XilinxProcessorIPLib/pcores/microblaze_v8_50_b/hdl/vhdl/operand_select_bit.vhd 2013/06/03.20:49:39 P.68d
EN microblaze_v8_50_b/Operand_Select_Bit 1540408604 \
      FL $XILINX/hw/XilinxProcessorIPLib/pcores/microblaze_v8_50_b/hdl/vhdl/operand_select_bit.vhd \
      PB ieee/std_logic_1164 1370735607 LB Microblaze_v8_50_b LB unisim \
      PH unisim/VCOMPONENTS 1370735613 PB microblaze_v8_50_b/MicroBlaze_Types 1540408543
AR microblaze_v8_50_b/Operand_Select_Bit/IMP 1540408605 \
      FL $XILINX/hw/XilinxProcessorIPLib/pcores/microblaze_v8_50_b/hdl/vhdl/operand_select_bit.vhd \
      EN microblaze_v8_50_b/Operand_Select_Bit 1540408604 CP LUT6_2 CP LUT3 CP LUT2 \
      CP LUT4 CP MUXF5 CP FDRE CP FDE CP std_logic
FL $XILINX/hw/XilinxProcessorIPLib/pcores/microblaze_v8_50_b/hdl/vhdl/operand_select_gti.vhd 2013/06/03.20:49:39 P.68d
EN microblaze_v8_50_b/Operand_Select_gti 1540408616 \
      FL $XILINX/hw/XilinxProcessorIPLib/pcores/microblaze_v8_50_b/hdl/vhdl/operand_select_gti.vhd \
      PB ieee/std_logic_1164 1370735607 LB Microblaze_v8_50_b LB unisim \
      PH unisim/VCOMPONENTS 1370735613 PH microblaze_v8_50_b/MicroBlaze_ISA 1540408544 \
      PB microblaze_v8_50_b/MicroBlaze_Types 1540408543
AR microblaze_v8_50_b/Operand_Select_gti/IMP 1540408617 \
      FL $XILINX/hw/XilinxProcessorIPLib/pcores/microblaze_v8_50_b/hdl/vhdl/operand_select_gti.vhd \
      EN microblaze_v8_50_b/Operand_Select_gti 1540408616 CP std_logic CP MUXF7
FL $XILINX/hw/XilinxProcessorIPLib/pcores/microblaze_v8_50_b/hdl/vhdl/parity.vhd 2013/06/03.20:49:39 P.68d
EN microblaze_v8_50_b/Parity_Recursive_LUT6 1540408562 \
      FL $XILINX/hw/XilinxProcessorIPLib/pcores/microblaze_v8_50_b/hdl/vhdl/parity.vhd \
      PB ieee/std_logic_1164 1370735607
AR microblaze_v8_50_b/Parity_Recursive_LUT6/IMP 1540408563 \
      FL $XILINX/hw/XilinxProcessorIPLib/pcores/microblaze_v8_50_b/hdl/vhdl/parity.vhd \
      EN microblaze_v8_50_b/Parity_Recursive_LUT6 1540408562 LB unisim \
      PH unisim/VCOMPONENTS 1370735613 CP std_logic_vector CP LUT6 CP std_logic \
      CP MUXF7 CP integer_array CP integer CP Parity_Recursive_LUT6
EN microblaze_v8_50_b/Parity 1540408564 \
      FL $XILINX/hw/XilinxProcessorIPLib/pcores/microblaze_v8_50_b/hdl/vhdl/parity.vhd \
      PB ieee/std_logic_1164 1370735607 LB Microblaze_v8_50_b \
      PB microblaze_v8_50_b/MicroBlaze_Types 1540408543
AR microblaze_v8_50_b/Parity/IMP 1540408565 \
      FL $XILINX/hw/XilinxProcessorIPLib/pcores/microblaze_v8_50_b/hdl/vhdl/parity.vhd \
      EN microblaze_v8_50_b/Parity 1540408564 LB unisim PH unisim/VCOMPONENTS 1370735613 \
      CP std_logic_vector CP std_logic CP LUT6 CP MUXCY_L CP XORCY \
      CP Parity_Recursive_LUT6
FL $XILINX/hw/XilinxProcessorIPLib/pcores/microblaze_v8_50_b/hdl/vhdl/pc_bit.vhd 2013/06/03.20:49:39 P.68d
EN microblaze_v8_50_b/PC_Bit 1540408596 \
      FL $XILINX/hw/XilinxProcessorIPLib/pcores/microblaze_v8_50_b/hdl/vhdl/pc_bit.vhd \
      PB ieee/std_logic_1164 1370735607 PB ieee/NUMERIC_STD 1370735611 \
      LB Microblaze_v8_50_b LB unisim PH unisim/VCOMPONENTS 1370735613 \
      PB microblaze_v8_50_b/MicroBlaze_Types 1540408543
AR microblaze_v8_50_b/PC_Bit/IMP 1540408597 \
      FL $XILINX/hw/XilinxProcessorIPLib/pcores/microblaze_v8_50_b/hdl/vhdl/pc_bit.vhd \
      EN microblaze_v8_50_b/PC_Bit 1540408596 CP LUT4 CP MUXCY_L CP XORCY CP FDSE \
      CP FDRE CP MB_SRL16E CP FDE
FL $XILINX/hw/XilinxProcessorIPLib/pcores/microblaze_v8_50_b/hdl/vhdl/pc_module.vhd 2013/06/03.20:49:39 P.68d
EN microblaze_v8_50_b/PC_Module 1540408686 \
      FL $XILINX/hw/XilinxProcessorIPLib/pcores/microblaze_v8_50_b/hdl/vhdl/pc_module.vhd \
      PB ieee/std_logic_1164 1370735607 PB ieee/NUMERIC_STD 1370735611 \
      LB Microblaze_v8_50_b PB microblaze_v8_50_b/MicroBlaze_Types 1540408543
AR microblaze_v8_50_b/PC_Module/IMP 1540408687 \
      FL $XILINX/hw/XilinxProcessorIPLib/pcores/microblaze_v8_50_b/hdl/vhdl/pc_module.vhd \
      EN microblaze_v8_50_b/PC_Module 1540408686 CP boolean CP std_logic_vector \
      CP string CP signal CP PC_Bit CP SRL16_BUFFER_TYPE
FL $XILINX/hw/XilinxProcessorIPLib/pcores/microblaze_v8_50_b/hdl/vhdl/pc_module_gti.vhd 2013/06/03.20:49:39 P.68d
EN microblaze_v8_50_b/PC_Module_gti 1540408646 \
      FL $XILINX/hw/XilinxProcessorIPLib/pcores/microblaze_v8_50_b/hdl/vhdl/pc_module_gti.vhd \
      PB ieee/std_logic_1164 1370735607 PB ieee/NUMERIC_STD 1370735611 LB unisim \
      PH unisim/VCOMPONENTS 1370735613 LB Microblaze_v8_50_b \
      PH microblaze_v8_50_b/MicroBlaze_ISA 1540408544 \
      PB microblaze_v8_50_b/MicroBlaze_Types 1540408543
AR microblaze_v8_50_b/PC_Module_gti/IMP 1540408647 \
      FL $XILINX/hw/XilinxProcessorIPLib/pcores/microblaze_v8_50_b/hdl/vhdl/pc_module_gti.vhd \
      EN microblaze_v8_50_b/PC_Module_gti 1540408646 CP DATA_TYPE \
      CP std_logic_vector CP MUXCY_L CP XORCY CP std_logic CP signal CP MUXF7 CP MUXF5 \
      CP FDR CP boolean CP natural CP mmu_vector CP integer CP width_select_vector \
      CP width_vector CP rboolean CP Prediction_Buffer_Type CP slv_0to3 CP slv_0to1 \
      CP Parity CP carry_and CP RAM_Module CP comparator CP carry_or
FL $XILINX/hw/XilinxProcessorIPLib/pcores/microblaze_v8_50_b/hdl/vhdl/prefetch_buffer.vhd 2013/06/03.20:49:39 P.68d
EN microblaze_v8_50_b/PreFetch_Buffer 1540408688 \
      FL $XILINX/hw/XilinxProcessorIPLib/pcores/microblaze_v8_50_b/hdl/vhdl/prefetch_buffer.vhd \
      PB ieee/std_logic_1164 1370735607 PB ieee/NUMERIC_STD 1370735611 \
      LB Microblaze_v8_50_b LB unisim PH unisim/VCOMPONENTS 1370735613 \
      PB microblaze_v8_50_b/MicroBlaze_Types 1540408543
AR microblaze_v8_50_b/PreFetch_Buffer/IMP 1540408689 \
      FL $XILINX/hw/XilinxProcessorIPLib/pcores/microblaze_v8_50_b/hdl/vhdl/prefetch_buffer.vhd \
      EN microblaze_v8_50_b/PreFetch_Buffer 1540408688 CP std_logic_vector \
      CP MB_SRL16E CP MUXCY_L CP XORCY CP FDS CP FDR CP SRL16_TYPE
FL $XILINX/hw/XilinxProcessorIPLib/pcores/microblaze_v8_50_b/hdl/vhdl/prefetch_buffer_gti.vhd 2013/06/03.20:49:39 P.68d
EN microblaze_v8_50_b/PreFetch_Buffer_gti 1540408648 \
      FL $XILINX/hw/XilinxProcessorIPLib/pcores/microblaze_v8_50_b/hdl/vhdl/prefetch_buffer_gti.vhd \
      PB ieee/std_logic_1164 1370735607 PB ieee/NUMERIC_STD 1370735611 \
      LB Microblaze_v8_50_b PH microblaze_v8_50_b/MicroBlaze_ISA 1540408544 \
      PB microblaze_v8_50_b/MicroBlaze_Types 1540408543
AR microblaze_v8_50_b/PreFetch_Buffer_gti/IMP 1540408649 \
      FL $XILINX/hw/XilinxProcessorIPLib/pcores/microblaze_v8_50_b/hdl/vhdl/prefetch_buffer_gti.vhd \
      EN microblaze_v8_50_b/PreFetch_Buffer_gti 1540408648 LB unisim \
      PH unisim/VCOMPONENTS 1370735613 CP std_logic CP instr_data_exp_type CP MUXF7 \
      CP MUXF5 CP FDR CP std_logic_vector CP LUT6 CP FDS
FL $XILINX/hw/XilinxProcessorIPLib/pcores/microblaze_v8_50_b/hdl/vhdl/pvr.vhd 2013/06/03.20:49:39 P.68d
EN microblaze_v8_50_b/PVR 1540408642 \
      FL $XILINX/hw/XilinxProcessorIPLib/pcores/microblaze_v8_50_b/hdl/vhdl/pvr.vhd \
      PB ieee/std_logic_1164 1370735607 PB ieee/NUMERIC_STD 1370735611 \
      LB Microblaze_v8_50_b LB unisim PH unisim/VCOMPONENTS 1370735613 \
      PH microblaze_v8_50_b/MicroBlaze_ISA 1540408544 \
      PB microblaze_v8_50_b/MicroBlaze_Types 1540408543
AR microblaze_v8_50_b/PVR/IMP 1540408643 \
      FL $XILINX/hw/XilinxProcessorIPLib/pcores/microblaze_v8_50_b/hdl/vhdl/pvr.vhd \
      EN microblaze_v8_50_b/PVR 1540408642 CP PVR_TYPE CP string CP signal
FL $XILINX/hw/XilinxProcessorIPLib/pcores/microblaze_v8_50_b/hdl/vhdl/ram_module.vhd 2013/06/03.20:49:39 P.68d
EN microblaze_v8_50_b/RAM_Module 1540408588 \
      FL $XILINX/hw/XilinxProcessorIPLib/pcores/microblaze_v8_50_b/hdl/vhdl/ram_module.vhd \
      PB ieee/std_logic_1164 1370735607 LB unisim PH unisim/VCOMPONENTS 1370735613 \
      LB Microblaze_v8_50_b PB microblaze_v8_50_b/MicroBlaze_Types 1540408543
AR microblaze_v8_50_b/RAM_Module/IMP 1540408589 \
      FL $XILINX/hw/XilinxProcessorIPLib/pcores/microblaze_v8_50_b/hdl/vhdl/ram_module.vhd \
      EN microblaze_v8_50_b/RAM_Module 1540408588 PB ieee/NUMERIC_STD 1370735611 \
      CP std_logic_vector CP RAMB36 CP RAMB16 CP RAMB16BWE CP RAMB16_S36_S36 \
      CP RAMB16_S18_S18 CP RAMB16_S9_S9 CP integer CP std_logic CP RAMB16_S4_S4 \
      CP RAMB16_S2_S2 CP RAMB16_S1_S1 CP ram_output CP RAM_Module
FL $XILINX/hw/XilinxProcessorIPLib/pcores/microblaze_v8_50_b/hdl/vhdl/read_data_mux_gti.vhd 2013/06/03.20:49:39 P.68d
EN microblaze_v8_50_b/read_data_mux 1540408726 \
      FL $XILINX/hw/XilinxProcessorIPLib/pcores/microblaze_v8_50_b/hdl/vhdl/read_data_mux_gti.vhd \
      PB ieee/std_logic_1164 1370735607 LB Microblaze_v8_50_b \
      PH microblaze_v8_50_b/MicroBlaze_ISA 1540408544 \
      PB microblaze_v8_50_b/MicroBlaze_Types 1540408543
AR microblaze_v8_50_b/read_data_mux/IMP 1540408727 \
      FL $XILINX/hw/XilinxProcessorIPLib/pcores/microblaze_v8_50_b/hdl/vhdl/read_data_mux_gti.vhd \
      EN microblaze_v8_50_b/read_data_mux 1540408726
FL $XILINX/hw/XilinxProcessorIPLib/pcores/microblaze_v8_50_b/hdl/vhdl/register_file.vhd 2013/06/03.20:49:39 P.68d
EN microblaze_v8_50_b/Register_File 1540408670 \
      FL $XILINX/hw/XilinxProcessorIPLib/pcores/microblaze_v8_50_b/hdl/vhdl/register_file.vhd \
      PB ieee/std_logic_1164 1370735607 PB ieee/NUMERIC_STD 1370735611 \
      LB Microblaze_v8_50_b PB microblaze_v8_50_b/MicroBlaze_Types 1540408543
AR microblaze_v8_50_b/Register_File/IMP 1540408671 \
      FL $XILINX/hw/XilinxProcessorIPLib/pcores/microblaze_v8_50_b/hdl/vhdl/register_file.vhd \
      EN microblaze_v8_50_b/Register_File 1540408670 CP Register_File_Bit \
      CP REG_FILE_TYPE CP string CP signal
FL $XILINX/hw/XilinxProcessorIPLib/pcores/microblaze_v8_50_b/hdl/vhdl/register_file_bit.vhd 2013/06/03.20:49:39 P.68d
EN microblaze_v8_50_b/Register_File_Bit 1540408606 \
      FL $XILINX/hw/XilinxProcessorIPLib/pcores/microblaze_v8_50_b/hdl/vhdl/register_file_bit.vhd \
      PB ieee/std_logic_1164 1370735607 LB Microblaze_v8_50_b \
      PB microblaze_v8_50_b/MicroBlaze_Types 1540408543
AR microblaze_v8_50_b/Register_File_Bit/IMP 1540408607 \
      FL $XILINX/hw/XilinxProcessorIPLib/pcores/microblaze_v8_50_b/hdl/vhdl/register_file_bit.vhd \
      EN microblaze_v8_50_b/Register_File_Bit 1540408606 LB unisim \
      PH unisim/VCOMPONENTS 1370735613 CP std_logic CP RAM32x1D CP RAM16x1D CP LUT3
FL $XILINX/hw/XilinxProcessorIPLib/pcores/microblaze_v8_50_b/hdl/vhdl/register_file_gti.vhd 2013/06/03.20:49:39 P.68d
EN microblaze_v8_50_b/Register_File_gti 1540408614 \
      FL $XILINX/hw/XilinxProcessorIPLib/pcores/microblaze_v8_50_b/hdl/vhdl/register_file_gti.vhd \
      PB ieee/std_logic_1164 1370735607 PB ieee/NUMERIC_STD 1370735611 \
      LB Microblaze_v8_50_b PB microblaze_v8_50_b/MicroBlaze_Types 1540408543
AR microblaze_v8_50_b/Register_File_gti/IMP 1540408615 \
      FL $XILINX/hw/XilinxProcessorIPLib/pcores/microblaze_v8_50_b/hdl/vhdl/register_file_gti.vhd \
      EN microblaze_v8_50_b/Register_File_gti 1540408614 LB unisim \
      PH unisim/VCOMPONENTS 1370735613 CP RAM32M
FL $XILINX/hw/XilinxProcessorIPLib/pcores/microblaze_v8_50_b/hdl/vhdl/result_mux.vhd 2013/06/03.20:49:39 P.68d
EN microblaze_v8_50_b/Result_Mux 1540408680 \
      FL $XILINX/hw/XilinxProcessorIPLib/pcores/microblaze_v8_50_b/hdl/vhdl/result_mux.vhd \
      PB ieee/std_logic_1164 1370735607 LB Microblaze_v8_50_b \
      PB microblaze_v8_50_b/MicroBlaze_Types 1540408543
AR microblaze_v8_50_b/Result_Mux/IMP 1540408681 \
      FL $XILINX/hw/XilinxProcessorIPLib/pcores/microblaze_v8_50_b/hdl/vhdl/result_mux.vhd \
      EN microblaze_v8_50_b/Result_Mux 1540408680 CP Result_Mux_Bit \
      CP std_logic_vector
FL $XILINX/hw/XilinxProcessorIPLib/pcores/microblaze_v8_50_b/hdl/vhdl/result_mux_bit.vhd 2013/06/03.20:49:39 P.68d
EN microblaze_v8_50_b/Result_Mux_Bit 1540408600 \
      FL $XILINX/hw/XilinxProcessorIPLib/pcores/microblaze_v8_50_b/hdl/vhdl/result_mux_bit.vhd \
      PB ieee/std_logic_1164 1370735607 LB Microblaze_v8_50_b \
      PB microblaze_v8_50_b/MicroBlaze_Types 1540408543
AR microblaze_v8_50_b/Result_Mux_Bit/IMP 1540408601 \
      FL $XILINX/hw/XilinxProcessorIPLib/pcores/microblaze_v8_50_b/hdl/vhdl/result_mux_bit.vhd \
      EN microblaze_v8_50_b/Result_Mux_Bit 1540408600 LB unisim \
      PH unisim/VCOMPONENTS 1370735613 CP LUT4 CP MUXF5 CP FD
FL $XILINX/hw/XilinxProcessorIPLib/pcores/microblaze_v8_50_b/hdl/vhdl/shift_logic.vhd 2013/06/03.20:49:39 P.68d
EN microblaze_v8_50_b/Shift_Logic_Module 1540408674 \
      FL $XILINX/hw/XilinxProcessorIPLib/pcores/microblaze_v8_50_b/hdl/vhdl/shift_logic.vhd \
      PB ieee/std_logic_1164 1370735607 LB Microblaze_v8_50_b \
      PH microblaze_v8_50_b/MicroBlaze_ISA 1540408544 \
      PB microblaze_v8_50_b/MicroBlaze_Types 1540408543
AR microblaze_v8_50_b/Shift_Logic_Module/IMP 1540408675 \
      FL $XILINX/hw/XilinxProcessorIPLib/pcores/microblaze_v8_50_b/hdl/vhdl/shift_logic.vhd \
      EN microblaze_v8_50_b/Shift_Logic_Module 1540408674 LB unisim \
      PH unisim/VCOMPONENTS 1370735613 CP Shift_Logic_Bit CP std_logic_vector \
      CP std_logic CP count_leading_zeros CP carry_equal CP LUT4 CP MUXF5 CP LUT2
FL $XILINX/hw/XilinxProcessorIPLib/pcores/microblaze_v8_50_b/hdl/vhdl/shift_logic_bit.vhd 2013/06/03.20:49:39 P.68d
EN microblaze_v8_50_b/Shift_Logic_Bit 1540408602 \
      FL $XILINX/hw/XilinxProcessorIPLib/pcores/microblaze_v8_50_b/hdl/vhdl/shift_logic_bit.vhd \
      PB ieee/std_logic_1164 1370735607 LB Microblaze_v8_50_b \
      PB microblaze_v8_50_b/MicroBlaze_Types 1540408543
AR microblaze_v8_50_b/Shift_Logic_Bit/IMP 1540408603 \
      FL $XILINX/hw/XilinxProcessorIPLib/pcores/microblaze_v8_50_b/hdl/vhdl/shift_logic_bit.vhd \
      EN microblaze_v8_50_b/Shift_Logic_Bit 1540408602 LB unisim \
      PH unisim/VCOMPONENTS 1370735613 CP LUT4 CP MUXF5
FL $XILINX/hw/XilinxProcessorIPLib/pcores/microblaze_v8_50_b/hdl/vhdl/shift_logic_gti.vhd 2013/06/03.20:49:39 P.68d
EN microblaze_v8_50_b/Shift_Logic_Module_gti 1540408620 \
      FL $XILINX/hw/XilinxProcessorIPLib/pcores/microblaze_v8_50_b/hdl/vhdl/shift_logic_gti.vhd \
      PB ieee/std_logic_1164 1370735607 LB Microblaze_v8_50_b LB unisim \
      PH unisim/VCOMPONENTS 1370735613 PH microblaze_v8_50_b/MicroBlaze_ISA 1540408544 \
      PB microblaze_v8_50_b/MicroBlaze_Types 1540408543
AR microblaze_v8_50_b/Shift_Logic_Module_gti/IMP 1540408621 \
      FL $XILINX/hw/XilinxProcessorIPLib/pcores/microblaze_v8_50_b/hdl/vhdl/shift_logic_gti.vhd \
      EN microblaze_v8_50_b/Shift_Logic_Module_gti 1540408620 CP DATA_TYPE \
      CP std_logic CP MUXF5 CP LUT6 CP std_logic_vector CP MUXF7 \
      CP count_leading_zeros CP carry_equal CP LUT4
FL $XILINX/hw/XilinxProcessorIPLib/pcores/microblaze_v8_50_b/hdl/vhdl/stack_protection.vhd 2013/06/03.20:49:39 P.68d
EN microblaze_v8_50_b/stack_protection 1540408644 \
      FL $XILINX/hw/XilinxProcessorIPLib/pcores/microblaze_v8_50_b/hdl/vhdl/stack_protection.vhd \
      PB ieee/std_logic_1164 1370735607 PB ieee/NUMERIC_STD 1370735611 \
      LB Microblaze_v8_50_b PH microblaze_v8_50_b/MicroBlaze_ISA 1540408544 \
      PB microblaze_v8_50_b/MicroBlaze_Types 1540408543
AR microblaze_v8_50_b/stack_protection/IMP 1540408645 \
      FL $XILINX/hw/XilinxProcessorIPLib/pcores/microblaze_v8_50_b/hdl/vhdl/stack_protection.vhd \
      EN microblaze_v8_50_b/stack_protection 1540408644 CP std_logic
FL $XILINX/hw/XilinxProcessorIPLib/pcores/microblaze_v8_50_b/hdl/vhdl/streaming_axi.vhd 2013/06/03.20:49:39 P.68d
EN microblaze_v8_50_b/Streaming_AXI 1540408692 \
      FL $XILINX/hw/XilinxProcessorIPLib/pcores/microblaze_v8_50_b/hdl/vhdl/streaming_axi.vhd \
      PB ieee/std_logic_1164 1370735607 PB ieee/NUMERIC_STD 1370735611 \
      LB Microblaze_v8_50_b LB unisim PH unisim/VCOMPONENTS 1370735613 \
      PB microblaze_v8_50_b/MicroBlaze_Types 1540408543
AR microblaze_v8_50_b/Streaming_AXI/IMP 1540408693 \
      FL $XILINX/hw/XilinxProcessorIPLib/pcores/microblaze_v8_50_b/hdl/vhdl/streaming_axi.vhd \
      EN microblaze_v8_50_b/Streaming_AXI 1540408692 CP std_logic CP boolean \
      CP FDRE
FL $XILINX/hw/XilinxProcessorIPLib/pcores/microblaze_v8_50_b/hdl/vhdl/stream_cache.vhd 2013/06/03.20:49:39 P.68d
EN microblaze_v8_50_b/stream_cache 1540408660 \
      FL $XILINX/hw/XilinxProcessorIPLib/pcores/microblaze_v8_50_b/hdl/vhdl/stream_cache.vhd \
      PB ieee/std_logic_1164 1370735607 PB ieee/NUMERIC_STD 1370735611 \
      LB Microblaze_v8_50_b LB unisim PH unisim/VCOMPONENTS 1370735613 \
      PB microblaze_v8_50_b/MicroBlaze_Types 1540408543
AR microblaze_v8_50_b/stream_cache/IMP 1540408661 \
      FL $XILINX/hw/XilinxProcessorIPLib/pcores/microblaze_v8_50_b/hdl/vhdl/stream_cache.vhd \
      EN microblaze_v8_50_b/stream_cache 1540408660 CP MUXCY_L CP XORCY CP FDRE
FL $XILINX/hw/XilinxProcessorIPLib/pcores/microblaze_v8_50_b/hdl/vhdl/vec_mux.vhd 2013/06/03.20:49:39 P.68d
EN microblaze_v8_50_b/vec_mux 1540408654 \
      FL $XILINX/hw/XilinxProcessorIPLib/pcores/microblaze_v8_50_b/hdl/vhdl/vec_mux.vhd \
      PB ieee/std_logic_1164 1370735607 LB unisim LB Microblaze_v8_50_b \
      PB microblaze_v8_50_b/MicroBlaze_Types 1540408543
AR microblaze_v8_50_b/vec_mux/IMP 1540408655 \
      FL $XILINX/hw/XilinxProcessorIPLib/pcores/microblaze_v8_50_b/hdl/vhdl/vec_mux.vhd \
      EN microblaze_v8_50_b/vec_mux 1540408654
FL $XILINX/hw/XilinxProcessorIPLib/pcores/microblaze_v8_50_b/hdl/vhdl/victim_cache.vhd 2013/06/03.20:49:39 P.68d
EN microblaze_v8_50_b/LRU_Module 1540408656 \
      FL $XILINX/hw/XilinxProcessorIPLib/pcores/microblaze_v8_50_b/hdl/vhdl/victim_cache.vhd \
      PB ieee/std_logic_1164 1370735607 PB ieee/NUMERIC_STD 1370735611
AR microblaze_v8_50_b/LRU_Module/LRU_Module 1540408657 \
      FL $XILINX/hw/XilinxProcessorIPLib/pcores/microblaze_v8_50_b/hdl/vhdl/victim_cache.vhd \
      EN microblaze_v8_50_b/LRU_Module 1540408656 CP std_logic CP std_logic_vector
EN microblaze_v8_50_b/victim_cache 1540408658 \
      FL $XILINX/hw/XilinxProcessorIPLib/pcores/microblaze_v8_50_b/hdl/vhdl/victim_cache.vhd \
      PB ieee/std_logic_1164 1370735607 PB ieee/NUMERIC_STD 1370735611 \
      LB Microblaze_v8_50_b LB unisim PH unisim/VCOMPONENTS 1370735613 \
      PB microblaze_v8_50_b/MicroBlaze_Types 1540408543
AR microblaze_v8_50_b/victim_cache/IMP 1540408659 \
      FL $XILINX/hw/XilinxProcessorIPLib/pcores/microblaze_v8_50_b/hdl/vhdl/victim_cache.vhd \
      EN microblaze_v8_50_b/victim_cache 1540408658 CP LRU_Module
FL $XILINX/hw/XilinxProcessorIPLib/pcores/microblaze_v8_50_b/hdl/vhdl/wb_mux_bit_gti.vhd 2013/06/03.20:49:39 P.68d
EN microblaze_v8_50_b/WB_Mux_Bit 1540408580 \
      FL $XILINX/hw/XilinxProcessorIPLib/pcores/microblaze_v8_50_b/hdl/vhdl/wb_mux_bit_gti.vhd \
      PB ieee/std_logic_1164 1370735607 LB Microblaze_v8_50_b LB unisim \
      PH unisim/VCOMPONENTS 1370735613 PB microblaze_v8_50_b/MicroBlaze_Types 1540408543 \
      PH microblaze_v8_50_b/MicroBlaze_ISA 1540408544
AR microblaze_v8_50_b/WB_Mux_Bit/IMP 1540408581 \
      FL $XILINX/hw/XilinxProcessorIPLib/pcores/microblaze_v8_50_b/hdl/vhdl/wb_mux_bit_gti.vhd \
      EN microblaze_v8_50_b/WB_Mux_Bit 1540408580 CP std_logic CP MUXF5 CP MUXF6
FL $XILINX/hw/XilinxProcessorIPLib/pcores/microblaze_v8_50_b/hdl/vhdl/wb_mux_gti.vhd 2013/06/03.20:49:39 P.68d
EN microblaze_v8_50_b/WB_Mux 1540408626 \
      FL $XILINX/hw/XilinxProcessorIPLib/pcores/microblaze_v8_50_b/hdl/vhdl/wb_mux_gti.vhd \
      PB ieee/std_logic_1164 1370735607 LB Microblaze_v8_50_b \
      PB microblaze_v8_50_b/MicroBlaze_Types 1540408543 \
      PH microblaze_v8_50_b/MicroBlaze_ISA 1540408544
AR microblaze_v8_50_b/WB_Mux/IMP 1540408627 \
      FL $XILINX/hw/XilinxProcessorIPLib/pcores/microblaze_v8_50_b/hdl/vhdl/wb_mux_gti.vhd \
      EN microblaze_v8_50_b/WB_Mux 1540408626 CP Data_Vector CP Ctrl_Vector \
      CP std_logic CP std_logic_vector CP WB_Mux_Bit CP DATA_TYPE
FL $XILINX/hw/XilinxProcessorIPLib/pcores/microblaze_v8_50_b/hdl/vhdl/zero_detect.vhd 2013/06/03.20:49:39 P.68d
EN microblaze_v8_50_b/Zero_Detect 1540408682 \
      FL $XILINX/hw/XilinxProcessorIPLib/pcores/microblaze_v8_50_b/hdl/vhdl/zero_detect.vhd \
      PB ieee/std_logic_1164 1370735607 LB Microblaze_v8_50_b \
      PB microblaze_v8_50_b/MicroBlaze_Types 1540408543
AR microblaze_v8_50_b/Zero_Detect/IMP 1540408683 \
      FL $XILINX/hw/XilinxProcessorIPLib/pcores/microblaze_v8_50_b/hdl/vhdl/zero_detect.vhd \
      EN microblaze_v8_50_b/Zero_Detect 1540408682 LB unisim PH unisim/VCOMPONENTS 1370735613 \
      CP natural CP std_logic_vector CP std_logic CP MUXCY_L
FL $XILINX/hw/XilinxProcessorIPLib/pcores/microblaze_v8_50_b/hdl/vhdl/zero_detect_gti.vhd 2013/06/03.20:49:39 P.68d
EN microblaze_v8_50_b/Zero_Detect_gti 1540408628 \
      FL $XILINX/hw/XilinxProcessorIPLib/pcores/microblaze_v8_50_b/hdl/vhdl/zero_detect_gti.vhd \
      PB ieee/std_logic_1164 1370735607 LB Microblaze_v8_50_b LB unisim \
      PH unisim/VCOMPONENTS 1370735613 PB microblaze_v8_50_b/MicroBlaze_Types 1540408543
AR microblaze_v8_50_b/Zero_Detect_gti/IMP 1540408629 \
      FL $XILINX/hw/XilinxProcessorIPLib/pcores/microblaze_v8_50_b/hdl/vhdl/zero_detect_gti.vhd \
      EN microblaze_v8_50_b/Zero_Detect_gti 1540408628 CP natural \
      CP std_logic_vector CP std_logic CP MUXCY_L
