AR access_buffer imp C:/Xilinx/14.6/ISE_DS/EDK/hw/XilinxProcessorIPLib/pcores/mch_plbv46_slave_burst_v2_01_a/hdl/vhdl/access_buffer.vhd sub00/vhpl01 1540835388
EN arbitration_logic NULL C:/Xilinx/14.6/ISE_DS/EDK/hw/XilinxProcessorIPLib/pcores/mch_plbv46_slave_burst_v2_01_a/hdl/vhdl/arbitration_logic.vhd sub00/vhpl10 1540835397
AR addr_data_mux_demux imp C:/Xilinx/14.6/ISE_DS/EDK/hw/XilinxProcessorIPLib/pcores/mch_plbv46_slave_burst_v2_01_a/hdl/vhdl/addr_data_mux_demux.vhd sub00/vhpl13 1540835400
EN arb_mux_demux NULL C:/Xilinx/14.6/ISE_DS/EDK/hw/XilinxProcessorIPLib/pcores/mch_plbv46_slave_burst_v2_01_a/hdl/vhdl/arb_mux_demux.vhd sub00/vhpl14 1540835421
AR chnl_logic imp C:/Xilinx/14.6/ISE_DS/EDK/hw/XilinxProcessorIPLib/pcores/mch_plbv46_slave_burst_v2_01_a/hdl/vhdl/chnl_logic.vhd sub00/vhpl05 1540835392
AR addr_be_gen imp C:/Xilinx/14.6/ISE_DS/EDK/hw/XilinxProcessorIPLib/pcores/mch_plbv46_slave_burst_v2_01_a/hdl/vhdl/addr_be_gen.vhd sub00/vhpl07 1540835394
AR mch_interface imp C:/Xilinx/14.6/ISE_DS/EDK/hw/XilinxProcessorIPLib/pcores/mch_plbv46_slave_burst_v2_01_a/hdl/vhdl/mch_interface.vhd sub00/vhpl17 1540835424
EN chnl_logic NULL C:/Xilinx/14.6/ISE_DS/EDK/hw/XilinxProcessorIPLib/pcores/mch_plbv46_slave_burst_v2_01_a/hdl/vhdl/chnl_logic.vhd sub00/vhpl04 1540835391
EN ipic_logic NULL C:/Xilinx/14.6/ISE_DS/EDK/hw/XilinxProcessorIPLib/pcores/mch_plbv46_slave_burst_v2_01_a/hdl/vhdl/ipic_logic.vhd sub00/vhpl08 1540835395
EN access_buffer NULL C:/Xilinx/14.6/ISE_DS/EDK/hw/XilinxProcessorIPLib/pcores/mch_plbv46_slave_burst_v2_01_a/hdl/vhdl/access_buffer.vhd sub00/vhpl00 1540835387
AR arbitration_logic imp C:/Xilinx/14.6/ISE_DS/EDK/hw/XilinxProcessorIPLib/pcores/mch_plbv46_slave_burst_v2_01_a/hdl/vhdl/arbitration_logic.vhd sub00/vhpl11 1540835398
AR mch_plbv46_slave_burst imp C:/Xilinx/14.6/ISE_DS/EDK/hw/XilinxProcessorIPLib/pcores/mch_plbv46_slave_burst_v2_01_a/hdl/vhdl/mch_plbv46_slave_burst.vhd sub00/vhpl19 1540835426
AR arb_mux_demux imp C:/Xilinx/14.6/ISE_DS/EDK/hw/XilinxProcessorIPLib/pcores/mch_plbv46_slave_burst_v2_01_a/hdl/vhdl/arb_mux_demux.vhd sub00/vhpl15 1540835422
EN mch_interface NULL C:/Xilinx/14.6/ISE_DS/EDK/hw/XilinxProcessorIPLib/pcores/mch_plbv46_slave_burst_v2_01_a/hdl/vhdl/mch_interface.vhd sub00/vhpl16 1540835423
EN addr_be_gen NULL C:/Xilinx/14.6/ISE_DS/EDK/hw/XilinxProcessorIPLib/pcores/mch_plbv46_slave_burst_v2_01_a/hdl/vhdl/addr_be_gen.vhd sub00/vhpl06 1540835393
EN mch_plbv46_slave_burst NULL C:/Xilinx/14.6/ISE_DS/EDK/hw/XilinxProcessorIPLib/pcores/mch_plbv46_slave_burst_v2_01_a/hdl/vhdl/mch_plbv46_slave_burst.vhd sub00/vhpl18 1540835425
AR ipic_logic imp C:/Xilinx/14.6/ISE_DS/EDK/hw/XilinxProcessorIPLib/pcores/mch_plbv46_slave_burst_v2_01_a/hdl/vhdl/ipic_logic.vhd sub00/vhpl09 1540835396
EN addr_data_mux_demux NULL C:/Xilinx/14.6/ISE_DS/EDK/hw/XilinxProcessorIPLib/pcores/mch_plbv46_slave_burst_v2_01_a/hdl/vhdl/addr_data_mux_demux.vhd sub00/vhpl12 1540835399
AR readdata_buffer implementation C:/Xilinx/14.6/ISE_DS/EDK/hw/XilinxProcessorIPLib/pcores/mch_plbv46_slave_burst_v2_01_a/hdl/vhdl/readdata_buffer.vhd sub00/vhpl03 1540835390
EN readdata_buffer NULL C:/Xilinx/14.6/ISE_DS/EDK/hw/XilinxProcessorIPLib/pcores/mch_plbv46_slave_burst_v2_01_a/hdl/vhdl/readdata_buffer.vhd sub00/vhpl02 1540835389
