EN select_param NULL C:/Xilinx/14.6/ISE_DS/EDK/hw/XilinxProcessorIPLib/pcores/emc_common_v4_01_a/hdl/vhdl/select_param.vhd sub00/vhpl08 1540835413
EN io_registers NULL C:/Xilinx/14.6/ISE_DS/EDK/hw/XilinxProcessorIPLib/pcores/emc_common_v4_01_a/hdl/vhdl/io_registers.vhd sub00/vhpl12 1540835417
AR select_param imp C:/Xilinx/14.6/ISE_DS/EDK/hw/XilinxProcessorIPLib/pcores/emc_common_v4_01_a/hdl/vhdl/select_param.vhd sub00/vhpl09 1540835414
EN mem_state_machine NULL C:/Xilinx/14.6/ISE_DS/EDK/hw/XilinxProcessorIPLib/pcores/emc_common_v4_01_a/hdl/vhdl/mem_state_machine.vhd sub00/vhpl02 1540835407
EN counters NULL C:/Xilinx/14.6/ISE_DS/EDK/hw/XilinxProcessorIPLib/pcores/emc_common_v4_01_a/hdl/vhdl/counters.vhd sub00/vhpl06 1540835411
AR emc imp C:/Xilinx/14.6/ISE_DS/EDK/hw/XilinxProcessorIPLib/pcores/emc_common_v4_01_a/hdl/vhdl/emc.vhd sub00/vhpl15 1540835428
AR mem_steer imp C:/Xilinx/14.6/ISE_DS/EDK/hw/XilinxProcessorIPLib/pcores/emc_common_v4_01_a/hdl/vhdl/mem_steer.vhd sub00/vhpl11 1540835416
AR counters imp C:/Xilinx/14.6/ISE_DS/EDK/hw/XilinxProcessorIPLib/pcores/emc_common_v4_01_a/hdl/vhdl/counters.vhd sub00/vhpl07 1540835412
AR io_registers imp C:/Xilinx/14.6/ISE_DS/EDK/hw/XilinxProcessorIPLib/pcores/emc_common_v4_01_a/hdl/vhdl/io_registers.vhd sub00/vhpl13 1540835418
EN emc NULL C:/Xilinx/14.6/ISE_DS/EDK/hw/XilinxProcessorIPLib/pcores/emc_common_v4_01_a/hdl/vhdl/emc.vhd sub00/vhpl14 1540835427
EN mem_steer NULL C:/Xilinx/14.6/ISE_DS/EDK/hw/XilinxProcessorIPLib/pcores/emc_common_v4_01_a/hdl/vhdl/mem_steer.vhd sub00/vhpl10 1540835415
AR ipic_if imp C:/Xilinx/14.6/ISE_DS/EDK/hw/XilinxProcessorIPLib/pcores/emc_common_v4_01_a/hdl/vhdl/ipic_if.vhd sub00/vhpl01 1540835406
AR mem_state_machine imp C:/Xilinx/14.6/ISE_DS/EDK/hw/XilinxProcessorIPLib/pcores/emc_common_v4_01_a/hdl/vhdl/mem_state_machine.vhd sub00/vhpl03 1540835408
EN addr_counter_mux NULL C:/Xilinx/14.6/ISE_DS/EDK/hw/XilinxProcessorIPLib/pcores/emc_common_v4_01_a/hdl/vhdl/addr_counter_mux.vhd sub00/vhpl04 1540835409
EN ipic_if NULL C:/Xilinx/14.6/ISE_DS/EDK/hw/XilinxProcessorIPLib/pcores/emc_common_v4_01_a/hdl/vhdl/ipic_if.vhd sub00/vhpl00 1540835405
AR addr_counter_mux imp C:/Xilinx/14.6/ISE_DS/EDK/hw/XilinxProcessorIPLib/pcores/emc_common_v4_01_a/hdl/vhdl/addr_counter_mux.vhd sub00/vhpl05 1540835410
