AR axi_interface imp C:/Xilinx/14.6/ISE_DS/EDK/hw/XilinxProcessorIPLib/pcores/lmb_bram_if_cntlr_v3_10_c/hdl/vhdl/axi_interface.vhd sub00/vhpl19 1540835205
EN lmb_mux NULL C:/Xilinx/14.6/ISE_DS/EDK/hw/XilinxProcessorIPLib/pcores/lmb_bram_if_cntlr_v3_10_c/hdl/vhdl/lmb_mux.vhd sub00/vhpl10 1540835196
AR parityenable imp C:/Xilinx/14.6/ISE_DS/EDK/hw/XilinxProcessorIPLib/pcores/lmb_bram_if_cntlr_v3_10_c/hdl/vhdl/parityenable.vhd sub00/vhpl07 1540835193
EN parityenable NULL C:/Xilinx/14.6/ISE_DS/EDK/hw/XilinxProcessorIPLib/pcores/lmb_bram_if_cntlr_v3_10_c/hdl/vhdl/parityenable.vhd sub00/vhpl06 1540835192
PB lmb_bram_if_funcs lmb_bram_if_funcs C:/Xilinx/14.6/ISE_DS/EDK/hw/XilinxProcessorIPLib/pcores/lmb_bram_if_cntlr_v3_10_c/hdl/vhdl/lmb_bram_if_funcs.vhd sub00/vhpl21 1540835207
EN plb_interface NULL C:/Xilinx/14.6/ISE_DS/EDK/hw/XilinxProcessorIPLib/pcores/lmb_bram_if_cntlr_v3_10_c/hdl/vhdl/plb_interface.vhd sub00/vhpl16 1540835202
EN pselect_mask NULL C:/Xilinx/14.6/ISE_DS/EDK/hw/XilinxProcessorIPLib/pcores/lmb_bram_if_cntlr_v3_10_c/hdl/vhdl/pselect_mask.vhd sub00/vhpl08 1540835194
AR parity imp C:/Xilinx/14.6/ISE_DS/EDK/hw/XilinxProcessorIPLib/pcores/lmb_bram_if_cntlr_v3_10_c/hdl/vhdl/parity.vhd sub00/vhpl05 1540835191
AR checkbit_handler imp C:/Xilinx/14.6/ISE_DS/EDK/hw/XilinxProcessorIPLib/pcores/lmb_bram_if_cntlr_v3_10_c/hdl/vhdl/checkbit_handler.vhd sub00/vhpl13 1540835199
EN correct_one_bit NULL C:/Xilinx/14.6/ISE_DS/EDK/hw/XilinxProcessorIPLib/pcores/lmb_bram_if_cntlr_v3_10_c/hdl/vhdl/correct_one_bit.vhd sub00/vhpl14 1540835200
AR plb_interface imp C:/Xilinx/14.6/ISE_DS/EDK/hw/XilinxProcessorIPLib/pcores/lmb_bram_if_cntlr_v3_10_c/hdl/vhdl/plb_interface.vhd sub00/vhpl17 1540835203
EN lmb_bram_if_cntlr NULL C:/Xilinx/14.6/ISE_DS/EDK/hw/XilinxProcessorIPLib/pcores/lmb_bram_if_cntlr_v3_10_c/hdl/vhdl/lmb_bram_if_cntlr.vhd sub00/vhpl22 1540835208
EN axi_interface NULL C:/Xilinx/14.6/ISE_DS/EDK/hw/XilinxProcessorIPLib/pcores/lmb_bram_if_cntlr_v3_10_c/hdl/vhdl/axi_interface.vhd sub00/vhpl18 1540835204
AR lmb_mux imp C:/Xilinx/14.6/ISE_DS/EDK/hw/XilinxProcessorIPLib/pcores/lmb_bram_if_cntlr_v3_10_c/hdl/vhdl/lmb_mux.vhd sub00/vhpl11 1540835197
AR correct_one_bit imp C:/Xilinx/14.6/ISE_DS/EDK/hw/XilinxProcessorIPLib/pcores/lmb_bram_if_cntlr_v3_10_c/hdl/vhdl/correct_one_bit.vhd sub00/vhpl15 1540835201
AR xor18 imp C:/Xilinx/14.6/ISE_DS/EDK/hw/XilinxProcessorIPLib/pcores/lmb_bram_if_cntlr_v3_10_c/hdl/vhdl/xor18.vhd sub00/vhpl03 1540835189
EN checkbit_handler NULL C:/Xilinx/14.6/ISE_DS/EDK/hw/XilinxProcessorIPLib/pcores/lmb_bram_if_cntlr_v3_10_c/hdl/vhdl/checkbit_handler.vhd sub00/vhpl12 1540835198
EN parity NULL C:/Xilinx/14.6/ISE_DS/EDK/hw/XilinxProcessorIPLib/pcores/lmb_bram_if_cntlr_v3_10_c/hdl/vhdl/parity.vhd sub00/vhpl04 1540835190
EN pselect NULL C:/Xilinx/14.6/ISE_DS/EDK/hw/XilinxProcessorIPLib/pcores/lmb_bram_if_cntlr_v3_10_c/hdl/vhdl/pselect.vhd sub00/vhpl00 1540835186
AR lmb_bram_if_cntlr imp C:/Xilinx/14.6/ISE_DS/EDK/hw/XilinxProcessorIPLib/pcores/lmb_bram_if_cntlr_v3_10_c/hdl/vhdl/lmb_bram_if_cntlr.vhd sub00/vhpl23 1540835209
PH lmb_bram_if_funcs NULL C:/Xilinx/14.6/ISE_DS/EDK/hw/XilinxProcessorIPLib/pcores/lmb_bram_if_cntlr_v3_10_c/hdl/vhdl/lmb_bram_if_funcs.vhd sub00/vhpl20 1540835206
EN xor18 NULL C:/Xilinx/14.6/ISE_DS/EDK/hw/XilinxProcessorIPLib/pcores/lmb_bram_if_cntlr_v3_10_c/hdl/vhdl/xor18.vhd sub00/vhpl02 1540835188
AR pselect_mask imp C:/Xilinx/14.6/ISE_DS/EDK/hw/XilinxProcessorIPLib/pcores/lmb_bram_if_cntlr_v3_10_c/hdl/vhdl/pselect_mask.vhd sub00/vhpl09 1540835195
AR pselect imp C:/Xilinx/14.6/ISE_DS/EDK/hw/XilinxProcessorIPLib/pcores/lmb_bram_if_cntlr_v3_10_c/hdl/vhdl/pselect.vhd sub00/vhpl01 1540835187
