V3 6
FL C:/Users/CS152B/Desktop/cs152b/Lab3/Lab3/synthesis/parallel_run/hdl/system_rs232_uart_1_wrapper.vhd 2018/10/24.12:15:31 P.68d
EN work/system_rs232_uart_1_wrapper 1540408936 \
      FL C:/Users/CS152B/Desktop/cs152b/Lab3/Lab3/synthesis/parallel_run/hdl/system_rs232_uart_1_wrapper.vhd \
      PB ieee/std_logic_1164 1370735607 LB UNISIM PH unisim/VCOMPONENTS 1370735613 \
      LB xps_uart16550_v3_00_a
AR work/system_rs232_uart_1_wrapper/STRUCTURE 1540408937 \
      FL C:/Users/CS152B/Desktop/cs152b/Lab3/Lab3/synthesis/parallel_run/hdl/system_rs232_uart_1_wrapper.vhd \
      EN work/system_rs232_uart_1_wrapper 1540408936 CP xps_uart16550
