AR blk_mem_gen_v7_3 blk_mem_gen_v7_3_a "C:/Users/CS152B/Desktop/cs152b/Final Project/block_mem_Size_analysis/ipcore_dir/blk_mem_gen_v7_3.vhd" sub00/vhpl01 1544040153
EN blk_mem_gen_v7_3 NULL "C:/Users/CS152B/Desktop/cs152b/Final Project/block_mem_Size_analysis/ipcore_dir/blk_mem_gen_v7_3.vhd" sub00/vhpl00 1544040152
