EN system_rs232_uart_0_wrapper NULL C:/Users/CS152B/Desktop/cs152b/Lab3/Lab3/synthesis/parallel_run/hdl/system_rs232_uart_0_wrapper.vhd sub00/vhpl00 1540408918
AR system_rs232_uart_0_wrapper structure C:/Users/CS152B/Desktop/cs152b/Lab3/Lab3/synthesis/parallel_run/hdl/system_rs232_uart_0_wrapper.vhd sub00/vhpl01 1540408919
