EN xuart_tx_load_sm NULL C:/Xilinx/14.6/ISE_DS/EDK/hw/XilinxProcessorIPLib/pcores/xps_uart16550_v3_00_a/hdl/vhdl/xuart_tx_load_sm.vhd sub00/vhpl02 1540835530
AR tx16550 implementation C:/Xilinx/14.6/ISE_DS/EDK/hw/XilinxProcessorIPLib/pcores/xps_uart16550_v3_00_a/hdl/vhdl/tx16550.vhd sub00/vhpl07 1540835535
EN tx_fifo_block NULL C:/Xilinx/14.6/ISE_DS/EDK/hw/XilinxProcessorIPLib/pcores/xps_uart16550_v3_00_a/hdl/vhdl/tx_fifo_block.vhd sub00/vhpl08 1540835536
AR rx_fifo_control implementation C:/Xilinx/14.6/ISE_DS/EDK/hw/XilinxProcessorIPLib/pcores/xps_uart16550_v3_00_a/hdl/vhdl/rx_fifo_control.vhd sub00/vhpl01 1540835527
AR xuart_tx_load_sm implementation C:/Xilinx/14.6/ISE_DS/EDK/hw/XilinxProcessorIPLib/pcores/xps_uart16550_v3_00_a/hdl/vhdl/xuart_tx_load_sm.vhd sub00/vhpl03 1540835531
EN uart16550 NULL C:/Xilinx/14.6/ISE_DS/EDK/hw/XilinxProcessorIPLib/pcores/xps_uart16550_v3_00_a/hdl/vhdl/uart16550.vhd sub00/vhpl12 1540835544
EN tx16550 NULL C:/Xilinx/14.6/ISE_DS/EDK/hw/XilinxProcessorIPLib/pcores/xps_uart16550_v3_00_a/hdl/vhdl/tx16550.vhd sub00/vhpl06 1540835534
AR rx16550 implementation C:/Xilinx/14.6/ISE_DS/EDK/hw/XilinxProcessorIPLib/pcores/xps_uart16550_v3_00_a/hdl/vhdl/rx16550.vhd sub00/vhpl05 1540835533
EN rx_fifo_control NULL C:/Xilinx/14.6/ISE_DS/EDK/hw/XilinxProcessorIPLib/pcores/xps_uart16550_v3_00_a/hdl/vhdl/rx_fifo_control.vhd sub00/vhpl00 1540835526
EN rx16550 NULL C:/Xilinx/14.6/ISE_DS/EDK/hw/XilinxProcessorIPLib/pcores/xps_uart16550_v3_00_a/hdl/vhdl/rx16550.vhd sub00/vhpl04 1540835532
AR rx_fifo_block implementation C:/Xilinx/14.6/ISE_DS/EDK/hw/XilinxProcessorIPLib/pcores/xps_uart16550_v3_00_a/hdl/vhdl/rx_fifo_block.vhd sub00/vhpl11 1540835539
AR uart16550 implementation C:/Xilinx/14.6/ISE_DS/EDK/hw/XilinxProcessorIPLib/pcores/xps_uart16550_v3_00_a/hdl/vhdl/uart16550.vhd sub00/vhpl13 1540835545
EN xuart NULL C:/Xilinx/14.6/ISE_DS/EDK/hw/XilinxProcessorIPLib/pcores/xps_uart16550_v3_00_a/hdl/vhdl/xuart.vhd sub00/vhpl16 1540835548
EN rx_fifo_block NULL C:/Xilinx/14.6/ISE_DS/EDK/hw/XilinxProcessorIPLib/pcores/xps_uart16550_v3_00_a/hdl/vhdl/rx_fifo_block.vhd sub00/vhpl10 1540835538
AR ipic_if imp C:/Xilinx/14.6/ISE_DS/EDK/hw/XilinxProcessorIPLib/pcores/xps_uart16550_v3_00_a/hdl/vhdl/ipic_if.vhd sub00/vhpl15 1540835547
AR tx_fifo_block implementation C:/Xilinx/14.6/ISE_DS/EDK/hw/XilinxProcessorIPLib/pcores/xps_uart16550_v3_00_a/hdl/vhdl/tx_fifo_block.vhd sub00/vhpl09 1540835537
EN ipic_if NULL C:/Xilinx/14.6/ISE_DS/EDK/hw/XilinxProcessorIPLib/pcores/xps_uart16550_v3_00_a/hdl/vhdl/ipic_if.vhd sub00/vhpl14 1540835546
EN xps_uart16550 NULL C:/Xilinx/14.6/ISE_DS/EDK/hw/XilinxProcessorIPLib/pcores/xps_uart16550_v3_00_a/hdl/vhdl/xps_uart16550.vhd sub00/vhpl18 1540835550
AR xuart imp C:/Xilinx/14.6/ISE_DS/EDK/hw/XilinxProcessorIPLib/pcores/xps_uart16550_v3_00_a/hdl/vhdl/xuart.vhd sub00/vhpl17 1540835549
AR xps_uart16550 imp C:/Xilinx/14.6/ISE_DS/EDK/hw/XilinxProcessorIPLib/pcores/xps_uart16550_v3_00_a/hdl/vhdl/xps_uart16550.vhd sub00/vhpl19 1540835551
