V3 5
FL C:/Users/CS152B/Desktop/cs152b/Lab3/RPS/hdl/elaborate/lmb_bram_elaborate_v1_00_a/hdl/vhdl/lmb_bram_elaborate.vhd 2018/10/29.10:45:32 P.68d
EN lmb_bram_elaborate_v1_00_a/lmb_bram_elaborate 1540835193 \
      FL C:/Users/CS152B/Desktop/cs152b/Lab3/RPS/hdl/elaborate/lmb_bram_elaborate_v1_00_a/hdl/vhdl/lmb_bram_elaborate.vhd \
      PB ieee/std_logic_1164 1370735607 LB UNISIM PH unisim/VCOMPONENTS 1370735613
AR lmb_bram_elaborate_v1_00_a/lmb_bram_elaborate/STRUCTURE 1540835194 \
      FL C:/Users/CS152B/Desktop/cs152b/Lab3/RPS/hdl/elaborate/lmb_bram_elaborate_v1_00_a/hdl/vhdl/lmb_bram_elaborate.vhd \
      EN lmb_bram_elaborate_v1_00_a/lmb_bram_elaborate 1540835193 CP RAMB36
