V3 269
FL $XILINX/hw/XilinxProcessorIPLib/pcores/proc_common_v3_00_a/hdl/vhdl/addsub.vhd 2013/06/03.20:49:46 P.68d
EN proc_common_v3_00_a/addsub 1540835460 \
      FL $XILINX/hw/XilinxProcessorIPLib/pcores/proc_common_v3_00_a/hdl/vhdl/addsub.vhd \
      PB ieee/std_logic_1164 1370735607
AR proc_common_v3_00_a/addsub/imp 1540835461 \
      FL $XILINX/hw/XilinxProcessorIPLib/pcores/proc_common_v3_00_a/hdl/vhdl/addsub.vhd \
      EN proc_common_v3_00_a/addsub 1540835460 LB unisim PH unisim/VCOMPONENTS 1370735613 \
      PB ieee/NUMERIC_STD 1370735611 CP MUXCY CP XORCY CP FDRE
FL $XILINX/hw/XilinxProcessorIPLib/pcores/proc_common_v3_00_a/hdl/vhdl/async_fifo_fg.vhd 2013/06/03.20:49:46 P.68d
EN proc_common_v3_00_a/async_fifo_fg 1540835452 \
      FL $XILINX/hw/XilinxProcessorIPLib/pcores/proc_common_v3_00_a/hdl/vhdl/async_fifo_fg.vhd \
      PB ieee/std_logic_1164 1370735607 PB ieee/NUMERIC_STD 1370735611 \
      LB proc_common_v3_00_a PB proc_common_v3_00_a/proc_common_pkg 1540835410 \
      PH proc_common_v3_00_a/coregen_comp_defs 1540835447 \
      PB proc_common_v3_00_a/family_support 1540835408
AR proc_common_v3_00_a/async_fifo_fg/implementation 1540835453 \
      FL $XILINX/hw/XilinxProcessorIPLib/pcores/proc_common_v3_00_a/hdl/vhdl/async_fifo_fg.vhd \
      EN proc_common_v3_00_a/async_fifo_fg 1540835452 CP integer \
      CP std_logic_vector CP fifo_generator_v4_3 CP fifo_generator_v9_3
FL $XILINX/hw/XilinxProcessorIPLib/pcores/proc_common_v3_00_a/hdl/vhdl/basic_sfifo_fg.vhd 2013/06/03.20:49:46 P.68d
EN proc_common_v3_00_a/basic_sfifo_fg 1540835456 \
      FL $XILINX/hw/XilinxProcessorIPLib/pcores/proc_common_v3_00_a/hdl/vhdl/basic_sfifo_fg.vhd \
      PB ieee/std_logic_1164 1370735607 PB ieee/NUMERIC_STD 1370735611 \
      LB proc_common_v3_00_a PB proc_common_v3_00_a/proc_common_pkg 1540835410 \
      PH proc_common_v3_00_a/coregen_comp_defs 1540835447
AR proc_common_v3_00_a/basic_sfifo_fg/implementation 1540835457 \
      FL $XILINX/hw/XilinxProcessorIPLib/pcores/proc_common_v3_00_a/hdl/vhdl/basic_sfifo_fg.vhd \
      EN proc_common_v3_00_a/basic_sfifo_fg 1540835456 CP fifo_generator_v8_2
FL $XILINX/hw/XilinxProcessorIPLib/pcores/proc_common_v3_00_a/hdl/vhdl/blk_mem_gen_wrapper.vhd 2013/06/03.20:49:46 P.68d
EN proc_common_v3_00_a/blk_mem_gen_wrapper 1540835458 \
      FL $XILINX/hw/XilinxProcessorIPLib/pcores/proc_common_v3_00_a/hdl/vhdl/blk_mem_gen_wrapper.vhd \
      PB ieee/std_logic_1164 1370735607 LB proc_common_v3_00_a \
      PH proc_common_v3_00_a/coregen_comp_defs 1540835447 \
      PB proc_common_v3_00_a/family_support 1540835408
AR proc_common_v3_00_a/blk_mem_gen_wrapper/implementation 1540835459 \
      FL $XILINX/hw/XilinxProcessorIPLib/pcores/proc_common_v3_00_a/hdl/vhdl/blk_mem_gen_wrapper.vhd \
      EN proc_common_v3_00_a/blk_mem_gen_wrapper 1540835458 CP blk_mem_gen_v2_7 \
      CP blk_mem_gen_v7_3
FL $XILINX/hw/XilinxProcessorIPLib/pcores/proc_common_v3_00_a/hdl/vhdl/cntr_incr_decr_addn_f.vhd 2013/06/03.20:49:46 P.68d
EN proc_common_v3_00_a/cntr_incr_decr_addn_f 1540835419 \
      FL $XILINX/hw/XilinxProcessorIPLib/pcores/proc_common_v3_00_a/hdl/vhdl/cntr_incr_decr_addn_f.vhd \
      PB ieee/std_logic_1164 1370735607
AR proc_common_v3_00_a/cntr_incr_decr_addn_f/imp 1540835420 \
      FL $XILINX/hw/XilinxProcessorIPLib/pcores/proc_common_v3_00_a/hdl/vhdl/cntr_incr_decr_addn_f.vhd \
      EN proc_common_v3_00_a/cntr_incr_decr_addn_f 1540835419 \
      LB proc_common_v3_00_a PB ieee/NUMERIC_STD 1370735611 LB unisim \
      CP std_logic_vector CP MUXCY_L CP XORCY CP FDS \
      PB proc_common_v3_00_a/family_support 1540835408
FL $XILINX/hw/XilinxProcessorIPLib/pcores/proc_common_v3_00_a/hdl/vhdl/common_types_pkg.vhd 2013/06/03.20:49:46 P.68d
PH proc_common_v3_00_a/Common_Types 1540835448 \
      FL $XILINX/hw/XilinxProcessorIPLib/pcores/proc_common_v3_00_a/hdl/vhdl/common_types_pkg.vhd \
      PB ieee/std_logic_1164 1370735607
PB proc_common_v3_00_a/Common_Types 1540835449 \
      FL $XILINX/hw/XilinxProcessorIPLib/pcores/proc_common_v3_00_a/hdl/vhdl/common_types_pkg.vhd \
      PH proc_common_v3_00_a/Common_Types 1540835448
FL $XILINX/hw/XilinxProcessorIPLib/pcores/proc_common_v3_00_a/hdl/vhdl/compare_vectors_f.vhd 2013/06/03.20:49:46 P.68d
EN proc_common_v3_00_a/compare_vectors_f 1540835512 \
      FL $XILINX/hw/XilinxProcessorIPLib/pcores/proc_common_v3_00_a/hdl/vhdl/compare_vectors_f.vhd \
      PB ieee/std_logic_1164 1370735607 LB unisim PH unisim/VCOMPONENTS 1370735613 \
      LB proc_common_v3_00_a PB proc_common_v3_00_a/family_support 1540835408
AR proc_common_v3_00_a/compare_vectors_f/imp 1540835513 \
      FL $XILINX/hw/XilinxProcessorIPLib/pcores/proc_common_v3_00_a/hdl/vhdl/compare_vectors_f.vhd \
      EN proc_common_v3_00_a/compare_vectors_f 1540835512 CP positive \
      CP std_logic_vector CP natural CP MUXCY
FL $XILINX/hw/XilinxProcessorIPLib/pcores/proc_common_v3_00_a/hdl/vhdl/conv_funs_pkg.vhd 2013/06/03.20:49:46 P.68d
PH proc_common_v3_00_a/conv_funs_pkg 1540835450 \
      FL $XILINX/hw/XilinxProcessorIPLib/pcores/proc_common_v3_00_a/hdl/vhdl/conv_funs_pkg.vhd \
      PB ieee/std_logic_1164 1370735607
PB proc_common_v3_00_a/conv_funs_pkg 1540835451 \
      FL $XILINX/hw/XilinxProcessorIPLib/pcores/proc_common_v3_00_a/hdl/vhdl/conv_funs_pkg.vhd \
      PH proc_common_v3_00_a/conv_funs_pkg 1540835450
FL $XILINX/hw/XilinxProcessorIPLib/pcores/proc_common_v3_00_a/hdl/vhdl/coregen_comp_defs.vhd 2013/06/03.20:49:46 P.68d
PH proc_common_v3_00_a/coregen_comp_defs 1540835447 \
      FL $XILINX/hw/XilinxProcessorIPLib/pcores/proc_common_v3_00_a/hdl/vhdl/coregen_comp_defs.vhd \
      PB ieee/std_logic_1164 1370735607 CD fifo_generator_v4_2 \
      CD fifo_generator_v4_3 CD fifo_generator_v5_1 CD fifo_generator_v5_2 \
      CD fifo_generator_v5_3 CD fifo_generator_v6_1 CD fifo_generator_v8_1 \
      CD fifo_generator_v8_2 CD fifo_generator_v8_3 CD fifo_generator_v9_1 \
      CD fifo_generator_v9_2 CD fifo_generator_v9_3 CD blk_mem_gen_v2_7 \
      CD blk_mem_gen_v3_1 CD blk_mem_gen_v3_2 CD blk_mem_gen_v3_3 \
      CD blk_mem_gen_v4_1 CD blk_mem_gen_v5_2 CD blk_mem_gen_v6_2 \
      CD blk_mem_gen_v7_1 CD blk_mem_gen_v7_3
FL $XILINX/hw/XilinxProcessorIPLib/pcores/proc_common_v3_00_a/hdl/vhdl/counter.vhd 2013/06/03.20:49:46 P.68d
EN proc_common_v3_00_a/Counter 1540835445 \
      FL $XILINX/hw/XilinxProcessorIPLib/pcores/proc_common_v3_00_a/hdl/vhdl/counter.vhd \
      PB ieee/std_logic_1164 1370735607 LB unisim PH unisim/VCOMPONENTS 1370735613 \
      LB proc_common_v3_00_a EN proc_common_v3_00_a/counter_bit 1540835429
AR proc_common_v3_00_a/Counter/imp 1540835446 \
      FL $XILINX/hw/XilinxProcessorIPLib/pcores/proc_common_v3_00_a/hdl/vhdl/counter.vhd \
      EN proc_common_v3_00_a/Counter 1540835445 \
      CP proc_common_v3_00_a/counter_bit CP FDRE
FL $XILINX/hw/XilinxProcessorIPLib/pcores/proc_common_v3_00_a/hdl/vhdl/counter_bit.vhd 2013/06/03.20:49:46 P.68d
EN proc_common_v3_00_a/counter_bit 1540835429 \
      FL $XILINX/hw/XilinxProcessorIPLib/pcores/proc_common_v3_00_a/hdl/vhdl/counter_bit.vhd \
      PB ieee/std_logic_1164 1370735607 LB unisim
AR proc_common_v3_00_a/counter_bit/imp 1540835430 \
      FL $XILINX/hw/XilinxProcessorIPLib/pcores/proc_common_v3_00_a/hdl/vhdl/counter_bit.vhd \
      EN proc_common_v3_00_a/counter_bit 1540835429 CP LUT4 CP MUXCY_L CP XORCY \
      CP FDRE
FL $XILINX/hw/XilinxProcessorIPLib/pcores/proc_common_v3_00_a/hdl/vhdl/counter_f.vhd 2013/06/03.20:49:46 P.68d
EN proc_common_v3_00_a/counter_f 1540835514 \
      FL $XILINX/hw/XilinxProcessorIPLib/pcores/proc_common_v3_00_a/hdl/vhdl/counter_f.vhd \
      PB ieee/std_logic_1164 1370735607 PB ieee/NUMERIC_STD 1370735611 LB unisim \
      LB proc_common_v3_00_a PB proc_common_v3_00_a/family_support 1540835408
AR proc_common_v3_00_a/counter_f/imp 1540835515 \
      FL $XILINX/hw/XilinxProcessorIPLib/pcores/proc_common_v3_00_a/hdl/vhdl/counter_f.vhd \
      EN proc_common_v3_00_a/counter_f 1540835514 CP std_logic_vector CP std_logic \
      CP MUXCY_L CP XORCY CP FDRE CP unsigned
FL $XILINX/hw/XilinxProcessorIPLib/pcores/proc_common_v3_00_a/hdl/vhdl/direct_path_cntr.vhd 2013/06/03.20:49:46 P.68d
EN proc_common_v3_00_a/direct_path_cntr 1540835462 \
      FL $XILINX/hw/XilinxProcessorIPLib/pcores/proc_common_v3_00_a/hdl/vhdl/direct_path_cntr.vhd \
      PB ieee/std_logic_1164 1370735607
AR proc_common_v3_00_a/direct_path_cntr/imp 1540835463 \
      FL $XILINX/hw/XilinxProcessorIPLib/pcores/proc_common_v3_00_a/hdl/vhdl/direct_path_cntr.vhd \
      EN proc_common_v3_00_a/direct_path_cntr 1540835462 LB unisim CP std_logic \
      CP MULT_AND CP MUXCY CP XORCY CP FDE
FL $XILINX/hw/XilinxProcessorIPLib/pcores/proc_common_v3_00_a/hdl/vhdl/direct_path_cntr_ai.vhd 2013/06/03.20:49:46 P.68d
EN proc_common_v3_00_a/direct_path_cntr_ai 1540835464 \
      FL $XILINX/hw/XilinxProcessorIPLib/pcores/proc_common_v3_00_a/hdl/vhdl/direct_path_cntr_ai.vhd \
      PB ieee/std_logic_1164 1370735607
AR proc_common_v3_00_a/direct_path_cntr_ai/imp 1540835465 \
      FL $XILINX/hw/XilinxProcessorIPLib/pcores/proc_common_v3_00_a/hdl/vhdl/direct_path_cntr_ai.vhd \
      EN proc_common_v3_00_a/direct_path_cntr_ai 1540835464 LB unisim \
      PH unisim/VCOMPONENTS 1370735613 CP std_logic CP MULT_AND CP MUXCY CP XORCY \
      CP FDE
FL $XILINX/hw/XilinxProcessorIPLib/pcores/proc_common_v3_00_a/hdl/vhdl/down_counter.vhd 2013/06/03.20:49:46 P.68d
EN proc_common_v3_00_a/down_counter 1540835466 \
      FL $XILINX/hw/XilinxProcessorIPLib/pcores/proc_common_v3_00_a/hdl/vhdl/down_counter.vhd \
      PB ieee/std_logic_1164 1370735607 PB ieee/std_logic_arith 1370735608 \
      LB proc_common_v3_00_a PB proc_common_v3_00_a/proc_common_pkg 1540835410
AR proc_common_v3_00_a/down_counter/simulation 1540835467 \
      FL $XILINX/hw/XilinxProcessorIPLib/pcores/proc_common_v3_00_a/hdl/vhdl/down_counter.vhd \
      EN proc_common_v3_00_a/down_counter 1540835466
FL $XILINX/hw/XilinxProcessorIPLib/pcores/proc_common_v3_00_a/hdl/vhdl/dynshreg_f.vhd 2013/06/03.20:49:46 P.68d
EN proc_common_v3_00_a/dynshreg_f 1540835421 \
      FL $XILINX/hw/XilinxProcessorIPLib/pcores/proc_common_v3_00_a/hdl/vhdl/dynshreg_f.vhd \
      PB ieee/std_logic_1164 1370735607 PB ieee/NUMERIC_STD 1370735611 \
      LB proc_common_v3_00_a PB proc_common_v3_00_a/proc_common_pkg 1540835410
AR proc_common_v3_00_a/dynshreg_f/behavioral 1540835422 \
      FL $XILINX/hw/XilinxProcessorIPLib/pcores/proc_common_v3_00_a/hdl/vhdl/dynshreg_f.vhd \
      EN proc_common_v3_00_a/dynshreg_f 1540835421 LB proc_common_v3_00_a \
      PB proc_common_v3_00_a/family_support 1540835408 LB unisim CP bo2na_type \
      CP natural CP integer CP std_logic_vector CP SRLC16E CP SRLC32E \
      CP proc_common_v3_00_a/muxf_struct_f CP dataType
FL $XILINX/hw/XilinxProcessorIPLib/pcores/proc_common_v3_00_a/hdl/vhdl/dynshreg_i_f.vhd 2013/06/03.20:49:46 P.68d
EN proc_common_v3_00_a/dynshreg_i_f 1540835506 \
      FL $XILINX/hw/XilinxProcessorIPLib/pcores/proc_common_v3_00_a/hdl/vhdl/dynshreg_i_f.vhd \
      PB ieee/std_logic_1164 1370735607 PB ieee/NUMERIC_STD 1370735611 \
      LB proc_common_v3_00_a PB proc_common_v3_00_a/proc_common_pkg 1540835410
AR proc_common_v3_00_a/dynshreg_i_f/behavioral 1540835507 \
      FL $XILINX/hw/XilinxProcessorIPLib/pcores/proc_common_v3_00_a/hdl/vhdl/dynshreg_i_f.vhd \
      EN proc_common_v3_00_a/dynshreg_i_f 1540835506 LB proc_common_v3_00_a \
      PB proc_common_v3_00_a/family_support 1540835408 LB unisim CP bo2na_type \
      CP natural CP integer CP std_logic_vector CP positive CP bit_vector CP SRLC16E \
      CP SRLC32E CP proc_common_v3_00_a/muxf_struct_f CP dataType
FL $XILINX/hw/XilinxProcessorIPLib/pcores/proc_common_v3_00_a/hdl/vhdl/eval_timer.vhd 2013/06/03.20:49:46 P.68d
EN proc_common_v3_00_a/eval_timer 1540835468 \
      FL $XILINX/hw/XilinxProcessorIPLib/pcores/proc_common_v3_00_a/hdl/vhdl/eval_timer.vhd \
      PB ieee/std_logic_1164 1370735607 LB unisim LB proc_common_v3_00_a \
      PB proc_common_v3_00_a/proc_common_pkg 1540835410
AR proc_common_v3_00_a/eval_timer/imp 1540835469 \
      FL $XILINX/hw/XilinxProcessorIPLib/pcores/proc_common_v3_00_a/hdl/vhdl/eval_timer.vhd \
      EN proc_common_v3_00_a/eval_timer 1540835468 CP Counter CP FDR CP FDRE
FL $XILINX/hw/XilinxProcessorIPLib/pcores/proc_common_v3_00_a/hdl/vhdl/family.vhd 2013/06/03.20:49:46 P.68d
PH proc_common_v3_00_a/family 1540835437 \
      FL $XILINX/hw/XilinxProcessorIPLib/pcores/proc_common_v3_00_a/hdl/vhdl/family.vhd
PB proc_common_v3_00_a/family 1540835438 \
      FL $XILINX/hw/XilinxProcessorIPLib/pcores/proc_common_v3_00_a/hdl/vhdl/family.vhd \
      PH proc_common_v3_00_a/family 1540835437
FL $XILINX/hw/XilinxProcessorIPLib/pcores/proc_common_v3_00_a/hdl/vhdl/family_support.vhd 2013/06/03.20:49:46 P.68d
PH proc_common_v3_00_a/family_support 1540835407 \
      FL $XILINX/hw/XilinxProcessorIPLib/pcores/proc_common_v3_00_a/hdl/vhdl/family_support.vhd
PB proc_common_v3_00_a/family_support 1540835408 \
      FL $XILINX/hw/XilinxProcessorIPLib/pcores/proc_common_v3_00_a/hdl/vhdl/family_support.vhd \
      PH proc_common_v3_00_a/family_support 1540835407
FL $XILINX/hw/XilinxProcessorIPLib/pcores/proc_common_v3_00_a/hdl/vhdl/inferred_lut4.vhd 2013/06/03.20:49:46 P.68d
EN proc_common_v3_00_a/inferred_lut4 1540835411 \
      FL $XILINX/hw/XilinxProcessorIPLib/pcores/proc_common_v3_00_a/hdl/vhdl/inferred_lut4.vhd \
      PB ieee/std_logic_1164 1370735607 PB ieee/std_logic_arith 1370735608 \
      PB ieee/STD_LOGIC_UNSIGNED 1370735609
AR proc_common_v3_00_a/inferred_lut4/implementation 1540835412 \
      FL $XILINX/hw/XilinxProcessorIPLib/pcores/proc_common_v3_00_a/hdl/vhdl/inferred_lut4.vhd \
      EN proc_common_v3_00_a/inferred_lut4 1540835411
FL $XILINX/hw/XilinxProcessorIPLib/pcores/proc_common_v3_00_a/hdl/vhdl/ipif_mirror128.vhd 2013/06/03.20:49:46 P.68d
EN proc_common_v3_00_a/ipif_mirror128 1540835474 \
      FL $XILINX/hw/XilinxProcessorIPLib/pcores/proc_common_v3_00_a/hdl/vhdl/ipif_mirror128.vhd \
      PB ieee/std_logic_1164 1370735607
AR proc_common_v3_00_a/ipif_mirror128/IMP 1540835475 \
      FL $XILINX/hw/XilinxProcessorIPLib/pcores/proc_common_v3_00_a/hdl/vhdl/ipif_mirror128.vhd \
      EN proc_common_v3_00_a/ipif_mirror128 1540835474 CP std_logic \
      CP std_logic_vector
FL $XILINX/hw/XilinxProcessorIPLib/pcores/proc_common_v3_00_a/hdl/vhdl/ipif_pkg.vhd 2013/06/03.20:49:46 P.68d
PH proc_common_v3_00_a/ipif_pkg 1540835524 \
      FL $XILINX/hw/XilinxProcessorIPLib/pcores/proc_common_v3_00_a/hdl/vhdl/ipif_pkg.vhd \
      PB ieee/std_logic_1164 1370735607 PB ieee/std_logic_arith 1370735608 \
      PB ieee/STD_LOGIC_UNSIGNED 1370735609
PB proc_common_v3_00_a/ipif_pkg 1540835525 \
      FL $XILINX/hw/XilinxProcessorIPLib/pcores/proc_common_v3_00_a/hdl/vhdl/ipif_pkg.vhd \
      PH proc_common_v3_00_a/ipif_pkg 1540835524 LB proc_common_v3_00_a \
      PB proc_common_v3_00_a/proc_common_pkg 1540835410
FL $XILINX/hw/XilinxProcessorIPLib/pcores/proc_common_v3_00_a/hdl/vhdl/ipif_steer.vhd 2013/06/03.20:49:46 P.68d
EN proc_common_v3_00_a/IPIF_Steer 1540835470 \
      FL $XILINX/hw/XilinxProcessorIPLib/pcores/proc_common_v3_00_a/hdl/vhdl/ipif_steer.vhd \
      PB ieee/std_logic_1164 1370735607
AR proc_common_v3_00_a/IPIF_Steer/IMP 1540835471 \
      FL $XILINX/hw/XilinxProcessorIPLib/pcores/proc_common_v3_00_a/hdl/vhdl/ipif_steer.vhd \
      EN proc_common_v3_00_a/IPIF_Steer 1540835470 CP std_logic \
      CP std_logic_vector
FL $XILINX/hw/XilinxProcessorIPLib/pcores/proc_common_v3_00_a/hdl/vhdl/ipif_steer128.vhd 2013/06/03.20:49:46 P.68d
EN proc_common_v3_00_a/ipif_steer128 1540835472 \
      FL $XILINX/hw/XilinxProcessorIPLib/pcores/proc_common_v3_00_a/hdl/vhdl/ipif_steer128.vhd \
      PB ieee/std_logic_1164 1370735607
AR proc_common_v3_00_a/ipif_steer128/IMP 1540835473 \
      FL $XILINX/hw/XilinxProcessorIPLib/pcores/proc_common_v3_00_a/hdl/vhdl/ipif_steer128.vhd \
      EN proc_common_v3_00_a/ipif_steer128 1540835472 CP std_logic \
      CP std_logic_vector
FL $XILINX/hw/XilinxProcessorIPLib/pcores/proc_common_v3_00_a/hdl/vhdl/ld_arith_reg.vhd 2013/06/03.20:49:46 P.68d
EN proc_common_v3_00_a/ld_arith_reg 1540835476 \
      FL $XILINX/hw/XilinxProcessorIPLib/pcores/proc_common_v3_00_a/hdl/vhdl/ld_arith_reg.vhd \
      PB ieee/std_logic_1164 1370735607
AR proc_common_v3_00_a/ld_arith_reg/imp 1540835477 \
      FL $XILINX/hw/XilinxProcessorIPLib/pcores/proc_common_v3_00_a/hdl/vhdl/ld_arith_reg.vhd \
      EN proc_common_v3_00_a/ld_arith_reg 1540835476 LB unisim PB ieee/NUMERIC_STD 1370735611 \
      CP std_logic CP MULT_AND CP MUXCY CP XORCY CP FDRE CP FDSE
FL $XILINX/hw/XilinxProcessorIPLib/pcores/proc_common_v3_00_a/hdl/vhdl/ld_arith_reg2.vhd 2013/06/03.20:49:46 P.68d
EN proc_common_v3_00_a/ld_arith_reg2 1540835478 \
      FL $XILINX/hw/XilinxProcessorIPLib/pcores/proc_common_v3_00_a/hdl/vhdl/ld_arith_reg2.vhd \
      PB ieee/std_logic_1164 1370735607
AR proc_common_v3_00_a/ld_arith_reg2/imp 1540835479 \
      FL $XILINX/hw/XilinxProcessorIPLib/pcores/proc_common_v3_00_a/hdl/vhdl/ld_arith_reg2.vhd \
      EN proc_common_v3_00_a/ld_arith_reg2 1540835478 LB unisim \
      PB ieee/NUMERIC_STD 1370735611 CP std_logic CP MULT_AND CP MUXCY CP XORCY \
      CP FDRE CP FDSE
FL $XILINX/hw/XilinxProcessorIPLib/pcores/proc_common_v3_00_a/hdl/vhdl/muxf_struct_f.vhd 2013/06/03.20:49:46 P.68d
EN proc_common_v3_00_a/muxf_struct 1540835413 \
      FL $XILINX/hw/XilinxProcessorIPLib/pcores/proc_common_v3_00_a/hdl/vhdl/muxf_struct_f.vhd \
      PB ieee/std_logic_1164 1370735607 LB proc_common_v3_00_a \
      PB proc_common_v3_00_a/proc_common_pkg 1540835410 \
      PB proc_common_v3_00_a/family_support 1540835408 LB unisim
AR proc_common_v3_00_a/muxf_struct/imp 1540835414 \
      FL $XILINX/hw/XilinxProcessorIPLib/pcores/proc_common_v3_00_a/hdl/vhdl/muxf_struct_f.vhd \
      EN proc_common_v3_00_a/muxf_struct 1540835413 LB proc_common_v3_00_a \
      LB unisim CP natural CP boolean CP proc_common_v3_00_a/muxf_struct CP MUXF5_D \
      CP MUXF6_D CP MUXF7_D CP MUXF8_D CP std_logic
EN proc_common_v3_00_a/muxf_struct_f 1540835415 \
      FL $XILINX/hw/XilinxProcessorIPLib/pcores/proc_common_v3_00_a/hdl/vhdl/muxf_struct_f.vhd \
      PB ieee/std_logic_1164 1370735607 LB proc_common_v3_00_a \
      PB proc_common_v3_00_a/proc_common_pkg 1540835410
AR proc_common_v3_00_a/muxf_struct_f/imp 1540835416 \
      FL $XILINX/hw/XilinxProcessorIPLib/pcores/proc_common_v3_00_a/hdl/vhdl/muxf_struct_f.vhd \
      EN proc_common_v3_00_a/muxf_struct_f 1540835415 \
      CP proc_common_v3_00_a/muxf_struct
FL $XILINX/hw/XilinxProcessorIPLib/pcores/proc_common_v3_00_a/hdl/vhdl/mux_onehot.vhd 2013/06/03.20:49:46 P.68d
EN proc_common_v3_00_a/mux_onehot 1540835480 \
      FL $XILINX/hw/XilinxProcessorIPLib/pcores/proc_common_v3_00_a/hdl/vhdl/mux_onehot.vhd \
      PB ieee/std_logic_1164 1370735607 LB unisim
AR proc_common_v3_00_a/mux_onehot/imp 1540835481 \
      FL $XILINX/hw/XilinxProcessorIPLib/pcores/proc_common_v3_00_a/hdl/vhdl/mux_onehot.vhd \
      EN proc_common_v3_00_a/mux_onehot 1540835480 CP MUXCY
FL $XILINX/hw/XilinxProcessorIPLib/pcores/proc_common_v3_00_a/hdl/vhdl/mux_onehot_f.vhd 2013/06/03.20:49:46 P.68d
EN proc_common_v3_00_a/mux_onehot_f 1540835508 \
      FL $XILINX/hw/XilinxProcessorIPLib/pcores/proc_common_v3_00_a/hdl/vhdl/mux_onehot_f.vhd \
      PB ieee/std_logic_1164 1370735607 LB proc_common_v3_00_a \
      PB proc_common_v3_00_a/family_support 1540835408
AR proc_common_v3_00_a/mux_onehot_f/imp 1540835509 \
      FL $XILINX/hw/XilinxProcessorIPLib/pcores/proc_common_v3_00_a/hdl/vhdl/mux_onehot_f.vhd \
      EN proc_common_v3_00_a/mux_onehot_f 1540835508 LB unisim CP positive \
      CP std_logic_vector CP MUXCY
FL $XILINX/hw/XilinxProcessorIPLib/pcores/proc_common_v3_00_a/hdl/vhdl/or_bits.vhd 2013/06/03.20:49:46 P.68d
EN proc_common_v3_00_a/or_bits 1540835482 \
      FL $XILINX/hw/XilinxProcessorIPLib/pcores/proc_common_v3_00_a/hdl/vhdl/or_bits.vhd \
      PB ieee/std_logic_1164 1370735607 LB unisim
AR proc_common_v3_00_a/or_bits/implementation 1540835483 \
      FL $XILINX/hw/XilinxProcessorIPLib/pcores/proc_common_v3_00_a/hdl/vhdl/or_bits.vhd \
      EN proc_common_v3_00_a/or_bits 1540835482 CP std_logic_vector CP MUXCY
FL $XILINX/hw/XilinxProcessorIPLib/pcores/proc_common_v3_00_a/hdl/vhdl/or_gate.vhd 2013/06/03.20:49:46 P.68d
EN proc_common_v3_00_a/or_gate 1540835484 \
      FL $XILINX/hw/XilinxProcessorIPLib/pcores/proc_common_v3_00_a/hdl/vhdl/or_gate.vhd \
      PB ieee/std_logic_1164 1370735607 PB ieee/std_logic_arith 1370735608 \
      PB ieee/STD_LOGIC_UNSIGNED 1370735609 LB proc_common_v3_00_a
AR proc_common_v3_00_a/or_gate/imp 1540835485 \
      FL $XILINX/hw/XilinxProcessorIPLib/pcores/proc_common_v3_00_a/hdl/vhdl/or_gate.vhd \
      EN proc_common_v3_00_a/or_gate 1540835484 CP std_logic_vector CP or_muxcy
FL $XILINX/hw/XilinxProcessorIPLib/pcores/proc_common_v3_00_a/hdl/vhdl/or_gate128.vhd 2013/06/03.20:49:46 P.68d
EN proc_common_v3_00_a/or_gate128 1540835522 \
      FL $XILINX/hw/XilinxProcessorIPLib/pcores/proc_common_v3_00_a/hdl/vhdl/or_gate128.vhd \
      PB ieee/std_logic_1164 1370735607 PB ieee/std_logic_arith 1370735608 \
      PB ieee/STD_LOGIC_UNSIGNED 1370735609 LB proc_common_v3_00_a
AR proc_common_v3_00_a/or_gate128/imp 1540835523 \
      FL $XILINX/hw/XilinxProcessorIPLib/pcores/proc_common_v3_00_a/hdl/vhdl/or_gate128.vhd \
      EN proc_common_v3_00_a/or_gate128 1540835522 CP std_logic_vector CP or_muxcy
FL $XILINX/hw/XilinxProcessorIPLib/pcores/proc_common_v3_00_a/hdl/vhdl/or_gate_f.vhd 2013/06/03.20:49:46 P.68d
EN proc_common_v3_00_a/or_gate_f 1540835516 \
      FL $XILINX/hw/XilinxProcessorIPLib/pcores/proc_common_v3_00_a/hdl/vhdl/or_gate_f.vhd \
      PB ieee/std_logic_1164 1370735607 PB ieee/std_logic_arith 1370735608 \
      PB ieee/STD_LOGIC_UNSIGNED 1370735609 LB proc_common_v3_00_a
AR proc_common_v3_00_a/or_gate_f/imp 1540835517 \
      FL $XILINX/hw/XilinxProcessorIPLib/pcores/proc_common_v3_00_a/hdl/vhdl/or_gate_f.vhd \
      EN proc_common_v3_00_a/or_gate_f 1540835516 CP std_logic_vector \
      CP proc_common_v3_00_a/or_muxcy_f
FL $XILINX/hw/XilinxProcessorIPLib/pcores/proc_common_v3_00_a/hdl/vhdl/or_muxcy.vhd 2013/06/03.20:49:46 P.68d
EN proc_common_v3_00_a/or_muxcy 1540835431 \
      FL $XILINX/hw/XilinxProcessorIPLib/pcores/proc_common_v3_00_a/hdl/vhdl/or_muxcy.vhd \
      PB ieee/std_logic_1164 1370735607 LB unisim
AR proc_common_v3_00_a/or_muxcy/implementation 1540835432 \
      FL $XILINX/hw/XilinxProcessorIPLib/pcores/proc_common_v3_00_a/hdl/vhdl/or_muxcy.vhd \
      EN proc_common_v3_00_a/or_muxcy 1540835431 CP std_logic_vector CP MUXCY
FL $XILINX/hw/XilinxProcessorIPLib/pcores/proc_common_v3_00_a/hdl/vhdl/or_muxcy_f.vhd 2013/06/03.20:49:46 P.68d
EN proc_common_v3_00_a/or_muxcy_f 1540835433 \
      FL $XILINX/hw/XilinxProcessorIPLib/pcores/proc_common_v3_00_a/hdl/vhdl/or_muxcy_f.vhd \
      PB ieee/std_logic_1164 1370735607
AR proc_common_v3_00_a/or_muxcy_f/implementation 1540835434 \
      FL $XILINX/hw/XilinxProcessorIPLib/pcores/proc_common_v3_00_a/hdl/vhdl/or_muxcy_f.vhd \
      EN proc_common_v3_00_a/or_muxcy_f 1540835433 LB proc_common_v3_00_a \
      PB proc_common_v3_00_a/family_support 1540835408 LB unisim CP positive \
      CP std_logic_vector CP std_logic CP MUXCY
FL $XILINX/hw/XilinxProcessorIPLib/pcores/proc_common_v3_00_a/hdl/vhdl/or_with_enable_f.vhd 2013/06/03.20:49:46 P.68d
EN proc_common_v3_00_a/or_with_enable_f 1540835504 \
      FL $XILINX/hw/XilinxProcessorIPLib/pcores/proc_common_v3_00_a/hdl/vhdl/or_with_enable_f.vhd \
      PB ieee/std_logic_1164 1370735607
AR proc_common_v3_00_a/or_with_enable_f/implementation 1540835505 \
      FL $XILINX/hw/XilinxProcessorIPLib/pcores/proc_common_v3_00_a/hdl/vhdl/or_with_enable_f.vhd \
      EN proc_common_v3_00_a/or_with_enable_f 1540835504 LB proc_common_v3_00_a \
      PB proc_common_v3_00_a/family_support 1540835408 LB unisim CP positive \
      CP std_logic_vector CP std_logic CP MUXCY
FL $XILINX/hw/XilinxProcessorIPLib/pcores/proc_common_v3_00_a/hdl/vhdl/pf_adder.vhd 2013/06/03.20:49:46 P.68d
EN proc_common_v3_00_a/pf_adder 1540835443 \
      FL $XILINX/hw/XilinxProcessorIPLib/pcores/proc_common_v3_00_a/hdl/vhdl/pf_adder.vhd \
      PB ieee/std_logic_1164 1370735607 LB unisim
AR proc_common_v3_00_a/pf_adder/implementation 1540835444 \
      FL $XILINX/hw/XilinxProcessorIPLib/pcores/proc_common_v3_00_a/hdl/vhdl/pf_adder.vhd \
      EN proc_common_v3_00_a/pf_adder 1540835443 CP pf_adder_bit
FL $XILINX/hw/XilinxProcessorIPLib/pcores/proc_common_v3_00_a/hdl/vhdl/pf_adder_bit.vhd 2013/06/03.20:49:46 P.68d
EN proc_common_v3_00_a/pf_adder_bit 1540835423 \
      FL $XILINX/hw/XilinxProcessorIPLib/pcores/proc_common_v3_00_a/hdl/vhdl/pf_adder_bit.vhd \
      PB ieee/std_logic_1164 1370735607 LB unisim LB proc_common_v3_00_a \
      EN proc_common_v3_00_a/inferred_lut4 1540835411
AR proc_common_v3_00_a/pf_adder_bit/implementation 1540835424 \
      FL $XILINX/hw/XilinxProcessorIPLib/pcores/proc_common_v3_00_a/hdl/vhdl/pf_adder_bit.vhd \
      EN proc_common_v3_00_a/pf_adder_bit 1540835423 CP inferred_lut4 CP MUXCY \
      CP XORCY CP FDRE
FL $XILINX/hw/XilinxProcessorIPLib/pcores/proc_common_v3_00_a/hdl/vhdl/pf_counter.vhd 2013/06/03.20:49:46 P.68d
EN proc_common_v3_00_a/pf_counter 1540835425 \
      FL $XILINX/hw/XilinxProcessorIPLib/pcores/proc_common_v3_00_a/hdl/vhdl/pf_counter.vhd \
      PB ieee/std_logic_1164 1370735607 LB unisim PH unisim/VCOMPONENTS 1370735613 \
      LB proc_common_v3_00_a EN proc_common_v3_00_a/pf_counter_bit 1540835417
AR proc_common_v3_00_a/pf_counter/implementation 1540835426 \
      FL $XILINX/hw/XilinxProcessorIPLib/pcores/proc_common_v3_00_a/hdl/vhdl/pf_counter.vhd \
      EN proc_common_v3_00_a/pf_counter 1540835425 \
      CP proc_common_v3_00_a/pf_counter_bit CP FDRE
FL $XILINX/hw/XilinxProcessorIPLib/pcores/proc_common_v3_00_a/hdl/vhdl/pf_counter_bit.vhd 2013/06/03.20:49:46 P.68d
EN proc_common_v3_00_a/pf_counter_bit 1540835417 \
      FL $XILINX/hw/XilinxProcessorIPLib/pcores/proc_common_v3_00_a/hdl/vhdl/pf_counter_bit.vhd \
      PB ieee/std_logic_1164 1370735607 LB unisim LB proc_common_v3_00_a \
      EN proc_common_v3_00_a/inferred_lut4 1540835411
AR proc_common_v3_00_a/pf_counter_bit/implementation 1540835418 \
      FL $XILINX/hw/XilinxProcessorIPLib/pcores/proc_common_v3_00_a/hdl/vhdl/pf_counter_bit.vhd \
      EN proc_common_v3_00_a/pf_counter_bit 1540835417 CP inferred_lut4 CP MUXCY \
      CP XORCY CP FDRE
FL $XILINX/hw/XilinxProcessorIPLib/pcores/proc_common_v3_00_a/hdl/vhdl/pf_counter_top.vhd 2013/06/03.20:49:46 P.68d
EN proc_common_v3_00_a/pf_counter_top 1540835441 \
      FL $XILINX/hw/XilinxProcessorIPLib/pcores/proc_common_v3_00_a/hdl/vhdl/pf_counter_top.vhd \
      PB ieee/std_logic_1164 1370735607 LB unisim PH unisim/VCOMPONENTS 1370735613 \
      LB proc_common_v3_00_a EN proc_common_v3_00_a/pf_counter 1540835425
AR proc_common_v3_00_a/pf_counter_top/implementation 1540835442 \
      FL $XILINX/hw/XilinxProcessorIPLib/pcores/proc_common_v3_00_a/hdl/vhdl/pf_counter_top.vhd \
      EN proc_common_v3_00_a/pf_counter_top 1540835441 \
      CP proc_common_v3_00_a/pf_counter
FL $XILINX/hw/XilinxProcessorIPLib/pcores/proc_common_v3_00_a/hdl/vhdl/pf_dpram_select.vhd 2013/06/03.20:49:46 P.68d
EN proc_common_v3_00_a/pf_dpram_select 1540835486 \
      FL $XILINX/hw/XilinxProcessorIPLib/pcores/proc_common_v3_00_a/hdl/vhdl/pf_dpram_select.vhd \
      PB ieee/std_logic_1164 1370735607 PB ieee/NUMERIC_STD 1370735611 LB unisim
AR proc_common_v3_00_a/pf_dpram_select/implementation 1540835487 \
      FL $XILINX/hw/XilinxProcessorIPLib/pcores/proc_common_v3_00_a/hdl/vhdl/pf_dpram_select.vhd \
      EN proc_common_v3_00_a/pf_dpram_select 1540835486 CP in CP out CP integer \
      CP dbus_slice_array CP pdbus_slice_array CP std_logic_vector CP std_logic \
      CP RAMB16_S36_S36 CP RAMB16_S18_S18 CP RAMB16_S9_S9 CP RAMB16_S4_S4 \
      CP RAMB16_S2_S2 CP RAMB16_S1_S1 CP RAMB4_S1_S1 CP RAMB4_S2_S2 CP RAMB4_S4_S4 \
      CP RAMB4_S8_S8 CP RAMB4_S16_S16
FL $XILINX/hw/XilinxProcessorIPLib/pcores/proc_common_v3_00_a/hdl/vhdl/pf_occ_counter.vhd 2013/06/03.20:49:46 P.68d
EN proc_common_v3_00_a/pf_occ_counter 1540835427 \
      FL $XILINX/hw/XilinxProcessorIPLib/pcores/proc_common_v3_00_a/hdl/vhdl/pf_occ_counter.vhd \
      PB ieee/std_logic_1164 1370735607 LB unisim PH unisim/VCOMPONENTS 1370735613 \
      LB proc_common_v3_00_a EN proc_common_v3_00_a/pf_counter_bit 1540835417
AR proc_common_v3_00_a/pf_occ_counter/implementation 1540835428 \
      FL $XILINX/hw/XilinxProcessorIPLib/pcores/proc_common_v3_00_a/hdl/vhdl/pf_occ_counter.vhd \
      EN proc_common_v3_00_a/pf_occ_counter 1540835427 CP MUXCY \
      CP proc_common_v3_00_a/pf_counter_bit
FL $XILINX/hw/XilinxProcessorIPLib/pcores/proc_common_v3_00_a/hdl/vhdl/pf_occ_counter_top.vhd 2013/06/03.20:49:46 P.68d
EN proc_common_v3_00_a/pf_occ_counter_top 1540835439 \
      FL $XILINX/hw/XilinxProcessorIPLib/pcores/proc_common_v3_00_a/hdl/vhdl/pf_occ_counter_top.vhd \
      PB ieee/std_logic_1164 1370735607 LB unisim PH unisim/VCOMPONENTS 1370735613 \
      LB proc_common_v3_00_a EN proc_common_v3_00_a/pf_occ_counter 1540835427
AR proc_common_v3_00_a/pf_occ_counter_top/implementation 1540835440 \
      FL $XILINX/hw/XilinxProcessorIPLib/pcores/proc_common_v3_00_a/hdl/vhdl/pf_occ_counter_top.vhd \
      EN proc_common_v3_00_a/pf_occ_counter_top 1540835439 \
      CP proc_common_v3_00_a/pf_occ_counter
FL $XILINX/hw/XilinxProcessorIPLib/pcores/proc_common_v3_00_a/hdl/vhdl/proc_common_pkg.vhd 2013/06/03.20:49:46 P.68d
PH proc_common_v3_00_a/proc_common_pkg 1540835409 \
      FL $XILINX/hw/XilinxProcessorIPLib/pcores/proc_common_v3_00_a/hdl/vhdl/proc_common_pkg.vhd \
      PB ieee/std_logic_1164 1370735607 PB ieee/std_logic_arith 1370735608 \
      PB ieee/STD_LOGIC_UNSIGNED 1370735609
PB proc_common_v3_00_a/proc_common_pkg 1540835410 \
      FL $XILINX/hw/XilinxProcessorIPLib/pcores/proc_common_v3_00_a/hdl/vhdl/proc_common_pkg.vhd \
      PH proc_common_v3_00_a/proc_common_pkg 1540835409
FL $XILINX/hw/XilinxProcessorIPLib/pcores/proc_common_v3_00_a/hdl/vhdl/pselect.vhd 2013/06/03.20:49:46 P.68d
EN proc_common_v3_00_a/pselect 1540835488 \
      FL $XILINX/hw/XilinxProcessorIPLib/pcores/proc_common_v3_00_a/hdl/vhdl/pselect.vhd \
      PB ieee/std_logic_1164 1370735607 PB ieee/std_logic_arith 1370735608 \
      PB ieee/STD_LOGIC_UNSIGNED 1370735609 LB unisim
AR proc_common_v3_00_a/pselect/imp 1540835489 \
      FL $XILINX/hw/XilinxProcessorIPLib/pcores/proc_common_v3_00_a/hdl/vhdl/pselect.vhd \
      EN proc_common_v3_00_a/pselect 1540835488 CP std_logic_vector CP MUXCY
FL $XILINX/hw/XilinxProcessorIPLib/pcores/proc_common_v3_00_a/hdl/vhdl/pselect_f.vhd 2013/06/03.20:49:46 P.68d
EN proc_common_v3_00_a/pselect_f 1540835520 \
      FL $XILINX/hw/XilinxProcessorIPLib/pcores/proc_common_v3_00_a/hdl/vhdl/pselect_f.vhd \
      PB ieee/std_logic_1164 1370735607 LB unisim LB proc_common_v3_00_a \
      PB proc_common_v3_00_a/family_support 1540835408
AR proc_common_v3_00_a/pselect_f/imp 1540835521 \
      FL $XILINX/hw/XilinxProcessorIPLib/pcores/proc_common_v3_00_a/hdl/vhdl/pselect_f.vhd \
      EN proc_common_v3_00_a/pselect_f 1540835520 CP integer CP std_logic_vector \
      CP natural CP positive CP MUXCY
FL $XILINX/hw/XilinxProcessorIPLib/pcores/proc_common_v3_00_a/hdl/vhdl/pselect_mask.vhd 2013/06/03.20:49:46 P.68d
EN proc_common_v3_00_a/pselect_mask 1540835490 \
      FL $XILINX/hw/XilinxProcessorIPLib/pcores/proc_common_v3_00_a/hdl/vhdl/pselect_mask.vhd \
      PB ieee/std_logic_1164 1370735607 PB ieee/std_logic_arith 1370735608 \
      PB ieee/STD_LOGIC_UNSIGNED 1370735609 LB unisim
AR proc_common_v3_00_a/pselect_mask/imp 1540835491 \
      FL $XILINX/hw/XilinxProcessorIPLib/pcores/proc_common_v3_00_a/hdl/vhdl/pselect_mask.vhd \
      EN proc_common_v3_00_a/pselect_mask 1540835490 LB unisim
FL $XILINX/hw/XilinxProcessorIPLib/pcores/proc_common_v3_00_a/hdl/vhdl/soft_reset.vhd 2013/06/03.20:49:46 P.68d
EN proc_common_v3_00_a/soft_reset 1540835518 \
      FL $XILINX/hw/XilinxProcessorIPLib/pcores/proc_common_v3_00_a/hdl/vhdl/soft_reset.vhd \
      PB ieee/std_logic_1164 1370735607 PB ieee/NUMERIC_STD 1370735611 LB unisim \
      PH unisim/VCOMPONENTS 1370735613
AR proc_common_v3_00_a/soft_reset/implementation 1540835519 \
      FL $XILINX/hw/XilinxProcessorIPLib/pcores/proc_common_v3_00_a/hdl/vhdl/soft_reset.vhd \
      EN proc_common_v3_00_a/soft_reset 1540835518 CP FDRSE
FL $XILINX/hw/XilinxProcessorIPLib/pcores/proc_common_v3_00_a/hdl/vhdl/srl16_fifo.vhd 2013/06/03.20:49:46 P.68d
EN proc_common_v3_00_a/srl16_fifo 1540835492 \
      FL $XILINX/hw/XilinxProcessorIPLib/pcores/proc_common_v3_00_a/hdl/vhdl/srl16_fifo.vhd \
      LB unisim PH unisim/VCOMPONENTS 1370735613 LB proc_common_v3_00_a \
      EN proc_common_v3_00_a/pf_adder 1540835443 \
      EN proc_common_v3_00_a/pf_counter_top 1540835441 \
      EN proc_common_v3_00_a/pf_occ_counter_top 1540835439 PB ieee/std_logic_1164 1370735607 \
      PB ieee/std_logic_arith 1370735608 PB ieee/STD_LOGIC_UNSIGNED 1370735609
AR proc_common_v3_00_a/srl16_fifo/implementation 1540835493 \
      FL $XILINX/hw/XilinxProcessorIPLib/pcores/proc_common_v3_00_a/hdl/vhdl/srl16_fifo.vhd \
      EN proc_common_v3_00_a/srl16_fifo 1540835492 \
      CP proc_common_v3_00_a/pf_occ_counter_top \
      CP proc_common_v3_00_a/pf_counter_top CP SRL16E CP boolean CP integer \
      CP std_logic_vector CP proc_common_v3_00_a/pf_adder
FL $XILINX/hw/XilinxProcessorIPLib/pcores/proc_common_v3_00_a/hdl/vhdl/srl_fifo.vhd 2013/06/03.20:49:46 P.68d
EN proc_common_v3_00_a/SRL_FIFO 1540835494 \
      FL $XILINX/hw/XilinxProcessorIPLib/pcores/proc_common_v3_00_a/hdl/vhdl/srl_fifo.vhd \
      PB ieee/std_logic_1164 1370735607 LB unisim
AR proc_common_v3_00_a/SRL_FIFO/IMP 1540835495 \
      FL $XILINX/hw/XilinxProcessorIPLib/pcores/proc_common_v3_00_a/hdl/vhdl/srl_fifo.vhd \
      EN proc_common_v3_00_a/SRL_FIFO 1540835494 CP FDR CP MUXCY_L CP XORCY CP FDRE \
      CP SRL16E
FL $XILINX/hw/XilinxProcessorIPLib/pcores/proc_common_v3_00_a/hdl/vhdl/srl_fifo2.vhd 2013/06/03.20:49:46 P.68d
EN proc_common_v3_00_a/srl_fifo2 1540835496 \
      FL $XILINX/hw/XilinxProcessorIPLib/pcores/proc_common_v3_00_a/hdl/vhdl/srl_fifo2.vhd \
      LB unisim PB ieee/std_logic_1164 1370735607 PB ieee/std_logic_arith 1370735608
AR proc_common_v3_00_a/srl_fifo2/imp 1540835497 \
      FL $XILINX/hw/XilinxProcessorIPLib/pcores/proc_common_v3_00_a/hdl/vhdl/srl_fifo2.vhd \
      EN proc_common_v3_00_a/srl_fifo2 1540835496 CP FDR CP MUXCY_L CP XORCY CP FDRE \
      CP SRL16E
FL $XILINX/hw/XilinxProcessorIPLib/pcores/proc_common_v3_00_a/hdl/vhdl/srl_fifo3.vhd 2013/06/03.20:49:46 P.68d
EN proc_common_v3_00_a/srl_fifo3 1540835498 \
      FL $XILINX/hw/XilinxProcessorIPLib/pcores/proc_common_v3_00_a/hdl/vhdl/srl_fifo3.vhd \
      PB ieee/std_logic_1164 1370735607 PB ieee/std_logic_arith 1370735608 \
      PB ieee/STD_LOGIC_UNSIGNED 1370735609 PB ieee/NUMERIC_STD 1370735611 \
      LB proc_common_v3_00_a PB proc_common_v3_00_a/family 1540835438 LB unisim \
      PH unisim/VCOMPONENTS 1370735613
AR proc_common_v3_00_a/srl_fifo3/imp 1540835499 \
      FL $XILINX/hw/XilinxProcessorIPLib/pcores/proc_common_v3_00_a/hdl/vhdl/srl_fifo3.vhd \
      EN proc_common_v3_00_a/srl_fifo3 1540835498 CP std_logic_vector CP std_logic \
      CP in CP out CP FDR CP MUXCY_L CP XORCY CP FDRE CP SRL16E CP bit_vector CP LUT3 \
      CP SRLC16E CP MUXF5 CP MUXF6
FL $XILINX/hw/XilinxProcessorIPLib/pcores/proc_common_v3_00_a/hdl/vhdl/srl_fifo_f.vhd 2013/06/03.20:49:46 P.68d
EN proc_common_v3_00_a/srl_fifo_f 1540835510 \
      FL $XILINX/hw/XilinxProcessorIPLib/pcores/proc_common_v3_00_a/hdl/vhdl/srl_fifo_f.vhd \
      PB ieee/std_logic_1164 1370735607 LB proc_common_v3_00_a \
      PB proc_common_v3_00_a/proc_common_pkg 1540835410
AR proc_common_v3_00_a/srl_fifo_f/imp 1540835511 \
      FL $XILINX/hw/XilinxProcessorIPLib/pcores/proc_common_v3_00_a/hdl/vhdl/srl_fifo_f.vhd \
      EN proc_common_v3_00_a/srl_fifo_f 1540835510 LB proc_common_v3_00_a \
      PB proc_common_v3_00_a/proc_common_pkg 1540835410 \
      CP proc_common_v3_00_a/srl_fifo_rbu_f
FL $XILINX/hw/XilinxProcessorIPLib/pcores/proc_common_v3_00_a/hdl/vhdl/srl_fifo_rbu.vhd 2013/06/03.20:49:46 P.68d
EN proc_common_v3_00_a/srl_fifo_rbu 1540835500 \
      FL $XILINX/hw/XilinxProcessorIPLib/pcores/proc_common_v3_00_a/hdl/vhdl/srl_fifo_rbu.vhd \
      LB unisim LB proc_common_v3_00_a PB ieee/std_logic_1164 1370735607 \
      PB ieee/NUMERIC_STD 1370735611 PB proc_common_v3_00_a/proc_common_pkg 1540835410
AR proc_common_v3_00_a/srl_fifo_rbu/imp 1540835501 \
      FL $XILINX/hw/XilinxProcessorIPLib/pcores/proc_common_v3_00_a/hdl/vhdl/srl_fifo_rbu.vhd \
      EN proc_common_v3_00_a/srl_fifo_rbu 1540835500 CP MUXCY_L CP XORCY CP FDS \
      CP SRL16E
FL $XILINX/hw/XilinxProcessorIPLib/pcores/proc_common_v3_00_a/hdl/vhdl/srl_fifo_rbu_f.vhd 2013/06/03.20:49:46 P.68d
EN proc_common_v3_00_a/srl_fifo_rbu_f 1540835435 \
      FL $XILINX/hw/XilinxProcessorIPLib/pcores/proc_common_v3_00_a/hdl/vhdl/srl_fifo_rbu_f.vhd \
      PB ieee/std_logic_1164 1370735607 PB ieee/NUMERIC_STD 1370735611 \
      LB proc_common_v3_00_a PB proc_common_v3_00_a/proc_common_pkg 1540835410
AR proc_common_v3_00_a/srl_fifo_rbu_f/imp 1540835436 \
      FL $XILINX/hw/XilinxProcessorIPLib/pcores/proc_common_v3_00_a/hdl/vhdl/srl_fifo_rbu_f.vhd \
      EN proc_common_v3_00_a/srl_fifo_rbu_f 1540835435 \
      CP proc_common_v3_00_a/cntr_incr_decr_addn_f \
      CP proc_common_v3_00_a/dynshreg_f
FL $XILINX/hw/XilinxProcessorIPLib/pcores/proc_common_v3_00_a/hdl/vhdl/sync_fifo_fg.vhd 2013/06/03.20:49:46 P.68d
EN proc_common_v3_00_a/sync_fifo_fg 1540835454 \
      FL $XILINX/hw/XilinxProcessorIPLib/pcores/proc_common_v3_00_a/hdl/vhdl/sync_fifo_fg.vhd \
      PB ieee/std_logic_1164 1370735607 PB ieee/NUMERIC_STD 1370735611 \
      LB proc_common_v3_00_a PH proc_common_v3_00_a/coregen_comp_defs 1540835447 \
      PB proc_common_v3_00_a/proc_common_pkg 1540835410 \
      PB proc_common_v3_00_a/family_support 1540835408
AR proc_common_v3_00_a/sync_fifo_fg/implementation 1540835455 \
      FL $XILINX/hw/XilinxProcessorIPLib/pcores/proc_common_v3_00_a/hdl/vhdl/sync_fifo_fg.vhd \
      EN proc_common_v3_00_a/sync_fifo_fg 1540835454 CP fifo_generator_v4_3 \
      CP fifo_generator_v9_3
FL $XILINX/hw/XilinxProcessorIPLib/pcores/proc_common_v3_00_a/hdl/vhdl/valid_be.vhd 2013/06/03.20:49:46 P.68d
EN proc_common_v3_00_a/valid_be 1540835502 \
      FL $XILINX/hw/XilinxProcessorIPLib/pcores/proc_common_v3_00_a/hdl/vhdl/valid_be.vhd \
      PB ieee/std_logic_1164 1370735607 PB ieee/std_logic_arith 1370735608 \
      PB ieee/STD_LOGIC_SIGNED 1370735609 LB proc_common_v3_00_a \
      PB proc_common_v3_00_a/proc_common_pkg 1540835410
AR proc_common_v3_00_a/valid_be/implementation 1540835503 \
      FL $XILINX/hw/XilinxProcessorIPLib/pcores/proc_common_v3_00_a/hdl/vhdl/valid_be.vhd \
      EN proc_common_v3_00_a/valid_be 1540835502
