AR system_dip_switches_8bit_wrapper structure C:/Users/CS152B/Desktop/cs152b/Lab3/Lab3/synthesis/parallel_run/hdl/system_dip_switches_8bit_wrapper.vhd sub00/vhpl01 1540408763
EN system_dip_switches_8bit_wrapper NULL C:/Users/CS152B/Desktop/cs152b/Lab3/Lab3/synthesis/parallel_run/hdl/system_dip_switches_8bit_wrapper.vhd sub00/vhpl00 1540408762
