AR plb_address_decoder imp C:/Xilinx/14.6/ISE_DS/EDK/hw/XilinxProcessorIPLib/pcores/plbv46_slave_single_v1_01_a/hdl/vhdl/plb_address_decoder.vhd sub00/vhpl01 1540835509
EN plbv46_slave_single NULL C:/Xilinx/14.6/ISE_DS/EDK/hw/XilinxProcessorIPLib/pcores/plbv46_slave_single_v1_01_a/hdl/vhdl/plbv46_slave_single.vhd sub00/vhpl04 1540835522
AR plbv46_slave_single implementation C:/Xilinx/14.6/ISE_DS/EDK/hw/XilinxProcessorIPLib/pcores/plbv46_slave_single_v1_01_a/hdl/vhdl/plbv46_slave_single.vhd sub00/vhpl05 1540835523
AR plb_slave_attachment implementation C:/Xilinx/14.6/ISE_DS/EDK/hw/XilinxProcessorIPLib/pcores/plbv46_slave_single_v1_01_a/hdl/vhdl/plb_slave_attachment.vhd sub00/vhpl03 1540835521
EN plb_address_decoder NULL C:/Xilinx/14.6/ISE_DS/EDK/hw/XilinxProcessorIPLib/pcores/plbv46_slave_single_v1_01_a/hdl/vhdl/plb_address_decoder.vhd sub00/vhpl00 1540835508
EN plb_slave_attachment NULL C:/Xilinx/14.6/ISE_DS/EDK/hw/XilinxProcessorIPLib/pcores/plbv46_slave_single_v1_01_a/hdl/vhdl/plb_slave_attachment.vhd sub00/vhpl02 1540835520
