V3 269
FL $XILINX/hw/XilinxProcessorIPLib/pcores/mpmc_v6_06_a/hdl/vhdl/MemXLib_arch.vhd 2013/06/03.20:49:40 P.68d
EN mpmc_v6_06_a/dp_ram 1540835397 \
      FL $XILINX/hw/XilinxProcessorIPLib/pcores/mpmc_v6_06_a/hdl/vhdl/MemXLib_arch.vhd \
      PB ieee/std_logic_1164 1370735607 PB ieee/STD_LOGIC_UNSIGNED 1370735609 \
      PB ieee/std_logic_arith 1370735608 PB mpmc_v6_06_a/memxlib_utils 1540835318
AR mpmc_v6_06_a/dp_ram/rtl 1540835398 \
      FL $XILINX/hw/XilinxProcessorIPLib/pcores/mpmc_v6_06_a/hdl/vhdl/MemXLib_arch.vhd \
      EN mpmc_v6_06_a/dp_ram 1540835397
EN mpmc_v6_06_a/sp_ram 1540835399 \
      FL $XILINX/hw/XilinxProcessorIPLib/pcores/mpmc_v6_06_a/hdl/vhdl/MemXLib_arch.vhd \
      PB ieee/std_logic_1164 1370735607 PB ieee/STD_LOGIC_UNSIGNED 1370735609 \
      PB mpmc_v6_06_a/memxlib_utils 1540835318
AR mpmc_v6_06_a/sp_ram/rtl 1540835400 \
      FL $XILINX/hw/XilinxProcessorIPLib/pcores/mpmc_v6_06_a/hdl/vhdl/MemXLib_arch.vhd \
      EN mpmc_v6_06_a/sp_ram 1540835399
EN mpmc_v6_06_a/synch_fifo 1540835401 \
      FL $XILINX/hw/XilinxProcessorIPLib/pcores/mpmc_v6_06_a/hdl/vhdl/MemXLib_arch.vhd \
      PB ieee/std_logic_1164 1370735607 PB ieee/STD_LOGIC_UNSIGNED 1370735609 \
      PB ieee/std_logic_arith 1370735608 PB mpmc_v6_06_a/memxlib_utils 1540835318
AR mpmc_v6_06_a/synch_fifo/rtl 1540835402 \
      FL $XILINX/hw/XilinxProcessorIPLib/pcores/mpmc_v6_06_a/hdl/vhdl/MemXLib_arch.vhd \
      EN mpmc_v6_06_a/synch_fifo 1540835401 AR mpmc_v6_06_a/dp_ram/rtl 1540835398
EN mpmc_v6_06_a/ObjFifo_cons_ctl 1540835403 \
      FL $XILINX/hw/XilinxProcessorIPLib/pcores/mpmc_v6_06_a/hdl/vhdl/MemXLib_arch.vhd \
      PB ieee/std_logic_1164 1370735607 PB ieee/std_logic_arith 1370735608 \
      PB ieee/STD_LOGIC_UNSIGNED 1370735609 PB mpmc_v6_06_a/memxlib_utils 1540835318
AR mpmc_v6_06_a/ObjFifo_cons_ctl/structure 1540835404 \
      FL $XILINX/hw/XilinxProcessorIPLib/pcores/mpmc_v6_06_a/hdl/vhdl/MemXLib_arch.vhd \
      EN mpmc_v6_06_a/ObjFifo_cons_ctl 1540835403
EN mpmc_v6_06_a/ObjFifo_prod_ctl 1540835405 \
      FL $XILINX/hw/XilinxProcessorIPLib/pcores/mpmc_v6_06_a/hdl/vhdl/MemXLib_arch.vhd \
      PB ieee/std_logic_1164 1370735607 PB ieee/std_logic_arith 1370735608 \
      PB ieee/STD_LOGIC_UNSIGNED 1370735609 PB mpmc_v6_06_a/memxlib_utils 1540835318
AR mpmc_v6_06_a/ObjFifo_prod_ctl/structure 1540835406 \
      FL $XILINX/hw/XilinxProcessorIPLib/pcores/mpmc_v6_06_a/hdl/vhdl/MemXLib_arch.vhd \
      EN mpmc_v6_06_a/ObjFifo_prod_ctl 1540835405
EN mpmc_v6_06_a/ObjFifo 1540835407 \
      FL $XILINX/hw/XilinxProcessorIPLib/pcores/mpmc_v6_06_a/hdl/vhdl/MemXLib_arch.vhd \
      PB ieee/std_logic_1164 1370735607 PB ieee/std_logic_arith 1370735608 \
      PB mpmc_v6_06_a/memxlib_utils 1540835318
AR mpmc_v6_06_a/ObjFifo/structure 1540835408 \
      FL $XILINX/hw/XilinxProcessorIPLib/pcores/mpmc_v6_06_a/hdl/vhdl/MemXLib_arch.vhd \
      EN mpmc_v6_06_a/ObjFifo 1540835407 AR mpmc_v6_06_a/dp_ram/rtl 1540835398 \
      AR mpmc_v6_06_a/ObjFifo_prod_ctl/structure 1540835406 \
      AR mpmc_v6_06_a/ObjFifo_cons_ctl/structure 1540835404
EN mpmc_v6_06_a/dp_ram_async 1540835409 \
      FL $XILINX/hw/XilinxProcessorIPLib/pcores/mpmc_v6_06_a/hdl/vhdl/MemXLib_arch.vhd \
      PB ieee/std_logic_1164 1370735607 PB ieee/STD_LOGIC_UNSIGNED 1370735609 \
      PB ieee/std_logic_arith 1370735608 PB mpmc_v6_06_a/memxlib_utils 1540835318
AR mpmc_v6_06_a/dp_ram_async/rtl 1540835410 \
      FL $XILINX/hw/XilinxProcessorIPLib/pcores/mpmc_v6_06_a/hdl/vhdl/MemXLib_arch.vhd \
      EN mpmc_v6_06_a/dp_ram_async 1540835409
EN mpmc_v6_06_a/ObjFifoAsync 1540835411 \
      FL $XILINX/hw/XilinxProcessorIPLib/pcores/mpmc_v6_06_a/hdl/vhdl/MemXLib_arch.vhd \
      PB ieee/std_logic_1164 1370735607 PB ieee/std_logic_arith 1370735608 \
      PB mpmc_v6_06_a/memxlib_utils 1540835318
AR mpmc_v6_06_a/ObjFifoAsync/structure 1540835412 \
      FL $XILINX/hw/XilinxProcessorIPLib/pcores/mpmc_v6_06_a/hdl/vhdl/MemXLib_arch.vhd \
      EN mpmc_v6_06_a/ObjFifoAsync 1540835411 AR mpmc_v6_06_a/dp_ram_async/rtl 1540835410 \
      AR mpmc_v6_06_a/ObjFifo_prod_ctl/structure 1540835406 \
      AR mpmc_v6_06_a/ObjFifo_cons_ctl/structure 1540835404
EN mpmc_v6_06_a/async_fifo 1540835413 \
      FL $XILINX/hw/XilinxProcessorIPLib/pcores/mpmc_v6_06_a/hdl/vhdl/MemXLib_arch.vhd \
      PB ieee/std_logic_1164 1370735607 PB ieee/STD_LOGIC_UNSIGNED 1370735609 \
      PB ieee/std_logic_arith 1370735608 PB mpmc_v6_06_a/memxlib_utils 1540835318
AR mpmc_v6_06_a/async_fifo/rtl 1540835414 \
      FL $XILINX/hw/XilinxProcessorIPLib/pcores/mpmc_v6_06_a/hdl/vhdl/MemXLib_arch.vhd \
      EN mpmc_v6_06_a/async_fifo 1540835413 AR mpmc_v6_06_a/dp_ram_async/rtl 1540835410
FL $XILINX/hw/XilinxProcessorIPLib/pcores/mpmc_v6_06_a/hdl/vhdl/MemXLib_utils.vhd 2013/06/03.20:49:40 P.68d
PH mpmc_v6_06_a/memxlib_utils 1540835317 \
      FL $XILINX/hw/XilinxProcessorIPLib/pcores/mpmc_v6_06_a/hdl/vhdl/MemXLib_utils.vhd \
      PB ieee/std_logic_1164 1370735607 PB ieee/std_logic_arith 1370735608 \
      PB ieee/STD_LOGIC_SIGNED 1370735609
PB mpmc_v6_06_a/memxlib_utils 1540835318 \
      FL $XILINX/hw/XilinxProcessorIPLib/pcores/mpmc_v6_06_a/hdl/vhdl/MemXLib_utils.vhd \
      PH mpmc_v6_06_a/memxlib_utils 1540835317
FL $XILINX/hw/XilinxProcessorIPLib/pcores/mpmc_v6_06_a/hdl/vhdl/mpmc_ctrl_if.vhd 2013/06/03.20:49:40 P.68d
EN mpmc_v6_06_a/mpmc_ctrl_if 1540835523 \
      FL $XILINX/hw/XilinxProcessorIPLib/pcores/mpmc_v6_06_a/hdl/vhdl/mpmc_ctrl_if.vhd \
      PB ieee/std_logic_1164 1370735607 PB ieee/std_logic_arith 1370735608 \
      PB ieee/STD_LOGIC_UNSIGNED 1370735609 LB proc_common_v3_00_a \
      LB plbv46_slave_single_v1_01_a PB proc_common_v3_00_a/proc_common_pkg 1540835279 \
      PB proc_common_v3_00_a/ipif_pkg 1540835396 \
      EN plbv46_slave_single_v1_01_a/plbv46_slave_single 1540835507
AR mpmc_v6_06_a/mpmc_ctrl_if/IMP 1540835524 \
      FL $XILINX/hw/XilinxProcessorIPLib/pcores/mpmc_v6_06_a/hdl/vhdl/mpmc_ctrl_if.vhd \
      EN mpmc_v6_06_a/mpmc_ctrl_if 1540835523 \
      CP plbv46_slave_single_v1_01_a/plbv46_slave_single CP mpmc_ctrl_logic
FL $XILINX/hw/XilinxProcessorIPLib/pcores/mpmc_v6_06_a/hdl/vhdl/ObjFifoAsyncDiffW.vhd 2013/06/03.20:49:40 P.68d
EN mpmc_v6_06_a/ObjFifo_cons_ctl_async 1540835473 \
      FL $XILINX/hw/XilinxProcessorIPLib/pcores/mpmc_v6_06_a/hdl/vhdl/ObjFifoAsyncDiffW.vhd \
      PB ieee/std_logic_1164 1370735607 PB ieee/std_logic_arith 1370735608 \
      PB ieee/STD_LOGIC_UNSIGNED 1370735609 PB mpmc_v6_06_a/memxlib_utils 1540835318
AR mpmc_v6_06_a/ObjFifo_cons_ctl_async/structure 1540835474 \
      FL $XILINX/hw/XilinxProcessorIPLib/pcores/mpmc_v6_06_a/hdl/vhdl/ObjFifoAsyncDiffW.vhd \
      EN mpmc_v6_06_a/ObjFifo_cons_ctl_async 1540835473
EN mpmc_v6_06_a/ObjFifo_prod_ctl_async 1540835475 \
      FL $XILINX/hw/XilinxProcessorIPLib/pcores/mpmc_v6_06_a/hdl/vhdl/ObjFifoAsyncDiffW.vhd \
      PB ieee/std_logic_1164 1370735607 PB ieee/std_logic_arith 1370735608 \
      PB ieee/STD_LOGIC_UNSIGNED 1370735609 PB mpmc_v6_06_a/memxlib_utils 1540835318
AR mpmc_v6_06_a/ObjFifo_prod_ctl_async/structure 1540835476 \
      FL $XILINX/hw/XilinxProcessorIPLib/pcores/mpmc_v6_06_a/hdl/vhdl/ObjFifoAsyncDiffW.vhd \
      EN mpmc_v6_06_a/ObjFifo_prod_ctl_async 1540835475
EN mpmc_v6_06_a/ObjFifoAsyncDiffW 1540835477 \
      FL $XILINX/hw/XilinxProcessorIPLib/pcores/mpmc_v6_06_a/hdl/vhdl/ObjFifoAsyncDiffW.vhd \
      PB ieee/std_logic_1164 1370735607 PB ieee/std_logic_arith 1370735608 \
      PB ieee/STD_LOGIC_UNSIGNED 1370735609 PB mpmc_v6_06_a/memxlib_utils 1540835318
AR mpmc_v6_06_a/ObjFifoAsyncDiffW/rtl 1540835478 \
      FL $XILINX/hw/XilinxProcessorIPLib/pcores/mpmc_v6_06_a/hdl/vhdl/ObjFifoAsyncDiffW.vhd \
      EN mpmc_v6_06_a/ObjFifoAsyncDiffW 1540835477 \
      AR mpmc_v6_06_a/dp_ram_async_diffw/ramb 1540835426 \
      CP mpmc_v6_06_a/ObjFifo_prod_ctl_async \
      AR mpmc_v6_06_a/ObjFifo_cons_ctl_async/structure 1540835474
FL $XILINX/hw/XilinxProcessorIPLib/pcores/mpmc_v6_06_a/hdl/vhdl/plbv46_address_decoder.vhd 2013/06/03.20:49:40 P.68d
EN mpmc_v6_06_a/plbv46_address_decoder 1540835489 \
      FL $XILINX/hw/XilinxProcessorIPLib/pcores/mpmc_v6_06_a/hdl/vhdl/plbv46_address_decoder.vhd \
      PB ieee/std_logic_1164 1370735607 PB ieee/NUMERIC_STD 1370735611 LB unisim \
      PH unisim/VCOMPONENTS 1370735613 LB mpmc_v6_06_a
AR mpmc_v6_06_a/plbv46_address_decoder/RTL 1540835490 \
      FL $XILINX/hw/XilinxProcessorIPLib/pcores/mpmc_v6_06_a/hdl/vhdl/plbv46_address_decoder.vhd \
      EN mpmc_v6_06_a/plbv46_address_decoder 1540835489 \
      CP mpmc_v6_06_a/plbv46_sample_cycle CP std_logic_vector CP std_logic \
      CP unsigned CP integer
FL $XILINX/hw/XilinxProcessorIPLib/pcores/mpmc_v6_06_a/hdl/vhdl/plbv46_address_decoder_dsplb.vhd 2013/06/03.20:49:40 P.68d
EN mpmc_v6_06_a/plbv46_address_decoder_dsplb 1540835495 \
      FL $XILINX/hw/XilinxProcessorIPLib/pcores/mpmc_v6_06_a/hdl/vhdl/plbv46_address_decoder_dsplb.vhd \
      PB ieee/std_logic_1164 1370735607 PB ieee/NUMERIC_STD 1370735611 LB unisim \
      PH unisim/VCOMPONENTS 1370735613 LB mpmc_v6_06_a
AR mpmc_v6_06_a/plbv46_address_decoder_dsplb/RTL 1540835496 \
      FL $XILINX/hw/XilinxProcessorIPLib/pcores/mpmc_v6_06_a/hdl/vhdl/plbv46_address_decoder_dsplb.vhd \
      EN mpmc_v6_06_a/plbv46_address_decoder_dsplb 1540835495 \
      CP mpmc_v6_06_a/plbv46_sample_cycle CP std_logic_vector CP unsigned \
      CP integer
FL $XILINX/hw/XilinxProcessorIPLib/pcores/mpmc_v6_06_a/hdl/vhdl/plbv46_address_decoder_isplb.vhd 2013/06/03.20:49:40 P.68d
EN mpmc_v6_06_a/plbv46_address_decoder_isplb 1540835499 \
      FL $XILINX/hw/XilinxProcessorIPLib/pcores/mpmc_v6_06_a/hdl/vhdl/plbv46_address_decoder_isplb.vhd \
      PB ieee/std_logic_1164 1370735607 PB ieee/NUMERIC_STD 1370735611 LB unisim \
      PH unisim/VCOMPONENTS 1370735613 LB mpmc_v6_06_a
AR mpmc_v6_06_a/plbv46_address_decoder_isplb/RTL 1540835500 \
      FL $XILINX/hw/XilinxProcessorIPLib/pcores/mpmc_v6_06_a/hdl/vhdl/plbv46_address_decoder_isplb.vhd \
      EN mpmc_v6_06_a/plbv46_address_decoder_isplb 1540835499 \
      CP mpmc_v6_06_a/plbv46_sample_cycle CP std_logic_vector CP unsigned \
      CP integer
FL $XILINX/hw/XilinxProcessorIPLib/pcores/mpmc_v6_06_a/hdl/vhdl/plbv46_address_decoder_single.vhd 2013/06/03.20:49:40 P.68d
EN mpmc_v6_06_a/plbv46_address_decoder_single 1540835503 \
      FL $XILINX/hw/XilinxProcessorIPLib/pcores/mpmc_v6_06_a/hdl/vhdl/plbv46_address_decoder_single.vhd \
      PB ieee/std_logic_1164 1370735607 PB ieee/NUMERIC_STD 1370735611 LB unisim \
      PH unisim/VCOMPONENTS 1370735613 LB mpmc_v6_06_a
AR mpmc_v6_06_a/plbv46_address_decoder_single/RTL 1540835504 \
      FL $XILINX/hw/XilinxProcessorIPLib/pcores/mpmc_v6_06_a/hdl/vhdl/plbv46_address_decoder_single.vhd \
      EN mpmc_v6_06_a/plbv46_address_decoder_single 1540835503 \
      CP mpmc_v6_06_a/plbv46_sample_cycle CP std_logic_vector CP std_logic \
      CP unsigned
FL $XILINX/hw/XilinxProcessorIPLib/pcores/mpmc_v6_06_a/hdl/vhdl/plbv46_data_steer_mirror.vhd 2013/06/03.20:49:40 P.68d
EN mpmc_v6_06_a/plbv46_data_steer_mirror 1540835427 \
      FL $XILINX/hw/XilinxProcessorIPLib/pcores/mpmc_v6_06_a/hdl/vhdl/plbv46_data_steer_mirror.vhd \
      PB ieee/std_logic_1164 1370735607 PB ieee/NUMERIC_STD 1370735611 LB unisim
AR mpmc_v6_06_a/plbv46_data_steer_mirror/implementation 1540835428 \
      FL $XILINX/hw/XilinxProcessorIPLib/pcores/mpmc_v6_06_a/hdl/vhdl/plbv46_data_steer_mirror.vhd \
      EN mpmc_v6_06_a/plbv46_data_steer_mirror 1540835427 CP std_logic_vector
FL $XILINX/hw/XilinxProcessorIPLib/pcores/mpmc_v6_06_a/hdl/vhdl/plbv46_pim.vhd 2013/06/03.20:49:40 P.68d
EN mpmc_v6_06_a/plbv46_pim 1540835517 \
      FL $XILINX/hw/XilinxProcessorIPLib/pcores/mpmc_v6_06_a/hdl/vhdl/plbv46_pim.vhd \
      PB ieee/std_logic_1164 1370735607 PB ieee/std_logic_arith 1370735608 \
      LB unisim PH unisim/VCOMPONENTS 1370735613 LB mpmc_v6_06_a
AR mpmc_v6_06_a/plbv46_pim/rtl_pim 1540835518 \
      FL $XILINX/hw/XilinxProcessorIPLib/pcores/mpmc_v6_06_a/hdl/vhdl/plbv46_pim.vhd \
      EN mpmc_v6_06_a/plbv46_pim 1540835517 CP std_logic CP std_logic_vector \
      CP mpmc_v6_06_a/plbv46_address_decoder CP mpmc_v6_06_a/plbv46_write_module \
      CP mpmc_v6_06_a/plbv46_rd_support CP integer \
      CP mpmc_v6_06_a/plbv46_address_decoder_dsplb \
      CP mpmc_v6_06_a/plbv46_rd_support_dsplb \
      CP mpmc_v6_06_a/plbv46_address_decoder_isplb \
      CP mpmc_v6_06_a/plbv46_rd_support_isplb \
      CP mpmc_v6_06_a/plbv46_address_decoder_single \
      CP mpmc_v6_06_a/plbv46_rd_support_single
FL $XILINX/hw/XilinxProcessorIPLib/pcores/mpmc_v6_06_a/hdl/vhdl/plbv46_pim_wrapper.vhd 2013/06/03.20:49:40 P.68d
EN mpmc_v6_06_a/plbv46_pim_wrapper 1540835529 \
      FL $XILINX/hw/XilinxProcessorIPLib/pcores/mpmc_v6_06_a/hdl/vhdl/plbv46_pim_wrapper.vhd \
      PB ieee/std_logic_1164 1370735607 PB ieee/std_logic_arith 1370735608 \
      LB unisim PH unisim/VCOMPONENTS 1370735613 LB mpmc_v6_06_a
AR mpmc_v6_06_a/plbv46_pim_wrapper/rtl_pim 1540835530 \
      FL $XILINX/hw/XilinxProcessorIPLib/pcores/mpmc_v6_06_a/hdl/vhdl/plbv46_pim_wrapper.vhd \
      EN mpmc_v6_06_a/plbv46_pim_wrapper 1540835529 CP mpmc_v6_06_a/plbv46_pim
FL $XILINX/hw/XilinxProcessorIPLib/pcores/mpmc_v6_06_a/hdl/vhdl/plbv46_rd_support.vhd 2013/06/03.20:49:40 P.68d
EN mpmc_v6_06_a/plbv46_rd_support 1540835493 \
      FL $XILINX/hw/XilinxProcessorIPLib/pcores/mpmc_v6_06_a/hdl/vhdl/plbv46_rd_support.vhd \
      PB ieee/std_logic_1164 1370735607 PB ieee/NUMERIC_STD 1370735611 \
      PB ieee/STD_LOGIC_UNSIGNED 1370735609 PB ieee/std_logic_arith 1370735608 \
      LB proc_common_v3_00_a LB mpmc_v6_06_a LB unisim PH unisim/VCOMPONENTS 1370735613 \
      EN proc_common_v3_00_a/srl_fifo_f 1540835383 \
      EN mpmc_v6_06_a/plbv46_data_steer_mirror 1540835427
AR mpmc_v6_06_a/plbv46_rd_support/implementation 1540835494 \
      FL $XILINX/hw/XilinxProcessorIPLib/pcores/mpmc_v6_06_a/hdl/vhdl/plbv46_rd_support.vhd \
      EN mpmc_v6_06_a/plbv46_rd_support 1540835493 CP integer CP std_logic_vector \
      CP std_logic CP XFER_WIDTH_TYPE CP mpmc_v6_06_a/plbv46_data_steer_mirror \
      CP proc_common_v3_00_a/srl_fifo_f
FL $XILINX/hw/XilinxProcessorIPLib/pcores/mpmc_v6_06_a/hdl/vhdl/plbv46_rd_support_dsplb.vhd 2013/06/03.20:49:40 P.68d
EN mpmc_v6_06_a/plbv46_rd_support_dsplb 1540835497 \
      FL $XILINX/hw/XilinxProcessorIPLib/pcores/mpmc_v6_06_a/hdl/vhdl/plbv46_rd_support_dsplb.vhd \
      PB ieee/std_logic_1164 1370735607 PB ieee/NUMERIC_STD 1370735611 \
      PB ieee/STD_LOGIC_UNSIGNED 1370735609 PB ieee/std_logic_arith 1370735608 \
      LB proc_common_v3_00_a LB mpmc_v6_06_a LB unisim PH unisim/VCOMPONENTS 1370735613 \
      EN proc_common_v3_00_a/srl_fifo_f 1540835383 \
      EN mpmc_v6_06_a/plbv46_data_steer_mirror 1540835427
AR mpmc_v6_06_a/plbv46_rd_support_dsplb/implementation 1540835498 \
      FL $XILINX/hw/XilinxProcessorIPLib/pcores/mpmc_v6_06_a/hdl/vhdl/plbv46_rd_support_dsplb.vhd \
      EN mpmc_v6_06_a/plbv46_rd_support_dsplb 1540835497 CP std_logic \
      CP XFER_WIDTH_TYPE CP mpmc_v6_06_a/plbv46_data_steer_mirror \
      CP proc_common_v3_00_a/srl_fifo_f
FL $XILINX/hw/XilinxProcessorIPLib/pcores/mpmc_v6_06_a/hdl/vhdl/plbv46_rd_support_isplb.vhd 2013/06/03.20:49:40 P.68d
EN mpmc_v6_06_a/plbv46_rd_support_isplb 1540835501 \
      FL $XILINX/hw/XilinxProcessorIPLib/pcores/mpmc_v6_06_a/hdl/vhdl/plbv46_rd_support_isplb.vhd \
      PB ieee/std_logic_1164 1370735607 PB ieee/NUMERIC_STD 1370735611 \
      PB ieee/STD_LOGIC_UNSIGNED 1370735609 PB ieee/std_logic_arith 1370735608 \
      LB proc_common_v3_00_a LB mpmc_v6_06_a LB unisim PH unisim/VCOMPONENTS 1370735613 \
      EN proc_common_v3_00_a/srl_fifo_f 1540835383 \
      EN mpmc_v6_06_a/plbv46_data_steer_mirror 1540835427
AR mpmc_v6_06_a/plbv46_rd_support_isplb/implementation 1540835502 \
      FL $XILINX/hw/XilinxProcessorIPLib/pcores/mpmc_v6_06_a/hdl/vhdl/plbv46_rd_support_isplb.vhd \
      EN mpmc_v6_06_a/plbv46_rd_support_isplb 1540835501 CP std_logic \
      CP XFER_WIDTH_TYPE CP mpmc_v6_06_a/plbv46_data_steer_mirror \
      CP proc_common_v3_00_a/srl_fifo_f
FL $XILINX/hw/XilinxProcessorIPLib/pcores/mpmc_v6_06_a/hdl/vhdl/plbv46_rd_support_single.vhd 2013/06/03.20:49:40 P.68d
EN mpmc_v6_06_a/plbv46_rd_support_single 1540835505 \
      FL $XILINX/hw/XilinxProcessorIPLib/pcores/mpmc_v6_06_a/hdl/vhdl/plbv46_rd_support_single.vhd \
      PB ieee/std_logic_1164 1370735607 PB ieee/NUMERIC_STD 1370735611 \
      PB ieee/STD_LOGIC_UNSIGNED 1370735609 PB ieee/std_logic_arith 1370735608 \
      LB mpmc_v6_06_a LB unisim PH unisim/VCOMPONENTS 1370735613 \
      EN mpmc_v6_06_a/plbv46_data_steer_mirror 1540835427
AR mpmc_v6_06_a/plbv46_rd_support_single/implementation 1540835506 \
      FL $XILINX/hw/XilinxProcessorIPLib/pcores/mpmc_v6_06_a/hdl/vhdl/plbv46_rd_support_single.vhd \
      EN mpmc_v6_06_a/plbv46_rd_support_single 1540835505 CP std_logic_vector \
      CP std_logic CP integer CP XFER_WIDTH_TYPE \
      CP mpmc_v6_06_a/plbv46_data_steer_mirror
FL $XILINX/hw/XilinxProcessorIPLib/pcores/mpmc_v6_06_a/hdl/vhdl/plbv46_sample_cycle.vhd 2013/06/03.20:49:40 P.68d
EN mpmc_v6_06_a/plbv46_sample_cycle 1540835429 \
      FL $XILINX/hw/XilinxProcessorIPLib/pcores/mpmc_v6_06_a/hdl/vhdl/plbv46_sample_cycle.vhd \
      PB ieee/std_logic_1164 1370735607 PB ieee/NUMERIC_STD 1370735611 \
      PB ieee/std_logic_misc 1370735608 LB unisim PH unisim/VCOMPONENTS 1370735613
AR mpmc_v6_06_a/plbv46_sample_cycle/implementation 1540835430 \
      FL $XILINX/hw/XilinxProcessorIPLib/pcores/mpmc_v6_06_a/hdl/vhdl/plbv46_sample_cycle.vhd \
      EN mpmc_v6_06_a/plbv46_sample_cycle 1540835429
FL $XILINX/hw/XilinxProcessorIPLib/pcores/mpmc_v6_06_a/hdl/vhdl/plbv46_write_module.vhd 2013/06/03.20:49:40 P.68d
EN mpmc_v6_06_a/plbv46_write_module 1540835491 \
      FL $XILINX/hw/XilinxProcessorIPLib/pcores/mpmc_v6_06_a/hdl/vhdl/plbv46_write_module.vhd \
      PB ieee/std_logic_1164 1370735607 PB ieee/NUMERIC_STD 1370735611 \
      PB ieee/std_logic_misc 1370735608 LB proc_common_v3_00_a LB unisim \
      PH unisim/VCOMPONENTS 1370735613 PB proc_common_v3_00_a/proc_common_pkg 1540835279
AR mpmc_v6_06_a/plbv46_write_module/implementation 1540835492 \
      FL $XILINX/hw/XilinxProcessorIPLib/pcores/mpmc_v6_06_a/hdl/vhdl/plbv46_write_module.vhd \
      EN mpmc_v6_06_a/plbv46_write_module 1540835491 CP WRITE_STATE_TYPE \
      CP std_logic CP integer CP std_logic_vector
FL $XILINX/hw/XilinxProcessorIPLib/pcores/mpmc_v6_06_a/hdl/vhdl/PrimXLib_arch.vhd 2013/06/03.20:49:40 P.68d
EN mpmc_v6_06_a/dp_ram_async_diffw 1540835425 \
      FL $XILINX/hw/XilinxProcessorIPLib/pcores/mpmc_v6_06_a/hdl/vhdl/PrimXLib_arch.vhd \
      PB ieee/std_logic_1164 1370735607 PB ieee/STD_LOGIC_UNSIGNED 1370735609 \
      PB ieee/std_logic_arith 1370735608 LB unisim PH unisim/VCOMPONENTS 1370735613 \
      PB mpmc_v6_06_a/memxlib_utils 1540835318
AR mpmc_v6_06_a/dp_ram_async_diffw/ramb 1540835426 \
      FL $XILINX/hw/XilinxProcessorIPLib/pcores/mpmc_v6_06_a/hdl/vhdl/PrimXLib_arch.vhd \
      EN mpmc_v6_06_a/dp_ram_async_diffw 1540835425 CP ramb16 CP RAMB16_S36_S36 \
      CP RAMB16_S18_S18 CP RAMB16_S18_S36 CP RAMB16_S9_S9 CP RAMB16_S9_S18 \
      CP RAMB16_S9_S36 CP RAMB16_S4_S4 CP RAMB16_S4_S9 CP RAMB16_S4_S18 \
      CP RAMB16_S4_S36 CP RAMB16_S2_S2 CP RAMB16_S2_S4 CP RAMB16_S2_S9 \
      CP RAMB16_S2_S18 CP RAMB16_S2_S36 CP RAMB16_S1_S1 CP RAMB16_S1_S2 \
      CP RAMB16_S1_S4 CP RAMB16_S1_S9 CP RAMB16_S1_S18 CP RAMB16_S1_S36 \
      CP mpmc_v6_06_a/dp_ram_async
FL $XILINX/hw/XilinxProcessorIPLib/pcores/mpmc_v6_06_a/hdl/vhdl/p_vfbc.vhd 2013/06/03.20:49:40 P.68d
PH mpmc_v6_06_a/p_vfbc 1540835471 \
      FL $XILINX/hw/XilinxProcessorIPLib/pcores/mpmc_v6_06_a/hdl/vhdl/p_vfbc.vhd \
      PB ieee/std_logic_1164 1370735607 PB ieee/STD_LOGIC_UNSIGNED 1370735609 \
      PB ieee/std_logic_arith 1370735608 PB mpmc_v6_06_a/memxlib_utils 1540835318
PB mpmc_v6_06_a/p_vfbc 1540835472 \
      FL $XILINX/hw/XilinxProcessorIPLib/pcores/mpmc_v6_06_a/hdl/vhdl/p_vfbc.vhd \
      PH mpmc_v6_06_a/p_vfbc 1540835471
FL $XILINX/hw/XilinxProcessorIPLib/pcores/mpmc_v6_06_a/hdl/vhdl/sdma.vhd 2013/06/03.20:49:40 P.68d
EN mpmc_v6_06_a/sdma 1540835519 \
      FL $XILINX/hw/XilinxProcessorIPLib/pcores/mpmc_v6_06_a/hdl/vhdl/sdma.vhd \
      PB ieee/std_logic_1164 1370735607 PB ieee/NUMERIC_STD 1370735611 \
      PB ieee/std_logic_misc 1370735608 LB proc_common_v3_00_a LB unisim \
      PH unisim/VCOMPONENTS 1370735613 LB mpmc_v6_06_a \
      LB plbv46_slave_single_v1_01_a PB proc_common_v3_00_a/proc_common_pkg 1540835279 \
      PB proc_common_v3_00_a/family_support 1540835277 \
      PB proc_common_v3_00_a/ipif_pkg 1540835396 PB mpmc_v6_06_a/sdma_pkg 1540835416
AR mpmc_v6_06_a/sdma/implementation 1540835520 \
      FL $XILINX/hw/XilinxProcessorIPLib/pcores/mpmc_v6_06_a/hdl/vhdl/sdma.vhd \
      EN mpmc_v6_06_a/sdma 1540835519 CP mpmc_v6_06_a/sdma_cntl \
      CP mpmc_v6_06_a/sdma_datapath \
      CP plbv46_slave_single_v1_01_a/plbv46_slave_single
FL $XILINX/hw/XilinxProcessorIPLib/pcores/mpmc_v6_06_a/hdl/vhdl/sdma_address_counter.vhd 2013/06/03.20:49:40 P.68d
EN mpmc_v6_06_a/sdma_address_counter 1540835435 \
      FL $XILINX/hw/XilinxProcessorIPLib/pcores/mpmc_v6_06_a/hdl/vhdl/sdma_address_counter.vhd \
      PB ieee/std_logic_1164 1370735607 PB ieee/NUMERIC_STD 1370735611 \
      PB ieee/std_logic_misc 1370735608 LB proc_common_v3_00_a LB unisim \
      PH unisim/VCOMPONENTS 1370735613 LB mpmc_v6_06_a \
      PB proc_common_v3_00_a/proc_common_pkg 1540835279 \
      PB proc_common_v3_00_a/family_support 1540835277 \
      PB proc_common_v3_00_a/ipif_pkg 1540835396 PB mpmc_v6_06_a/sdma_pkg 1540835416
AR mpmc_v6_06_a/sdma_address_counter/implementation 1540835436 \
      FL $XILINX/hw/XilinxProcessorIPLib/pcores/mpmc_v6_06_a/hdl/vhdl/sdma_address_counter.vhd \
      EN mpmc_v6_06_a/sdma_address_counter 1540835435
FL $XILINX/hw/XilinxProcessorIPLib/pcores/mpmc_v6_06_a/hdl/vhdl/sdma_addr_arbiter.vhd 2013/06/03.20:49:40 P.68d
EN mpmc_v6_06_a/sdma_addr_arbiter 1540835451 \
      FL $XILINX/hw/XilinxProcessorIPLib/pcores/mpmc_v6_06_a/hdl/vhdl/sdma_addr_arbiter.vhd \
      PB ieee/std_logic_1164 1370735607 PB ieee/NUMERIC_STD 1370735611 \
      PB ieee/std_logic_misc 1370735608 LB proc_common_v3_00_a LB unisim \
      PH unisim/VCOMPONENTS 1370735613 LB mpmc_v6_06_a \
      PB proc_common_v3_00_a/proc_common_pkg 1540835279 \
      PB proc_common_v3_00_a/family_support 1540835277 \
      PB proc_common_v3_00_a/ipif_pkg 1540835396 PB mpmc_v6_06_a/sdma_pkg 1540835416
AR mpmc_v6_06_a/sdma_addr_arbiter/implementation 1540835452 \
      FL $XILINX/hw/XilinxProcessorIPLib/pcores/mpmc_v6_06_a/hdl/vhdl/sdma_addr_arbiter.vhd \
      EN mpmc_v6_06_a/sdma_addr_arbiter 1540835451
FL $XILINX/hw/XilinxProcessorIPLib/pcores/mpmc_v6_06_a/hdl/vhdl/sdma_channel_status_reg.vhd 2013/06/03.20:49:40 P.68d
EN mpmc_v6_06_a/sdma_channel_status_reg 1540835433 \
      FL $XILINX/hw/XilinxProcessorIPLib/pcores/mpmc_v6_06_a/hdl/vhdl/sdma_channel_status_reg.vhd \
      PB ieee/std_logic_1164 1370735607 PB ieee/NUMERIC_STD 1370735611 \
      PB ieee/std_logic_misc 1370735608 LB proc_common_v3_00_a LB unisim \
      PH unisim/VCOMPONENTS 1370735613 LB mpmc_v6_06_a \
      PB proc_common_v3_00_a/proc_common_pkg 1540835279 \
      PB proc_common_v3_00_a/family_support 1540835277 \
      PB proc_common_v3_00_a/ipif_pkg 1540835396 PB mpmc_v6_06_a/sdma_pkg 1540835416
AR mpmc_v6_06_a/sdma_channel_status_reg/implementation 1540835434 \
      FL $XILINX/hw/XilinxProcessorIPLib/pcores/mpmc_v6_06_a/hdl/vhdl/sdma_channel_status_reg.vhd \
      EN mpmc_v6_06_a/sdma_channel_status_reg 1540835433
FL $XILINX/hw/XilinxProcessorIPLib/pcores/mpmc_v6_06_a/hdl/vhdl/sdma_cntl.vhd 2013/06/03.20:49:40 P.68d
EN mpmc_v6_06_a/sdma_cntl 1540835509 \
      FL $XILINX/hw/XilinxProcessorIPLib/pcores/mpmc_v6_06_a/hdl/vhdl/sdma_cntl.vhd \
      PB ieee/std_logic_1164 1370735607 PB ieee/NUMERIC_STD 1370735611 \
      PB ieee/std_logic_misc 1370735608 LB proc_common_v3_00_a LB unisim \
      PH unisim/VCOMPONENTS 1370735613 LB mpmc_v6_06_a \
      PB proc_common_v3_00_a/proc_common_pkg 1540835279 \
      PB proc_common_v3_00_a/family_support 1540835277 \
      PB proc_common_v3_00_a/ipif_pkg 1540835396 PB mpmc_v6_06_a/sdma_pkg 1540835416
AR mpmc_v6_06_a/sdma_cntl/implementation 1540835510 \
      FL $XILINX/hw/XilinxProcessorIPLib/pcores/mpmc_v6_06_a/hdl/vhdl/sdma_cntl.vhd \
      EN mpmc_v6_06_a/sdma_cntl 1540835509 CP mpmc_v6_06_a/sdma_ipic_if \
      CP mpmc_v6_06_a/sdma_interrupt_register \
      CP mpmc_v6_06_a/sdma_dmac_regfile_arb CP mpmc_v6_06_a/sdma_read_data_delay \
      CP mpmc_v6_06_a/sdma_addr_arbiter CP mpmc_v6_06_a/sdma_port_arbiter \
      CP mpmc_v6_06_a/sdma_tx_write_handler CP mpmc_v6_06_a/sdma_tx_read_handler \
      CP mpmc_v6_06_a/sdma_tx_port_controller CP mpmc_v6_06_a/sdma_tx_rx_state \
      CP mpmc_v6_06_a/sdma_rx_write_handler CP mpmc_v6_06_a/sdma_rx_read_handler \
      CP mpmc_v6_06_a/sdma_rx_port_controller
FL $XILINX/hw/XilinxProcessorIPLib/pcores/mpmc_v6_06_a/hdl/vhdl/sdma_datapath.vhd 2013/06/03.20:49:40 P.68d
EN mpmc_v6_06_a/sdma_datapath 1540835511 \
      FL $XILINX/hw/XilinxProcessorIPLib/pcores/mpmc_v6_06_a/hdl/vhdl/sdma_datapath.vhd \
      PB ieee/std_logic_1164 1370735607 PB ieee/NUMERIC_STD 1370735611 \
      PB ieee/std_logic_misc 1370735608 LB proc_common_v3_00_a LB unisim \
      PH unisim/VCOMPONENTS 1370735613 LB mpmc_v6_06_a \
      PB proc_common_v3_00_a/proc_common_pkg 1540835279 \
      PB proc_common_v3_00_a/family_support 1540835277 \
      PB proc_common_v3_00_a/ipif_pkg 1540835396 PB mpmc_v6_06_a/sdma_pkg 1540835416
AR mpmc_v6_06_a/sdma_datapath/implementation 1540835512 \
      FL $XILINX/hw/XilinxProcessorIPLib/pcores/mpmc_v6_06_a/hdl/vhdl/sdma_datapath.vhd \
      EN mpmc_v6_06_a/sdma_datapath 1540835511 CP RAM16X1S \
      CP mpmc_v6_06_a/sdma_reset_module CP mpmc_v6_06_a/sdma_channel_status_reg \
      CP mpmc_v6_06_a/sdma_address_counter CP mpmc_v6_06_a/sdma_length_counter \
      CP mpmc_v6_06_a/sdma_tx_byte_shifter CP mpmc_v6_06_a/sdma_RX_Byte_Shifter
FL $XILINX/hw/XilinxProcessorIPLib/pcores/mpmc_v6_06_a/hdl/vhdl/sdma_dmac_regfile_arb.vhd 2013/06/03.20:49:40 P.68d
EN mpmc_v6_06_a/sdma_dmac_regfile_arb 1540835447 \
      FL $XILINX/hw/XilinxProcessorIPLib/pcores/mpmc_v6_06_a/hdl/vhdl/sdma_dmac_regfile_arb.vhd \
      PB ieee/std_logic_1164 1370735607 PB ieee/NUMERIC_STD 1370735611 \
      PB ieee/std_logic_misc 1370735608 LB proc_common_v3_00_a LB unisim \
      PH unisim/VCOMPONENTS 1370735613 LB mpmc_v6_06_a \
      PB proc_common_v3_00_a/proc_common_pkg 1540835279 \
      PB proc_common_v3_00_a/family_support 1540835277 \
      PB proc_common_v3_00_a/ipif_pkg 1540835396 PB mpmc_v6_06_a/sdma_pkg 1540835416
AR mpmc_v6_06_a/sdma_dmac_regfile_arb/implementation 1540835448 \
      FL $XILINX/hw/XilinxProcessorIPLib/pcores/mpmc_v6_06_a/hdl/vhdl/sdma_dmac_regfile_arb.vhd \
      EN mpmc_v6_06_a/sdma_dmac_regfile_arb 1540835447
FL $XILINX/hw/XilinxProcessorIPLib/pcores/mpmc_v6_06_a/hdl/vhdl/sdma_interrupt_register.vhd 2013/06/03.20:49:40 P.68d
EN mpmc_v6_06_a/sdma_interrupt_register 1540835445 \
      FL $XILINX/hw/XilinxProcessorIPLib/pcores/mpmc_v6_06_a/hdl/vhdl/sdma_interrupt_register.vhd \
      PB ieee/std_logic_1164 1370735607 PB ieee/NUMERIC_STD 1370735611 \
      PB ieee/std_logic_misc 1370735608 LB proc_common_v3_00_a LB unisim \
      PH unisim/VCOMPONENTS 1370735613 LB mpmc_v6_06_a \
      PB proc_common_v3_00_a/proc_common_pkg 1540835279 \
      PB proc_common_v3_00_a/family_support 1540835277 \
      PB proc_common_v3_00_a/ipif_pkg 1540835396 PB mpmc_v6_06_a/sdma_pkg 1540835416
AR mpmc_v6_06_a/sdma_interrupt_register/implementation 1540835446 \
      FL $XILINX/hw/XilinxProcessorIPLib/pcores/mpmc_v6_06_a/hdl/vhdl/sdma_interrupt_register.vhd \
      EN mpmc_v6_06_a/sdma_interrupt_register 1540835445
FL $XILINX/hw/XilinxProcessorIPLib/pcores/mpmc_v6_06_a/hdl/vhdl/sdma_ipic_if.vhd 2013/06/03.20:49:40 P.68d
EN mpmc_v6_06_a/sdma_ipic_if 1540835443 \
      FL $XILINX/hw/XilinxProcessorIPLib/pcores/mpmc_v6_06_a/hdl/vhdl/sdma_ipic_if.vhd \
      PB ieee/std_logic_1164 1370735607 PB ieee/NUMERIC_STD 1370735611 \
      PB ieee/std_logic_misc 1370735608 LB proc_common_v3_00_a LB unisim \
      PH unisim/VCOMPONENTS 1370735613 LB mpmc_v6_06_a \
      PB proc_common_v3_00_a/proc_common_pkg 1540835279 \
      PB proc_common_v3_00_a/family_support 1540835277 \
      PB proc_common_v3_00_a/ipif_pkg 1540835396 PB mpmc_v6_06_a/sdma_pkg 1540835416
AR mpmc_v6_06_a/sdma_ipic_if/implementation 1540835444 \
      FL $XILINX/hw/XilinxProcessorIPLib/pcores/mpmc_v6_06_a/hdl/vhdl/sdma_ipic_if.vhd \
      EN mpmc_v6_06_a/sdma_ipic_if 1540835443 CP mpmc_v6_06_a/sdma_sample_cycle
FL $XILINX/hw/XilinxProcessorIPLib/pcores/mpmc_v6_06_a/hdl/vhdl/sdma_length_counter.vhd 2013/06/03.20:49:40 P.68d
EN mpmc_v6_06_a/sdma_length_counter 1540835437 \
      FL $XILINX/hw/XilinxProcessorIPLib/pcores/mpmc_v6_06_a/hdl/vhdl/sdma_length_counter.vhd \
      PB ieee/std_logic_1164 1370735607 PB ieee/NUMERIC_STD 1370735611 \
      PB ieee/std_logic_misc 1370735608 LB proc_common_v3_00_a LB unisim \
      PH unisim/VCOMPONENTS 1370735613 LB mpmc_v6_06_a \
      PB proc_common_v3_00_a/proc_common_pkg 1540835279 \
      PB proc_common_v3_00_a/family_support 1540835277 \
      PB proc_common_v3_00_a/ipif_pkg 1540835396 PB mpmc_v6_06_a/sdma_pkg 1540835416
AR mpmc_v6_06_a/sdma_length_counter/implementation 1540835438 \
      FL $XILINX/hw/XilinxProcessorIPLib/pcores/mpmc_v6_06_a/hdl/vhdl/sdma_length_counter.vhd \
      EN mpmc_v6_06_a/sdma_length_counter 1540835437
FL $XILINX/hw/XilinxProcessorIPLib/pcores/mpmc_v6_06_a/hdl/vhdl/sdma_pkg.vhd 2013/06/03.20:49:40 P.68d
PH mpmc_v6_06_a/sdma_pkg 1540835415 \
      FL $XILINX/hw/XilinxProcessorIPLib/pcores/mpmc_v6_06_a/hdl/vhdl/sdma_pkg.vhd \
      PB ieee/std_logic_1164 1370735607 PB ieee/NUMERIC_STD 1370735611 \
      PB ieee/std_logic_misc 1370735608 LB proc_common_v3_00_a LB unisim \
      PH unisim/VCOMPONENTS 1370735613 LB mpmc_v6_06_a \
      PB proc_common_v3_00_a/proc_common_pkg 1540835279 \
      PB proc_common_v3_00_a/family_support 1540835277 \
      PB proc_common_v3_00_a/ipif_pkg 1540835396
PB mpmc_v6_06_a/sdma_pkg 1540835416 \
      FL $XILINX/hw/XilinxProcessorIPLib/pcores/mpmc_v6_06_a/hdl/vhdl/sdma_pkg.vhd \
      PH mpmc_v6_06_a/sdma_pkg 1540835415
FL $XILINX/hw/XilinxProcessorIPLib/pcores/mpmc_v6_06_a/hdl/vhdl/sdma_port_arbiter.vhd 2013/06/03.20:49:40 P.68d
EN mpmc_v6_06_a/sdma_port_arbiter 1540835453 \
      FL $XILINX/hw/XilinxProcessorIPLib/pcores/mpmc_v6_06_a/hdl/vhdl/sdma_port_arbiter.vhd \
      PB ieee/std_logic_1164 1370735607 PB ieee/NUMERIC_STD 1370735611 \
      PB ieee/std_logic_misc 1370735608 LB proc_common_v3_00_a LB unisim \
      PH unisim/VCOMPONENTS 1370735613 LB mpmc_v6_06_a \
      PB proc_common_v3_00_a/proc_common_pkg 1540835279 \
      PB proc_common_v3_00_a/family_support 1540835277 \
      PB proc_common_v3_00_a/ipif_pkg 1540835396 PB mpmc_v6_06_a/sdma_pkg 1540835416
AR mpmc_v6_06_a/sdma_port_arbiter/implementation 1540835454 \
      FL $XILINX/hw/XilinxProcessorIPLib/pcores/mpmc_v6_06_a/hdl/vhdl/sdma_port_arbiter.vhd \
      EN mpmc_v6_06_a/sdma_port_arbiter 1540835453
FL $XILINX/hw/XilinxProcessorIPLib/pcores/mpmc_v6_06_a/hdl/vhdl/sdma_read_data_delay.vhd 2013/06/03.20:49:40 P.68d
EN mpmc_v6_06_a/sdma_read_data_delay 1540835449 \
      FL $XILINX/hw/XilinxProcessorIPLib/pcores/mpmc_v6_06_a/hdl/vhdl/sdma_read_data_delay.vhd \
      PB ieee/std_logic_1164 1370735607 PB ieee/NUMERIC_STD 1370735611 \
      PB ieee/std_logic_misc 1370735608 LB proc_common_v3_00_a LB unisim \
      PH unisim/VCOMPONENTS 1370735613 LB mpmc_v6_06_a \
      PB proc_common_v3_00_a/proc_common_pkg 1540835279 \
      PB proc_common_v3_00_a/family_support 1540835277 \
      PB proc_common_v3_00_a/ipif_pkg 1540835396 PB mpmc_v6_06_a/sdma_pkg 1540835416
AR mpmc_v6_06_a/sdma_read_data_delay/implementation 1540835450 \
      FL $XILINX/hw/XilinxProcessorIPLib/pcores/mpmc_v6_06_a/hdl/vhdl/sdma_read_data_delay.vhd \
      EN mpmc_v6_06_a/sdma_read_data_delay 1540835449
FL $XILINX/hw/XilinxProcessorIPLib/pcores/mpmc_v6_06_a/hdl/vhdl/sdma_reset_module.vhd 2013/06/03.20:49:40 P.68d
EN mpmc_v6_06_a/sdma_reset_module 1540835431 \
      FL $XILINX/hw/XilinxProcessorIPLib/pcores/mpmc_v6_06_a/hdl/vhdl/sdma_reset_module.vhd \
      PB ieee/std_logic_1164 1370735607 PB ieee/NUMERIC_STD 1370735611 \
      PB ieee/std_logic_misc 1370735608 LB proc_common_v3_00_a LB unisim \
      PH unisim/VCOMPONENTS 1370735613 LB mpmc_v6_06_a \
      PB proc_common_v3_00_a/proc_common_pkg 1540835279 \
      PB proc_common_v3_00_a/family_support 1540835277 \
      PB proc_common_v3_00_a/ipif_pkg 1540835396 PB mpmc_v6_06_a/sdma_pkg 1540835416
AR mpmc_v6_06_a/sdma_reset_module/implementation 1540835432 \
      FL $XILINX/hw/XilinxProcessorIPLib/pcores/mpmc_v6_06_a/hdl/vhdl/sdma_reset_module.vhd \
      EN mpmc_v6_06_a/sdma_reset_module 1540835431
FL $XILINX/hw/XilinxProcessorIPLib/pcores/mpmc_v6_06_a/hdl/vhdl/sdma_rx_byte_shifter.vhd 2013/06/03.20:49:40 P.68d
EN mpmc_v6_06_a/sdma_rx_byte_shifter 1540835441 \
      FL $XILINX/hw/XilinxProcessorIPLib/pcores/mpmc_v6_06_a/hdl/vhdl/sdma_rx_byte_shifter.vhd \
      PB ieee/std_logic_1164 1370735607 PB ieee/NUMERIC_STD 1370735611 \
      PB ieee/std_logic_misc 1370735608 LB proc_common_v3_00_a LB unisim \
      PH unisim/VCOMPONENTS 1370735613 LB mpmc_v6_06_a \
      PB proc_common_v3_00_a/proc_common_pkg 1540835279 \
      PB proc_common_v3_00_a/family_support 1540835277 \
      PB proc_common_v3_00_a/ipif_pkg 1540835396 PB mpmc_v6_06_a/sdma_pkg 1540835416
AR mpmc_v6_06_a/sdma_rx_byte_shifter/implementation 1540835442 \
      FL $XILINX/hw/XilinxProcessorIPLib/pcores/mpmc_v6_06_a/hdl/vhdl/sdma_rx_byte_shifter.vhd \
      EN mpmc_v6_06_a/sdma_rx_byte_shifter 1540835441
FL $XILINX/hw/XilinxProcessorIPLib/pcores/mpmc_v6_06_a/hdl/vhdl/sdma_rx_port_controller.vhd 2013/06/03.20:49:40 P.68d
EN mpmc_v6_06_a/sdma_rx_port_controller 1540835467 \
      FL $XILINX/hw/XilinxProcessorIPLib/pcores/mpmc_v6_06_a/hdl/vhdl/sdma_rx_port_controller.vhd \
      PB ieee/std_logic_1164 1370735607 PB ieee/NUMERIC_STD 1370735611 \
      PB ieee/std_logic_misc 1370735608 LB proc_common_v3_00_a LB unisim \
      PH unisim/VCOMPONENTS 1370735613 LB mpmc_v6_06_a \
      PB proc_common_v3_00_a/proc_common_pkg 1540835279 \
      PB proc_common_v3_00_a/family_support 1540835277 \
      PB proc_common_v3_00_a/ipif_pkg 1540835396 PB mpmc_v6_06_a/sdma_pkg 1540835416
AR mpmc_v6_06_a/sdma_rx_port_controller/implementation 1540835468 \
      FL $XILINX/hw/XilinxProcessorIPLib/pcores/mpmc_v6_06_a/hdl/vhdl/sdma_rx_port_controller.vhd \
      EN mpmc_v6_06_a/sdma_rx_port_controller 1540835467
FL $XILINX/hw/XilinxProcessorIPLib/pcores/mpmc_v6_06_a/hdl/vhdl/sdma_rx_read_handler.vhd 2013/06/03.20:49:40 P.68d
EN mpmc_v6_06_a/sdma_rx_read_handler 1540835465 \
      FL $XILINX/hw/XilinxProcessorIPLib/pcores/mpmc_v6_06_a/hdl/vhdl/sdma_rx_read_handler.vhd \
      PB ieee/std_logic_1164 1370735607 PB ieee/NUMERIC_STD 1370735611 \
      PB ieee/std_logic_misc 1370735608 LB proc_common_v3_00_a LB unisim \
      PH unisim/VCOMPONENTS 1370735613 LB mpmc_v6_06_a \
      PB proc_common_v3_00_a/proc_common_pkg 1540835279 \
      PB proc_common_v3_00_a/family_support 1540835277 \
      PB proc_common_v3_00_a/ipif_pkg 1540835396 PB mpmc_v6_06_a/sdma_pkg 1540835416
AR mpmc_v6_06_a/sdma_rx_read_handler/implementation 1540835466 \
      FL $XILINX/hw/XilinxProcessorIPLib/pcores/mpmc_v6_06_a/hdl/vhdl/sdma_rx_read_handler.vhd \
      EN mpmc_v6_06_a/sdma_rx_read_handler 1540835465
FL $XILINX/hw/XilinxProcessorIPLib/pcores/mpmc_v6_06_a/hdl/vhdl/sdma_rx_write_handler.vhd 2013/06/03.20:49:40 P.68d
EN mpmc_v6_06_a/sdma_rx_write_handler 1540835463 \
      FL $XILINX/hw/XilinxProcessorIPLib/pcores/mpmc_v6_06_a/hdl/vhdl/sdma_rx_write_handler.vhd \
      PB ieee/std_logic_1164 1370735607 PB ieee/NUMERIC_STD 1370735611 \
      PB ieee/std_logic_misc 1370735608 LB proc_common_v3_00_a LB unisim \
      PH unisim/VCOMPONENTS 1370735613 LB mpmc_v6_06_a \
      PB proc_common_v3_00_a/proc_common_pkg 1540835279 \
      PB proc_common_v3_00_a/family_support 1540835277 \
      PB proc_common_v3_00_a/ipif_pkg 1540835396 PB mpmc_v6_06_a/sdma_pkg 1540835416
AR mpmc_v6_06_a/sdma_rx_write_handler/implementation 1540835464 \
      FL $XILINX/hw/XilinxProcessorIPLib/pcores/mpmc_v6_06_a/hdl/vhdl/sdma_rx_write_handler.vhd \
      EN mpmc_v6_06_a/sdma_rx_write_handler 1540835463
FL $XILINX/hw/XilinxProcessorIPLib/pcores/mpmc_v6_06_a/hdl/vhdl/sdma_sample_cycle.vhd 2013/06/03.20:49:40 P.68d
EN mpmc_v6_06_a/sdma_sample_cycle 1540835417 \
      FL $XILINX/hw/XilinxProcessorIPLib/pcores/mpmc_v6_06_a/hdl/vhdl/sdma_sample_cycle.vhd \
      PB ieee/std_logic_1164 1370735607 PB ieee/NUMERIC_STD 1370735611 \
      PB ieee/std_logic_misc 1370735608 LB unisim PH unisim/VCOMPONENTS 1370735613
AR mpmc_v6_06_a/sdma_sample_cycle/implementation 1540835418 \
      FL $XILINX/hw/XilinxProcessorIPLib/pcores/mpmc_v6_06_a/hdl/vhdl/sdma_sample_cycle.vhd \
      EN mpmc_v6_06_a/sdma_sample_cycle 1540835417
FL $XILINX/hw/XilinxProcessorIPLib/pcores/mpmc_v6_06_a/hdl/vhdl/sdma_tx_byte_shifter.vhd 2013/06/03.20:49:40 P.68d
EN mpmc_v6_06_a/sdma_tx_byte_shifter 1540835439 \
      FL $XILINX/hw/XilinxProcessorIPLib/pcores/mpmc_v6_06_a/hdl/vhdl/sdma_tx_byte_shifter.vhd \
      PB ieee/std_logic_1164 1370735607 PB ieee/NUMERIC_STD 1370735611 \
      PB ieee/std_logic_misc 1370735608 LB proc_common_v3_00_a LB unisim \
      PH unisim/VCOMPONENTS 1370735613 LB mpmc_v6_06_a \
      PB proc_common_v3_00_a/proc_common_pkg 1540835279 \
      PB proc_common_v3_00_a/family_support 1540835277 \
      PB proc_common_v3_00_a/ipif_pkg 1540835396 PB mpmc_v6_06_a/sdma_pkg 1540835416
AR mpmc_v6_06_a/sdma_tx_byte_shifter/implementation 1540835440 \
      FL $XILINX/hw/XilinxProcessorIPLib/pcores/mpmc_v6_06_a/hdl/vhdl/sdma_tx_byte_shifter.vhd \
      EN mpmc_v6_06_a/sdma_tx_byte_shifter 1540835439
FL $XILINX/hw/XilinxProcessorIPLib/pcores/mpmc_v6_06_a/hdl/vhdl/sdma_tx_port_controller.vhd 2013/06/03.20:49:40 P.68d
EN mpmc_v6_06_a/sdma_tx_port_controller 1540835459 \
      FL $XILINX/hw/XilinxProcessorIPLib/pcores/mpmc_v6_06_a/hdl/vhdl/sdma_tx_port_controller.vhd \
      PB ieee/std_logic_1164 1370735607 PB ieee/NUMERIC_STD 1370735611 \
      PB ieee/std_logic_misc 1370735608 LB proc_common_v3_00_a LB unisim \
      PH unisim/VCOMPONENTS 1370735613 LB mpmc_v6_06_a \
      PB proc_common_v3_00_a/proc_common_pkg 1540835279 \
      PB proc_common_v3_00_a/family_support 1540835277 \
      PB proc_common_v3_00_a/ipif_pkg 1540835396 PB mpmc_v6_06_a/sdma_pkg 1540835416
AR mpmc_v6_06_a/sdma_tx_port_controller/implementation 1540835460 \
      FL $XILINX/hw/XilinxProcessorIPLib/pcores/mpmc_v6_06_a/hdl/vhdl/sdma_tx_port_controller.vhd \
      EN mpmc_v6_06_a/sdma_tx_port_controller 1540835459
FL $XILINX/hw/XilinxProcessorIPLib/pcores/mpmc_v6_06_a/hdl/vhdl/sdma_tx_read_handler.vhd 2013/06/03.20:49:40 P.68d
EN mpmc_v6_06_a/sdma_tx_read_handler 1540835457 \
      FL $XILINX/hw/XilinxProcessorIPLib/pcores/mpmc_v6_06_a/hdl/vhdl/sdma_tx_read_handler.vhd \
      PB ieee/std_logic_1164 1370735607 PB ieee/NUMERIC_STD 1370735611 \
      PB ieee/std_logic_misc 1370735608 LB proc_common_v3_00_a LB unisim \
      PH unisim/VCOMPONENTS 1370735613 LB mpmc_v6_06_a \
      PB proc_common_v3_00_a/proc_common_pkg 1540835279 \
      PB proc_common_v3_00_a/family_support 1540835277 \
      PB proc_common_v3_00_a/ipif_pkg 1540835396 PB mpmc_v6_06_a/sdma_pkg 1540835416
AR mpmc_v6_06_a/sdma_tx_read_handler/implementation 1540835458 \
      FL $XILINX/hw/XilinxProcessorIPLib/pcores/mpmc_v6_06_a/hdl/vhdl/sdma_tx_read_handler.vhd \
      EN mpmc_v6_06_a/sdma_tx_read_handler 1540835457
FL $XILINX/hw/XilinxProcessorIPLib/pcores/mpmc_v6_06_a/hdl/vhdl/sdma_tx_rx_state.vhd 2013/06/03.20:49:40 P.68d
EN mpmc_v6_06_a/sdma_tx_rx_state 1540835461 \
      FL $XILINX/hw/XilinxProcessorIPLib/pcores/mpmc_v6_06_a/hdl/vhdl/sdma_tx_rx_state.vhd \
      PB ieee/std_logic_1164 1370735607 PB ieee/NUMERIC_STD 1370735611 \
      PB ieee/std_logic_misc 1370735608 LB proc_common_v3_00_a LB unisim \
      PH unisim/VCOMPONENTS 1370735613 LB mpmc_v6_06_a \
      PB proc_common_v3_00_a/proc_common_pkg 1540835279 \
      PB proc_common_v3_00_a/family_support 1540835277 \
      PB proc_common_v3_00_a/ipif_pkg 1540835396 PB mpmc_v6_06_a/sdma_pkg 1540835416
AR mpmc_v6_06_a/sdma_tx_rx_state/implementation 1540835462 \
      FL $XILINX/hw/XilinxProcessorIPLib/pcores/mpmc_v6_06_a/hdl/vhdl/sdma_tx_rx_state.vhd \
      EN mpmc_v6_06_a/sdma_tx_rx_state 1540835461
FL $XILINX/hw/XilinxProcessorIPLib/pcores/mpmc_v6_06_a/hdl/vhdl/sdma_tx_write_handler.vhd 2013/06/03.20:49:40 P.68d
EN mpmc_v6_06_a/sdma_tx_write_handler 1540835455 \
      FL $XILINX/hw/XilinxProcessorIPLib/pcores/mpmc_v6_06_a/hdl/vhdl/sdma_tx_write_handler.vhd \
      PB ieee/std_logic_1164 1370735607 PB ieee/NUMERIC_STD 1370735611 \
      PB ieee/std_logic_misc 1370735608 LB proc_common_v3_00_a LB unisim \
      PH unisim/VCOMPONENTS 1370735613 LB mpmc_v6_06_a \
      PB proc_common_v3_00_a/proc_common_pkg 1540835279 \
      PB proc_common_v3_00_a/family_support 1540835277 \
      PB proc_common_v3_00_a/ipif_pkg 1540835396 PB mpmc_v6_06_a/sdma_pkg 1540835416
AR mpmc_v6_06_a/sdma_tx_write_handler/implementation 1540835456 \
      FL $XILINX/hw/XilinxProcessorIPLib/pcores/mpmc_v6_06_a/hdl/vhdl/sdma_tx_write_handler.vhd \
      EN mpmc_v6_06_a/sdma_tx_write_handler 1540835455
FL $XILINX/hw/XilinxProcessorIPLib/pcores/mpmc_v6_06_a/hdl/vhdl/sdma_wrapper.vhd 2013/06/03.20:49:40 P.68d
EN mpmc_v6_06_a/sdma_wrapper 1540835527 \
      FL $XILINX/hw/XilinxProcessorIPLib/pcores/mpmc_v6_06_a/hdl/vhdl/sdma_wrapper.vhd \
      PB ieee/std_logic_1164 1370735607 PB ieee/std_logic_arith 1370735608 \
      PB ieee/NUMERIC_STD 1370735611 PB ieee/std_logic_misc 1370735608 LB unisim \
      PH unisim/VCOMPONENTS 1370735613 LB mpmc_v6_06_a PB mpmc_v6_06_a/sdma_pkg 1540835416
AR mpmc_v6_06_a/sdma_wrapper/implementation 1540835528 \
      FL $XILINX/hw/XilinxProcessorIPLib/pcores/mpmc_v6_06_a/hdl/vhdl/sdma_wrapper.vhd \
      EN mpmc_v6_06_a/sdma_wrapper 1540835527 CP mpmc_v6_06_a/sdma
FL $XILINX/hw/XilinxProcessorIPLib/pcores/mpmc_v6_06_a/hdl/vhdl/vfbc.vhd 2013/06/03.20:49:40 P.68d
EN mpmc_v6_06_a/vfbc 1540835513 \
      FL $XILINX/hw/XilinxProcessorIPLib/pcores/mpmc_v6_06_a/hdl/vhdl/vfbc.vhd \
      PB ieee/std_logic_1164 1370735607 PB ieee/STD_LOGIC_UNSIGNED 1370735609 \
      PB ieee/std_logic_arith 1370735608 PB mpmc_v6_06_a/memxlib_utils 1540835318 \
      PB mpmc_v6_06_a/p_vfbc 1540835472
AR mpmc_v6_06_a/vfbc/rtl 1540835514 \
      FL $XILINX/hw/XilinxProcessorIPLib/pcores/mpmc_v6_06_a/hdl/vhdl/vfbc.vhd \
      EN mpmc_v6_06_a/vfbc 1540835513 CP mpmc_v6_06_a/ObjFifoAsyncDiffW \
      CP mpmc_v6_06_a/vfbc_newcmd CP mpmc_v6_06_a/vfbc_cmd_fetch \
      CP mpmc_v6_06_a/vfbc_arbitrator CP mpmc_v6_06_a/vfbc_cmd_buffer \
      CP mpmc_v6_06_a/vfbc_cmd_control CP mpmc_v6_06_a/vfbc_burst_control
FL $XILINX/hw/XilinxProcessorIPLib/pcores/mpmc_v6_06_a/hdl/vhdl/vfbc1_pim.vhd 2013/06/03.20:49:40 P.68d
EN mpmc_v6_06_a/vfbc1_pim 1540835521 \
      FL $XILINX/hw/XilinxProcessorIPLib/pcores/mpmc_v6_06_a/hdl/vhdl/vfbc1_pim.vhd \
      PB ieee/std_logic_1164 1370735607 PB ieee/STD_LOGIC_UNSIGNED 1370735609 \
      PB ieee/std_logic_arith 1370735608 PB mpmc_v6_06_a/memxlib_utils 1540835318 \
      PB mpmc_v6_06_a/p_vfbc 1540835472
AR mpmc_v6_06_a/vfbc1_pim/rtl 1540835522 \
      FL $XILINX/hw/XilinxProcessorIPLib/pcores/mpmc_v6_06_a/hdl/vhdl/vfbc1_pim.vhd \
      EN mpmc_v6_06_a/vfbc1_pim 1540835521 CP mpmc_v6_06_a/vfbc \
      CP mpmc_v6_06_a/vfbc_backend_control
FL $XILINX/hw/XilinxProcessorIPLib/pcores/mpmc_v6_06_a/hdl/vhdl/vfbc_arbitrator.vhd 2013/06/03.20:49:40 P.68d
EN mpmc_v6_06_a/vfbc_arbitrator 1540835423 \
      FL $XILINX/hw/XilinxProcessorIPLib/pcores/mpmc_v6_06_a/hdl/vhdl/vfbc_arbitrator.vhd \
      PB ieee/std_logic_1164 1370735607 PB ieee/std_logic_arith 1370735608 \
      PB ieee/STD_LOGIC_UNSIGNED 1370735609 PB mpmc_v6_06_a/memxlib_utils 1540835318
AR mpmc_v6_06_a/vfbc_arbitrator/rtl 1540835424 \
      FL $XILINX/hw/XilinxProcessorIPLib/pcores/mpmc_v6_06_a/hdl/vhdl/vfbc_arbitrator.vhd \
      EN mpmc_v6_06_a/vfbc_arbitrator 1540835423
FL $XILINX/hw/XilinxProcessorIPLib/pcores/mpmc_v6_06_a/hdl/vhdl/vfbc_backend_control.vhd 2013/06/03.20:49:40 P.68d
EN mpmc_v6_06_a/vfbc_backend_control 1540835515 \
      FL $XILINX/hw/XilinxProcessorIPLib/pcores/mpmc_v6_06_a/hdl/vhdl/vfbc_backend_control.vhd \
      PB ieee/std_logic_1164 1370735607 PB ieee/STD_LOGIC_UNSIGNED 1370735609 \
      PB ieee/std_logic_arith 1370735608 PB mpmc_v6_06_a/memxlib_utils 1540835318
AR mpmc_v6_06_a/vfbc_backend_control/rtl 1540835516 \
      FL $XILINX/hw/XilinxProcessorIPLib/pcores/mpmc_v6_06_a/hdl/vhdl/vfbc_backend_control.vhd \
      EN mpmc_v6_06_a/vfbc_backend_control 1540835515 \
      AR mpmc_v6_06_a/synch_fifo/rtl 1540835402
FL $XILINX/hw/XilinxProcessorIPLib/pcores/mpmc_v6_06_a/hdl/vhdl/vfbc_burst_control.vhd 2013/06/03.20:49:40 P.68d
EN mpmc_v6_06_a/vfbc_burst_control 1540835487 \
      FL $XILINX/hw/XilinxProcessorIPLib/pcores/mpmc_v6_06_a/hdl/vhdl/vfbc_burst_control.vhd \
      PB ieee/std_logic_1164 1370735607 PB ieee/STD_LOGIC_UNSIGNED 1370735609 \
      PB ieee/std_logic_arith 1370735608 PB mpmc_v6_06_a/memxlib_utils 1540835318
AR mpmc_v6_06_a/vfbc_burst_control/rtl 1540835488 \
      FL $XILINX/hw/XilinxProcessorIPLib/pcores/mpmc_v6_06_a/hdl/vhdl/vfbc_burst_control.vhd \
      EN mpmc_v6_06_a/vfbc_burst_control 1540835487 CP mpmc_v6_06_a/vfbc_onehot \
      AR mpmc_v6_06_a/synch_fifo/rtl 1540835402
FL $XILINX/hw/XilinxProcessorIPLib/pcores/mpmc_v6_06_a/hdl/vhdl/vfbc_cmd_buffer.vhd 2013/06/03.20:49:40 P.68d
EN mpmc_v6_06_a/vfbc_cmd_buffer 1540835483 \
      FL $XILINX/hw/XilinxProcessorIPLib/pcores/mpmc_v6_06_a/hdl/vhdl/vfbc_cmd_buffer.vhd \
      PB ieee/std_logic_1164 1370735607 PB ieee/STD_LOGIC_UNSIGNED 1370735609 \
      PB ieee/std_logic_arith 1370735608 PB mpmc_v6_06_a/memxlib_utils 1540835318
AR mpmc_v6_06_a/vfbc_cmd_buffer/rtl 1540835484 \
      FL $XILINX/hw/XilinxProcessorIPLib/pcores/mpmc_v6_06_a/hdl/vhdl/vfbc_cmd_buffer.vhd \
      EN mpmc_v6_06_a/vfbc_cmd_buffer 1540835483
FL $XILINX/hw/XilinxProcessorIPLib/pcores/mpmc_v6_06_a/hdl/vhdl/vfbc_cmd_control.vhd 2013/06/03.20:49:40 P.68d
EN mpmc_v6_06_a/vfbc_cmd_control 1540835485 \
      FL $XILINX/hw/XilinxProcessorIPLib/pcores/mpmc_v6_06_a/hdl/vhdl/vfbc_cmd_control.vhd \
      PB ieee/std_logic_1164 1370735607 PB ieee/STD_LOGIC_UNSIGNED 1370735609 \
      PB ieee/std_logic_arith 1370735608 PB mpmc_v6_06_a/memxlib_utils 1540835318
AR mpmc_v6_06_a/vfbc_cmd_control/rtl 1540835486 \
      FL $XILINX/hw/XilinxProcessorIPLib/pcores/mpmc_v6_06_a/hdl/vhdl/vfbc_cmd_control.vhd \
      EN mpmc_v6_06_a/vfbc_cmd_control 1540835485
FL $XILINX/hw/XilinxProcessorIPLib/pcores/mpmc_v6_06_a/hdl/vhdl/vfbc_cmd_fetch.vhd 2013/06/03.20:49:40 P.68d
EN mpmc_v6_06_a/vfbc_cmd_fetch 1540835481 \
      FL $XILINX/hw/XilinxProcessorIPLib/pcores/mpmc_v6_06_a/hdl/vhdl/vfbc_cmd_fetch.vhd \
      PB ieee/std_logic_1164 1370735607 PB ieee/STD_LOGIC_UNSIGNED 1370735609 \
      PB ieee/std_logic_arith 1370735608 PB mpmc_v6_06_a/memxlib_utils 1540835318
AR mpmc_v6_06_a/vfbc_cmd_fetch/rtl 1540835482 \
      FL $XILINX/hw/XilinxProcessorIPLib/pcores/mpmc_v6_06_a/hdl/vhdl/vfbc_cmd_fetch.vhd \
      EN mpmc_v6_06_a/vfbc_cmd_fetch 1540835481
FL $XILINX/hw/XilinxProcessorIPLib/pcores/mpmc_v6_06_a/hdl/vhdl/vfbc_newcmd.vhd 2013/06/03.20:49:40 P.68d
EN mpmc_v6_06_a/vfbc_newcmd 1540835479 \
      FL $XILINX/hw/XilinxProcessorIPLib/pcores/mpmc_v6_06_a/hdl/vhdl/vfbc_newcmd.vhd \
      PB ieee/std_logic_1164 1370735607 PB ieee/STD_LOGIC_UNSIGNED 1370735609 \
      PB ieee/std_logic_arith 1370735608 PB mpmc_v6_06_a/memxlib_utils 1540835318
AR mpmc_v6_06_a/vfbc_newcmd/rtl 1540835480 \
      FL $XILINX/hw/XilinxProcessorIPLib/pcores/mpmc_v6_06_a/hdl/vhdl/vfbc_newcmd.vhd \
      EN mpmc_v6_06_a/vfbc_newcmd 1540835479 CP mpmc_v6_06_a/vfbc_arbitrator
FL $XILINX/hw/XilinxProcessorIPLib/pcores/mpmc_v6_06_a/hdl/vhdl/vfbc_onehot.vhd 2013/06/03.20:49:40 P.68d
EN mpmc_v6_06_a/vfbc_onehot 1540835421 \
      FL $XILINX/hw/XilinxProcessorIPLib/pcores/mpmc_v6_06_a/hdl/vhdl/vfbc_onehot.vhd \
      PB ieee/std_logic_1164 1370735607 PB ieee/STD_LOGIC_UNSIGNED 1370735609 \
      PB ieee/std_logic_arith 1370735608
AR mpmc_v6_06_a/vfbc_onehot/rtl 1540835422 \
      FL $XILINX/hw/XilinxProcessorIPLib/pcores/mpmc_v6_06_a/hdl/vhdl/vfbc_onehot.vhd \
      EN mpmc_v6_06_a/vfbc_onehot 1540835421
FL $XILINX/hw/XilinxProcessorIPLib/pcores/mpmc_v6_06_a/hdl/vhdl/vfbc_pim_wrapper.vhd 2013/06/03.20:49:40 P.68d
EN mpmc_v6_06_a/vfbc_pim_wrapper 1540835525 \
      FL $XILINX/hw/XilinxProcessorIPLib/pcores/mpmc_v6_06_a/hdl/vhdl/vfbc_pim_wrapper.vhd \
      PB ieee/std_logic_1164 1370735607 PB ieee/std_logic_arith 1370735608 \
      PB ieee/STD_LOGIC_UNSIGNED 1370735609 LB mpmc_v6_06_a
AR mpmc_v6_06_a/vfbc_pim_wrapper/IMP 1540835526 \
      FL $XILINX/hw/XilinxProcessorIPLib/pcores/mpmc_v6_06_a/hdl/vhdl/vfbc_pim_wrapper.vhd \
      EN mpmc_v6_06_a/vfbc_pim_wrapper 1540835525 CP mpmc_v6_06_a/vfbc1_pim
