V3 51
FL $XILINX/hw/XilinxProcessorIPLib/pcores/mch_plbv46_slave_burst_v2_01_a/hdl/vhdl/access_buffer.vhd 2013/06/03.20:49:35 P.68d
EN mch_plbv46_slave_burst_v2_01_a/access_buffer 1540408777 \
      FL $XILINX/hw/XilinxProcessorIPLib/pcores/mch_plbv46_slave_burst_v2_01_a/hdl/vhdl/access_buffer.vhd \
      PB ieee/std_logic_1164 1370735607 PB ieee/std_logic_arith 1370735608 \
      PB ieee/STD_LOGIC_UNSIGNED 1370735609 LB proc_common_v3_00_a \
      PB proc_common_v3_00_a/proc_common_pkg 1540408649 \
      EN proc_common_v3_00_a/srl_fifo_f 1540408753
AR mch_plbv46_slave_burst_v2_01_a/access_buffer/imp 1540408778 \
      FL $XILINX/hw/XilinxProcessorIPLib/pcores/mch_plbv46_slave_burst_v2_01_a/hdl/vhdl/access_buffer.vhd \
      EN mch_plbv46_slave_burst_v2_01_a/access_buffer 1540408777 \
      CP proc_common_v3_00_a/srl_fifo_f
FL $XILINX/hw/XilinxProcessorIPLib/pcores/mch_plbv46_slave_burst_v2_01_a/hdl/vhdl/addr_be_gen.vhd 2013/06/03.20:49:35 P.68d
EN mch_plbv46_slave_burst_v2_01_a/addr_be_gen 1540408783 \
      FL $XILINX/hw/XilinxProcessorIPLib/pcores/mch_plbv46_slave_burst_v2_01_a/hdl/vhdl/addr_be_gen.vhd \
      PB ieee/std_logic_1164 1370735607 PB ieee/std_logic_arith 1370735608 \
      PB ieee/STD_LOGIC_UNSIGNED 1370735609 LB proc_common_v3_00_a \
      PB proc_common_v3_00_a/proc_common_pkg 1540408649 \
      EN proc_common_v3_00_a/direct_path_cntr_ai 1540408705 \
      PB proc_common_v3_00_a/ipif_pkg 1540408692
AR mch_plbv46_slave_burst_v2_01_a/addr_be_gen/imp 1540408784 \
      FL $XILINX/hw/XilinxProcessorIPLib/pcores/mch_plbv46_slave_burst_v2_01_a/hdl/vhdl/addr_be_gen.vhd \
      EN mch_plbv46_slave_burst_v2_01_a/addr_be_gen 1540408783 \
      CP proc_common_v3_00_a/direct_path_cntr_ai CP std_logic
FL $XILINX/hw/XilinxProcessorIPLib/pcores/mch_plbv46_slave_burst_v2_01_a/hdl/vhdl/addr_data_mux_demux.vhd 2013/06/03.20:49:35 P.68d
EN mch_plbv46_slave_burst_v2_01_a/addr_data_mux_demux 1540408789 \
      FL $XILINX/hw/XilinxProcessorIPLib/pcores/mch_plbv46_slave_burst_v2_01_a/hdl/vhdl/addr_data_mux_demux.vhd \
      PB ieee/std_logic_1164 1370735607 PB ieee/NUMERIC_STD 1370735611 \
      PB ieee/std_logic_misc 1370735608 LB proc_common_v3_00_a \
      EN proc_common_v3_00_a/mux_onehot_f 1540408751
AR mch_plbv46_slave_burst_v2_01_a/addr_data_mux_demux/imp 1540408790 \
      FL $XILINX/hw/XilinxProcessorIPLib/pcores/mch_plbv46_slave_burst_v2_01_a/hdl/vhdl/addr_data_mux_demux.vhd \
      EN mch_plbv46_slave_burst_v2_01_a/addr_data_mux_demux 1540408789 \
      AR proc_common_v3_00_a/mux_onehot_f/imp 1540408752
FL $XILINX/hw/XilinxProcessorIPLib/pcores/mch_plbv46_slave_burst_v2_01_a/hdl/vhdl/arbitration_logic.vhd 2013/06/03.20:49:35 P.68d
EN mch_plbv46_slave_burst_v2_01_a/arbitration_logic 1540408787 \
      FL $XILINX/hw/XilinxProcessorIPLib/pcores/mch_plbv46_slave_burst_v2_01_a/hdl/vhdl/arbitration_logic.vhd \
      PB ieee/std_logic_1164 1370735607 PB ieee/NUMERIC_STD 1370735611 \
      PB ieee/STD_LOGIC_UNSIGNED 1370735609 PB ieee/std_logic_misc 1370735608 \
      LB proc_common_v3_00_a EN proc_common_v3_00_a/mux_onehot_f 1540408751 \
      LB unisim PH unisim/VCOMPONENTS 1370735613
AR mch_plbv46_slave_burst_v2_01_a/arbitration_logic/imp 1540408788 \
      FL $XILINX/hw/XilinxProcessorIPLib/pcores/mch_plbv46_slave_burst_v2_01_a/hdl/vhdl/arbitration_logic.vhd \
      EN mch_plbv46_slave_burst_v2_01_a/arbitration_logic 1540408787 CP muxcy \
      CP std_logic CP std_logic_vector AR proc_common_v3_00_a/mux_onehot_f/imp 1540408752
FL $XILINX/hw/XilinxProcessorIPLib/pcores/mch_plbv46_slave_burst_v2_01_a/hdl/vhdl/arb_mux_demux.vhd 2013/06/03.20:49:35 P.68d
EN mch_plbv46_slave_burst_v2_01_a/arb_mux_demux 1540408811 \
      FL $XILINX/hw/XilinxProcessorIPLib/pcores/mch_plbv46_slave_burst_v2_01_a/hdl/vhdl/arb_mux_demux.vhd \
      PB ieee/std_logic_1164 1370735607 PB ieee/STD_LOGIC_UNSIGNED 1370735609 \
      PB ieee/NUMERIC_STD 1370735611 PB ieee/std_logic_misc 1370735608 \
      LB proc_common_v3_00_a EN proc_common_v3_00_a/mux_onehot_f 1540408751 \
      LB mch_plbv46_slave_burst_v2_01_a \
      EN mch_plbv46_slave_burst_v2_01_a/addr_data_mux_demux 1540408789
AR mch_plbv46_slave_burst_v2_01_a/arb_mux_demux/imp 1540408812 \
      FL $XILINX/hw/XilinxProcessorIPLib/pcores/mch_plbv46_slave_burst_v2_01_a/hdl/vhdl/arb_mux_demux.vhd \
      EN mch_plbv46_slave_burst_v2_01_a/arb_mux_demux 1540408811 \
      CP mch_plbv46_slave_burst_v2_01_a/arbitration_logic \
      CP mch_plbv46_slave_burst_v2_01_a/addr_data_mux_demux
FL $XILINX/hw/XilinxProcessorIPLib/pcores/mch_plbv46_slave_burst_v2_01_a/hdl/vhdl/chnl_logic.vhd 2013/06/03.20:49:35 P.68d
EN mch_plbv46_slave_burst_v2_01_a/chnl_logic 1540408781 \
      FL $XILINX/hw/XilinxProcessorIPLib/pcores/mch_plbv46_slave_burst_v2_01_a/hdl/vhdl/chnl_logic.vhd \
      PB ieee/std_logic_1164 1370735607 PB ieee/std_logic_arith 1370735608 \
      PB ieee/STD_LOGIC_UNSIGNED 1370735609 LB proc_common_v3_00_a \
      PB proc_common_v3_00_a/proc_common_pkg 1540408649 \
      EN proc_common_v3_00_a/ld_arith_reg 1540408717 \
      PB proc_common_v3_00_a/ipif_pkg 1540408692
AR mch_plbv46_slave_burst_v2_01_a/chnl_logic/imp 1540408782 \
      FL $XILINX/hw/XilinxProcessorIPLib/pcores/mch_plbv46_slave_burst_v2_01_a/hdl/vhdl/chnl_logic.vhd \
      EN mch_plbv46_slave_burst_v2_01_a/chnl_logic 1540408781 \
      CP proc_common_v3_00_a/ld_arith_reg
FL $XILINX/hw/XilinxProcessorIPLib/pcores/mch_plbv46_slave_burst_v2_01_a/hdl/vhdl/ipic_logic.vhd 2013/06/03.20:49:35 P.68d
EN mch_plbv46_slave_burst_v2_01_a/ipic_logic 1540408785 \
      FL $XILINX/hw/XilinxProcessorIPLib/pcores/mch_plbv46_slave_burst_v2_01_a/hdl/vhdl/ipic_logic.vhd \
      PB ieee/std_logic_1164 1370735607 PB ieee/std_logic_arith 1370735608 \
      PB ieee/STD_LOGIC_UNSIGNED 1370735609 LB proc_common_v3_00_a \
      PB proc_common_v3_00_a/proc_common_pkg 1540408649 \
      EN proc_common_v3_00_a/pselect_f 1540408757 PB proc_common_v3_00_a/ipif_pkg 1540408692
AR mch_plbv46_slave_burst_v2_01_a/ipic_logic/imp 1540408786 \
      FL $XILINX/hw/XilinxProcessorIPLib/pcores/mch_plbv46_slave_burst_v2_01_a/hdl/vhdl/ipic_logic.vhd \
      EN mch_plbv46_slave_burst_v2_01_a/ipic_logic 1540408785 \
      CP proc_common_v3_00_a/pselect_f CP std_logic_vector
FL $XILINX/hw/XilinxProcessorIPLib/pcores/mch_plbv46_slave_burst_v2_01_a/hdl/vhdl/mch_interface.vhd 2013/06/03.20:49:35 P.68d
EN mch_plbv46_slave_burst_v2_01_a/mch_interface 1540408813 \
      FL $XILINX/hw/XilinxProcessorIPLib/pcores/mch_plbv46_slave_burst_v2_01_a/hdl/vhdl/mch_interface.vhd \
      PB ieee/std_logic_1164 1370735607 PB ieee/std_logic_arith 1370735608 \
      PB ieee/STD_LOGIC_UNSIGNED 1370735609 LB proc_common_v3_00_a \
      PB proc_common_v3_00_a/ipif_pkg 1540408692 \
      LB mch_plbv46_slave_burst_v2_01_a \
      EN mch_plbv46_slave_burst_v2_01_a/access_buffer 1540408777 \
      EN mch_plbv46_slave_burst_v2_01_a/readdata_buffer 1540408779 \
      EN mch_plbv46_slave_burst_v2_01_a/addr_be_gen 1540408783 \
      EN mch_plbv46_slave_burst_v2_01_a/chnl_logic 1540408781 \
      EN mch_plbv46_slave_burst_v2_01_a/ipic_logic 1540408785
AR mch_plbv46_slave_burst_v2_01_a/mch_interface/imp 1540408814 \
      FL $XILINX/hw/XilinxProcessorIPLib/pcores/mch_plbv46_slave_burst_v2_01_a/hdl/vhdl/mch_interface.vhd \
      EN mch_plbv46_slave_burst_v2_01_a/mch_interface 1540408813 \
      CP mch_plbv46_slave_burst_v2_01_a/access_buffer \
      CP mch_plbv46_slave_burst_v2_01_a/readdata_buffer \
      CP mch_plbv46_slave_burst_v2_01_a/chnl_logic \
      CP mch_plbv46_slave_burst_v2_01_a/addr_be_gen \
      CP mch_plbv46_slave_burst_v2_01_a/ipic_logic
FL $XILINX/hw/XilinxProcessorIPLib/pcores/mch_plbv46_slave_burst_v2_01_a/hdl/vhdl/mch_plbv46_slave_burst.vhd 2013/06/03.20:49:35 P.68d
EN mch_plbv46_slave_burst_v2_01_a/mch_plbv46_slave_burst 1540408815 \
      FL $XILINX/hw/XilinxProcessorIPLib/pcores/mch_plbv46_slave_burst_v2_01_a/hdl/vhdl/mch_plbv46_slave_burst.vhd \
      PB ieee/std_logic_1164 1370735607 PB ieee/NUMERIC_STD 1370735611 \
      PB ieee/std_logic_misc 1370735608 LB proc_common_v3_00_a \
      PB proc_common_v3_00_a/ipif_pkg 1540408692 \
      PB proc_common_v3_00_a/proc_common_pkg 1540408649 \
      PB proc_common_v3_00_a/family 1540408675 LB mch_plbv46_slave_burst_v2_01_a \
      LB plbv46_slave_burst_v1_01_a \
      EN mch_plbv46_slave_burst_v2_01_a/arb_mux_demux 1540408811 \
      EN mch_plbv46_slave_burst_v2_01_a/mch_interface 1540408813 \
      EN plbv46_slave_burst_v1_01_a/plbv46_slave_burst 1540408809
AR mch_plbv46_slave_burst_v2_01_a/mch_plbv46_slave_burst/imp 1540408816 \
      FL $XILINX/hw/XilinxProcessorIPLib/pcores/mch_plbv46_slave_burst_v2_01_a/hdl/vhdl/mch_plbv46_slave_burst.vhd \
      EN mch_plbv46_slave_burst_v2_01_a/mch_plbv46_slave_burst 1540408815 \
      CP plbv46_slave_burst_v1_01_a/plbv46_slave_burst CP std_logic_vector \
      CP std_logic CP mch_plbv46_slave_burst_v2_01_a/arb_mux_demux \
      CP mch_plbv46_slave_burst_v2_01_a/mch_interface
FL $XILINX/hw/XilinxProcessorIPLib/pcores/mch_plbv46_slave_burst_v2_01_a/hdl/vhdl/readdata_buffer.vhd 2013/06/03.20:49:35 P.68d
EN mch_plbv46_slave_burst_v2_01_a/readdata_buffer 1540408779 \
      FL $XILINX/hw/XilinxProcessorIPLib/pcores/mch_plbv46_slave_burst_v2_01_a/hdl/vhdl/readdata_buffer.vhd \
      PB ieee/std_logic_1164 1370735607 PB ieee/std_logic_arith 1370735608 \
      PB ieee/STD_LOGIC_UNSIGNED 1370735609 LB proc_common_v3_00_a \
      PB proc_common_v3_00_a/proc_common_pkg 1540408649 \
      EN proc_common_v3_00_a/srl_fifo_f 1540408753
AR mch_plbv46_slave_burst_v2_01_a/readdata_buffer/implementation 1540408780 \
      FL $XILINX/hw/XilinxProcessorIPLib/pcores/mch_plbv46_slave_burst_v2_01_a/hdl/vhdl/readdata_buffer.vhd \
      EN mch_plbv46_slave_burst_v2_01_a/readdata_buffer 1540408779 \
      CP proc_common_v3_00_a/srl_fifo_f
