EN flex_addr_cntr NULL C:/Xilinx/14.6/ISE_DS/EDK/hw/XilinxProcessorIPLib/pcores/plbv46_slave_burst_v1_01_a/hdl/vhdl/flex_addr_cntr.vhd sub00/vhpl00 1540835375
AR plb_address_decoder imp C:/Xilinx/14.6/ISE_DS/EDK/hw/XilinxProcessorIPLib/pcores/plbv46_slave_burst_v1_01_a/hdl/vhdl/plb_address_decoder.vhd sub00/vhpl05 1540835380
AR addr_reg_cntr_brst_flex implementation C:/Xilinx/14.6/ISE_DS/EDK/hw/XilinxProcessorIPLib/pcores/plbv46_slave_burst_v1_01_a/hdl/vhdl/addr_reg_cntr_brst_flex.vhd sub00/vhpl11 1540835386
EN plbv46_slave_burst NULL C:/Xilinx/14.6/ISE_DS/EDK/hw/XilinxProcessorIPLib/pcores/plbv46_slave_burst_v1_01_a/hdl/vhdl/plbv46_slave_burst.vhd sub00/vhpl16 1540835419
EN be_reset_gen NULL C:/Xilinx/14.6/ISE_DS/EDK/hw/XilinxProcessorIPLib/pcores/plbv46_slave_burst_v1_01_a/hdl/vhdl/be_reset_gen.vhd sub00/vhpl02 1540835377
AR plbv46_slave_burst implementation C:/Xilinx/14.6/ISE_DS/EDK/hw/XilinxProcessorIPLib/pcores/plbv46_slave_burst_v1_01_a/hdl/vhdl/plbv46_slave_burst.vhd sub00/vhpl17 1540835420
EN wr_buffer NULL C:/Xilinx/14.6/ISE_DS/EDK/hw/XilinxProcessorIPLib/pcores/plbv46_slave_burst_v1_01_a/hdl/vhdl/wr_buffer.vhd sub00/vhpl06 1540835381
AR burst_support implementation C:/Xilinx/14.6/ISE_DS/EDK/hw/XilinxProcessorIPLib/pcores/plbv46_slave_burst_v1_01_a/hdl/vhdl/burst_support.vhd sub00/vhpl09 1540835384
EN data_mirror_128 NULL C:/Xilinx/14.6/ISE_DS/EDK/hw/XilinxProcessorIPLib/pcores/plbv46_slave_burst_v1_01_a/hdl/vhdl/data_mirror_128.vhd sub00/vhpl14 1540835403
AR data_mirror_128 implementation C:/Xilinx/14.6/ISE_DS/EDK/hw/XilinxProcessorIPLib/pcores/plbv46_slave_burst_v1_01_a/hdl/vhdl/data_mirror_128.vhd sub00/vhpl15 1540835404
AR plb_slave_attachment implementation C:/Xilinx/14.6/ISE_DS/EDK/hw/XilinxProcessorIPLib/pcores/plbv46_slave_burst_v1_01_a/hdl/vhdl/plb_slave_attachment.vhd sub00/vhpl13 1540835402
EN plb_address_decoder NULL C:/Xilinx/14.6/ISE_DS/EDK/hw/XilinxProcessorIPLib/pcores/plbv46_slave_burst_v1_01_a/hdl/vhdl/plb_address_decoder.vhd sub00/vhpl04 1540835379
AR flex_addr_cntr implementation C:/Xilinx/14.6/ISE_DS/EDK/hw/XilinxProcessorIPLib/pcores/plbv46_slave_burst_v1_01_a/hdl/vhdl/flex_addr_cntr.vhd sub00/vhpl01 1540835376
EN plb_slave_attachment NULL C:/Xilinx/14.6/ISE_DS/EDK/hw/XilinxProcessorIPLib/pcores/plbv46_slave_burst_v1_01_a/hdl/vhdl/plb_slave_attachment.vhd sub00/vhpl12 1540835401
AR wr_buffer imp C:/Xilinx/14.6/ISE_DS/EDK/hw/XilinxProcessorIPLib/pcores/plbv46_slave_burst_v1_01_a/hdl/vhdl/wr_buffer.vhd sub00/vhpl07 1540835382
AR be_reset_gen implementation C:/Xilinx/14.6/ISE_DS/EDK/hw/XilinxProcessorIPLib/pcores/plbv46_slave_burst_v1_01_a/hdl/vhdl/be_reset_gen.vhd sub00/vhpl03 1540835378
EN burst_support NULL C:/Xilinx/14.6/ISE_DS/EDK/hw/XilinxProcessorIPLib/pcores/plbv46_slave_burst_v1_01_a/hdl/vhdl/burst_support.vhd sub00/vhpl08 1540835383
EN addr_reg_cntr_brst_flex NULL C:/Xilinx/14.6/ISE_DS/EDK/hw/XilinxProcessorIPLib/pcores/plbv46_slave_burst_v1_01_a/hdl/vhdl/addr_reg_cntr_brst_flex.vhd sub00/vhpl10 1540835385
