EN pll_module NULL C:/Xilinx/14.6/ISE_DS/EDK/hw/XilinxProcessorIPLib/pcores/clock_generator_v4_03_a/hdl/vhdl/pll_module.vhd sub00/vhpl02 1540837724
AR mmcm_module struct C:/Xilinx/14.6/ISE_DS/EDK/hw/XilinxProcessorIPLib/pcores/clock_generator_v4_03_a/hdl/vhdl/mmcm_module.vhd sub00/vhpl05 1540837727
AR plle2_module struct C:/Xilinx/14.6/ISE_DS/EDK/hw/XilinxProcessorIPLib/pcores/clock_generator_v4_03_a/hdl/vhdl/plle2_module.vhd sub00/vhpl07 1540837729
AR pll_module struct C:/Xilinx/14.6/ISE_DS/EDK/hw/XilinxProcessorIPLib/pcores/clock_generator_v4_03_a/hdl/vhdl/pll_module.vhd sub00/vhpl03 1540837725
EN dcm_module NULL C:/Xilinx/14.6/ISE_DS/EDK/hw/XilinxProcessorIPLib/pcores/clock_generator_v4_03_a/hdl/vhdl/dcm_module.vhd sub00/vhpl00 1540837722
EN plle2_module NULL C:/Xilinx/14.6/ISE_DS/EDK/hw/XilinxProcessorIPLib/pcores/clock_generator_v4_03_a/hdl/vhdl/plle2_module.vhd sub00/vhpl06 1540837728
AR dcm_module struct C:/Xilinx/14.6/ISE_DS/EDK/hw/XilinxProcessorIPLib/pcores/clock_generator_v4_03_a/hdl/vhdl/dcm_module.vhd sub00/vhpl01 1540837723
EN mmcm_module NULL C:/Xilinx/14.6/ISE_DS/EDK/hw/XilinxProcessorIPLib/pcores/clock_generator_v4_03_a/hdl/vhdl/mmcm_module.vhd sub00/vhpl04 1540837726
